18:37:02 **** Incremental Build of configuration Debug for project TEMPERATURE SENSOR ****
make -j16 all 
arm-none-eabi-size  TEMPERATURE\ SENSOR.elf 
   text	   data	    bss	    dec	    hex	filename
   7712	    100	   1924	   9736	   2608	TEMPERATURE SENSOR.elf
Finished building: default.size.stdout
 
18:37:10 **** Incremental Build of configuration Debug for project TEMPERATURE SENSOR ****
make -j16 all 
arm-none-eabi-size  TEMPERATURE\ SENSOR.elf 
   text	   data	    bss	    dec	    hex	filename
   7712	    100	   1924	   9736	   2608	TEMPERATURE SENSOR.elf
Finished building: default.size.stdout
 
18:40:23 **** Incremental Build of configuration Debug for project TEMPERATURE SENSOR ****
make -j16 all 
arm-none-eabi-size  TEMPERATURE\ SENSOR.elf 
   text	   data	    bss	    dec	    hex	filename
   7712	    100	   1924	   9736	   2608	TEMPERATURE SENSOR.elf
Finished building: default.size.stdout
 
18:41:10 **** Incremental Build of configuration Debug for project TEMPERATURE SENSOR ****
make -j16 all 
arm-none-eabi-size  TEMPERATURE\ SENSOR.elf 
   text	   data	    bss	    dec	    hex	filename
   7712	    100	   1924	   9736	   2608	TEMPERATURE SENSOR.elf
Finished building: default.size.stdout
 
18:41:56 **** Incremental Build of configuration Debug for project TEMPERATURE SENSOR ****
make -j16 all 
arm-none-eabi-size  TEMPERATURE\ SENSOR.elf 
   text	   data	    bss	    dec	    hex	filename
   7712	    100	   1924	   9736	   2608	TEMPERATURE SENSOR.elf
Finished building: default.size.stdout
 
