17:28:29 **** Incremental Build of configuration Debug for project watch ****
make -j16 all 
arm-none-eabi-gcc "../Src/main.c" -mcpu=cortex-m4 -std=gnu11 -g3 -DDEBUG -DSTM32 -DSTM32F4 -DSTM32F446RETx -DNUCLEO_F446RE -c -I../Inc -I"C:/embeddedSystem/stm32Barematel/driver_2/watch/drivers/inc" -I"C:/embeddedSystem/stm32Barematel/driver_2/watch/drivers/src" -O0 -ffunction-sections -fdata-sections -Wall -fstack-usage -fcyclomatic-complexity -MMD -MP -MF"Src/main.d" -MT"Src/main.o" --specs=nano.specs -mfpu=fpv4-sp-d16 -mfloat-abi=hard -mthumb -o "Src/main.o"
arm-none-eabi-gcc -o "watch.elf" @"objects.list"   -mcpu=cortex-m4 -T"C:\embeddedSystem\stm32Barematel\driver_2\watch\STM32F446RETX_FLASH.ld" --specs=nosys.specs -Wl,-Map="watch.map" -Wl,--gc-sections -static --specs=nano.specs -mfpu=fpv4-sp-d16 -mfloat-abi=hard -mthumb -Wl,--start-group -lc -lm -Wl,--end-group
Finished building target: watch.elf
 
arm-none-eabi-size  watch.elf 
arm-none-eabi-objdump -h -S watch.elf  > "watch.list"
   text	   data	    bss	    dec	    hex	filename
   7180	     92	   1924	   9196	   23ec	watch.elf
Finished building: default.size.stdout
 
Finished building: watch.list
 
17:28:50 **** Incremental Build of configuration Debug for project watch ****
make -j16 all 
arm-none-eabi-size  watch.elf 
   text	   data	    bss	    dec	    hex	filename
   7180	     92	   1924	   9196	   23ec	watch.elf
Finished building: default.size.stdout
 
17:30:33 **** Incremental Build of configuration Debug for project watch ****
make -j16 all 
arm-none-eabi-size  watch.elf 
   text	   data	    bss	    dec	    hex	filename
   7180	     92	   1924	   9196	   23ec	watch.elf
Finished building: default.size.stdout
 
17:34:42 **** Incremental Build of configuration Debug for project watch ****
make -j16 all 
arm-none-eabi-size  watch.elf 
   text	   data	    bss	    dec	    hex	filename
   7180	     92	   1924	   9196	   23ec	watch.elf
Finished building: default.size.stdout
 
17:40:56 **** Incremental Build of configuration Debug for project watch ****
make -j16 all 
arm-none-eabi-size  watch.elf 
   text	   data	    bss	    dec	    hex	filename
   7180	     92	   1924	   9196	   23ec	watch.elf
Finished building: default.size.stdout
 
