10:09:46 **** Build of configuration Debug for project driver_2 ****
make -j16 all 
arm-none-eabi-gcc "../drivers/src/stm32f446xx_gpio_driver.c" -mcpu=cortex-m4 -std=gnu11 -g3 -DDEBUG -DSTM32 -DSTM32F4 -DSTM32F446RETx -DNUCLEO_F446RE -c -I../Inc -I"C:/embeddedSystem/stm32Barematel/driver_2/driver_2/drivers/inc" -I"C:/embeddedSystem/stm32Barematel/driver_2/driver_2/drivers/src" -O0 -ffunction-sections -fdata-sections -Wall -fstack-usage -fcyclomatic-complexity -MMD -MP -MF"drivers/src/stm32f446xx_gpio_driver.d" -MT"drivers/src/stm32f446xx_gpio_driver.o" --specs=nano.specs -mfpu=fpv4-sp-d16 -mfloat-abi=hard -mthumb -o "drivers/src/stm32f446xx_gpio_driver.o"
arm-none-eabi-gcc "../drivers/src/tm1637.c" -mcpu=cortex-m4 -std=gnu11 -g3 -DDEBUG -DSTM32 -DSTM32F4 -DSTM32F446RETx -DNUCLEO_F446RE -c -I../Inc -I"C:/embeddedSystem/stm32Barematel/driver_2/driver_2/drivers/inc" -I"C:/embeddedSystem/stm32Barematel/driver_2/driver_2/drivers/src" -O0 -ffunction-sections -fdata-sections -Wall -fstack-usage -fcyclomatic-complexity -MMD -MP -MF"drivers/src/tm1637.d" -MT"drivers/src/tm1637.o" --specs=nano.specs -mfpu=fpv4-sp-d16 -mfloat-abi=hard -mthumb -o "drivers/src/tm1637.o"
arm-none-eabi-gcc -mcpu=cortex-m4 -g3 -DDEBUG -c -x assembler-with-cpp -MMD -MP -MF"Startup/startup_stm32f446retx.d" -MT"Startup/startup_stm32f446retx.o" --specs=nano.specs -mfpu=fpv4-sp-d16 -mfloat-abi=hard -mthumb -o "Startup/startup_stm32f446retx.o" "../Startup/startup_stm32f446retx.s"
arm-none-eabi-gcc "../Src/main.c" -mcpu=cortex-m4 -std=gnu11 -g3 -DDEBUG -DSTM32 -DSTM32F4 -DSTM32F446RETx -DNUCLEO_F446RE -c -I../Inc -I"C:/embeddedSystem/stm32Barematel/driver_2/driver_2/drivers/inc" -I"C:/embeddedSystem/stm32Barematel/driver_2/driver_2/drivers/src" -O0 -ffunction-sections -fdata-sections -Wall -fstack-usage -fcyclomatic-complexity -MMD -MP -MF"Src/main.d" -MT"Src/main.o" --specs=nano.specs -mfpu=fpv4-sp-d16 -mfloat-abi=hard -mthumb -o "Src/main.o"
arm-none-eabi-gcc "../Src/syscalls.c" -mcpu=cortex-m4 -std=gnu11 -g3 -DDEBUG -DSTM32 -DSTM32F4 -DSTM32F446RETx -DNUCLEO_F446RE -c -I../Inc -I"C:/embeddedSystem/stm32Barematel/driver_2/driver_2/drivers/inc" -I"C:/embeddedSystem/stm32Barematel/driver_2/driver_2/drivers/src" -O0 -ffunction-sections -fdata-sections -Wall -fstack-usage -fcyclomatic-complexity -MMD -MP -MF"Src/syscalls.d" -MT"Src/syscalls.o" --specs=nano.specs -mfpu=fpv4-sp-d16 -mfloat-abi=hard -mthumb -o "Src/syscalls.o"
arm-none-eabi-gcc "../Src/sysmem.c" -mcpu=cortex-m4 -std=gnu11 -g3 -DDEBUG -DSTM32 -DSTM32F4 -DSTM32F446RETx -DNUCLEO_F446RE -c -I../Inc -I"C:/embeddedSystem/stm32Barematel/driver_2/driver_2/drivers/inc" -I"C:/embeddedSystem/stm32Barematel/driver_2/driver_2/drivers/src" -O0 -ffunction-sections -fdata-sections -Wall -fstack-usage -fcyclomatic-complexity -MMD -MP -MF"Src/sysmem.d" -MT"Src/sysmem.o" --specs=nano.specs -mfpu=fpv4-sp-d16 -mfloat-abi=hard -mthumb -o "Src/sysmem.o"
arm-none-eabi-gcc -o "driver_2.elf" @"objects.list"   -mcpu=cortex-m4 -T"C:\embeddedSystem\stm32Barematel\driver_2\driver_2\STM32F446RETX_FLASH.ld" --specs=nosys.specs -Wl,-Map="driver_2.map" -Wl,--gc-sections -static --specs=nano.specs -mfpu=fpv4-sp-d16 -mfloat-abi=hard -mthumb -Wl,--start-group -lc -lm -Wl,--end-group
Finished building target: driver_2.elf
 
arm-none-eabi-size  driver_2.elf 
arm-none-eabi-objdump -h -S driver_2.elf  > "driver_2.list"
   text	   data	    bss	    dec	    hex	filename
   7180	     92	   1924	   9196	   23ec	driver_2.elf
Finished building: default.size.stdout
 
Finished building: driver_2.list
 
10:10:03 **** Incremental Build of configuration Debug for project driver_2 ****
make -j16 all 
arm-none-eabi-size  driver_2.elf 
   text	   data	    bss	    dec	    hex	filename
   7180	     92	   1924	   9196	   23ec	driver_2.elf
Finished building: default.size.stdout
 
10:12:05 **** Incremental Build of configuration Debug for project driver_2 ****
make -j16 all 
arm-none-eabi-size  driver_2.elf 
   text	   data	    bss	    dec	    hex	filename
   7180	     92	   1924	   9196	   23ec	driver_2.elf
Finished building: default.size.stdout
 
