16:40:01 **** Incremental Build of configuration Debug for project uartproj ****
make -j16 all 
arm-none-eabi-gcc "../Src/main.c" -mcpu=cortex-m4 -std=gnu11 -g3 -DDEBUG -DSTM32 -DSTM32F4 -DSTM32F446RETx -DNUCLEO_F446RE -c -I../Inc -I"C:/embeddedSystem/Embedded_Software_Project_STM32/UART_PRO/uartproj/drivers/inc" -I"C:/embeddedSystem/Embedded_Software_Project_STM32/UART_PRO/uartproj/drivers/src" -O0 -ffunction-sections -fdata-sections -Wall -fstack-usage -fcyclomatic-complexity -MMD -MP -MF"Src/main.d" -MT"Src/main.o" --specs=nano.specs -mfpu=fpv4-sp-d16 -mfloat-abi=hard -mthumb -o "Src/main.o"
arm-none-eabi-gcc -o "uartproj.elf" @"objects.list"   -mcpu=cortex-m4 -T"C:\embeddedSystem\Embedded_Software_Project_STM32\UART_PRO\uartproj\STM32F446RETX_FLASH.ld" --specs=nosys.specs -Wl,-Map="uartproj.map" -Wl,--gc-sections -static --specs=nano.specs -mfpu=fpv4-sp-d16 -mfloat-abi=hard -mthumb -Wl,--start-group -lc -lm -Wl,--end-group
Finished building target: uartproj.elf
 
arm-none-eabi-size  uartproj.elf 
arm-none-eabi-objdump -h -S uartproj.elf  > "uartproj.list"
   text	   data	    bss	    dec	    hex	filename
   3700	     20	   1580	   5300	   14b4	uartproj.elf
Finished building: default.size.stdout
 
Finished building: uartproj.list
 
16:40:27 **** Incremental Build of configuration Debug for project uartproj ****
make -j16 all 
arm-none-eabi-size  uartproj.elf 
   text	   data	    bss	    dec	    hex	filename
   3700	     20	   1580	   5300	   14b4	uartproj.elf
Finished building: default.size.stdout
 
16:43:45 **** Clean-only build of configuration Debug for project ledpushbutton ****
make -j16 clean 
rm -rf ./drivers/src/stm32f446xx_gpio_driver.cyclo ./drivers/src/stm32f446xx_gpio_driver.d ./drivers/src/stm32f446xx_gpio_driver.o ./drivers/src/stm32f446xx_gpio_driver.su
rm -rf ./Startup/startup_stm32f446retx.d ./Startup/startup_stm32f446retx.o
rm -rf ./Src/main.cyclo ./Src/main.d ./Src/main.o ./Src/main.su ./Src/syscalls.cyclo ./Src/syscalls.d ./Src/syscalls.o ./Src/syscalls.su ./Src/sysmem.cyclo ./Src/sysmem.d ./Src/sysmem.o ./Src/sysmem.su
rm -rf default.size.stdout ledpushbutton.elf ledpushbutton.list ledpushbutton.map
 
16:43:46 **** Build of configuration Debug for project ledpushbutton ****
make -j16 all 
arm-none-eabi-gcc "../drivers/src/stm32f446xx_gpio_driver.c" -mcpu=cortex-m4 -std=gnu11 -g3 -DDEBUG -DSTM32 -DSTM32F4 -DSTM32F446RETx -DNUCLEO_F446RE -c -I../Inc -I"C:/embeddedSystem/Embedded_Software_Project_STM32/LED/ledpushbutton/drivers/inc" -I"C:/embeddedSystem/Embedded_Software_Project_STM32/LED/ledpushbutton/drivers/src" -O0 -ffunction-sections -fdata-sections -Wall -fstack-usage -fcyclomatic-complexity -MMD -MP -MF"drivers/src/stm32f446xx_gpio_driver.d" -MT"drivers/src/stm32f446xx_gpio_driver.o" --specs=nano.specs -mfpu=fpv4-sp-d16 -mfloat-abi=hard -mthumb -o "drivers/src/stm32f446xx_gpio_driver.o"
arm-none-eabi-gcc -mcpu=cortex-m4 -g3 -DDEBUG -c -x assembler-with-cpp -MMD -MP -MF"Startup/startup_stm32f446retx.d" -MT"Startup/startup_stm32f446retx.o" --specs=nano.specs -mfpu=fpv4-sp-d16 -mfloat-abi=hard -mthumb -o "Startup/startup_stm32f446retx.o" "../Startup/startup_stm32f446retx.s"
arm-none-eabi-gcc "../Src/main.c" -mcpu=cortex-m4 -std=gnu11 -g3 -DDEBUG -DSTM32 -DSTM32F4 -DSTM32F446RETx -DNUCLEO_F446RE -c -I../Inc -I"C:/embeddedSystem/Embedded_Software_Project_STM32/LED/ledpushbutton/drivers/inc" -I"C:/embeddedSystem/Embedded_Software_Project_STM32/LED/ledpushbutton/drivers/src" -O0 -ffunction-sections -fdata-sections -Wall -fstack-usage -fcyclomatic-complexity -MMD -MP -MF"Src/main.d" -MT"Src/main.o" --specs=nano.specs -mfpu=fpv4-sp-d16 -mfloat-abi=hard -mthumb -o "Src/main.o"
arm-none-eabi-gcc "../Src/syscalls.c" -mcpu=cortex-m4 -std=gnu11 -g3 -DDEBUG -DSTM32 -DSTM32F4 -DSTM32F446RETx -DNUCLEO_F446RE -c -I../Inc -I"C:/embeddedSystem/Embedded_Software_Project_STM32/LED/ledpushbutton/drivers/inc" -I"C:/embeddedSystem/Embedded_Software_Project_STM32/LED/ledpushbutton/drivers/src" -O0 -ffunction-sections -fdata-sections -Wall -fstack-usage -fcyclomatic-complexity -MMD -MP -MF"Src/syscalls.d" -MT"Src/syscalls.o" --specs=nano.specs -mfpu=fpv4-sp-d16 -mfloat-abi=hard -mthumb -o "Src/syscalls.o"
arm-none-eabi-gcc "../Src/sysmem.c" -mcpu=cortex-m4 -std=gnu11 -g3 -DDEBUG -DSTM32 -DSTM32F4 -DSTM32F446RETx -DNUCLEO_F446RE -c -I../Inc -I"C:/embeddedSystem/Embedded_Software_Project_STM32/LED/ledpushbutton/drivers/inc" -I"C:/embeddedSystem/Embedded_Software_Project_STM32/LED/ledpushbutton/drivers/src" -O0 -ffunction-sections -fdata-sections -Wall -fstack-usage -fcyclomatic-complexity -MMD -MP -MF"Src/sysmem.d" -MT"Src/sysmem.o" --specs=nano.specs -mfpu=fpv4-sp-d16 -mfloat-abi=hard -mthumb -o "Src/sysmem.o"
../Src/main.c: In function 'main':
../Src/main.c:58:13: warning: implicit declaration of function 'printf' [-Wimplicit-function-declaration]
   58 |             printf("Button is pressed\r\n");
      |             ^~~~~~
../Src/main.c:21:1: note: include '<stdio.h>' or provide a declaration of 'printf'
   20 | #include "stm32f446xx_gpio_driver.h"
  +++ |+#include <stdio.h>
   21 | 
../Src/main.c:58:13: warning: incompatible implicit declaration of built-in function 'printf' [-Wbuiltin-declaration-mismatch]
   58 |             printf("Button is pressed\r\n");
      |             ^~~~~~
../Src/main.c:58:13: note: include '<stdio.h>' or provide a declaration of 'printf'
arm-none-eabi-gcc -o "ledpushbutton.elf" @"objects.list"   -mcpu=cortex-m4 -T"C:\embeddedSystem\Embedded_Software_Project_STM32\LED\ledpushbutton\STM32F446RETX_FLASH.ld" --specs=nosys.specs -Wl,-Map="ledpushbutton.map" -Wl,--gc-sections -static --specs=nano.specs -mfpu=fpv4-sp-d16 -mfloat-abi=hard -mthumb -Wl,--start-group -lc -lm -Wl,--end-group
Finished building target: ledpushbutton.elf
 
arm-none-eabi-size  ledpushbutton.elf 
arm-none-eabi-objdump -h -S ledpushbutton.elf  > "ledpushbutton.list"
   text	   data	    bss	    dec	    hex	filename
   4948	     92	   1900	   6940	   1b1c	ledpushbutton.elf
Finished building: default.size.stdout
 
Finished building: ledpushbutton.list
 
16:45:18 **** Incremental Build of configuration Debug for project uartproj ****
make -j16 all 
arm-none-eabi-size  uartproj.elf 
   text	   data	    bss	    dec	    hex	filename
   3700	     20	   1580	   5300	   14b4	uartproj.elf
Finished building: default.size.stdout
 
16:47:12 **** Clean-only build of configuration Debug for project LED_P ****
make -j16 clean 
rm -rf ./drivers/src/stm32f446xx_gpio_driver.cyclo ./drivers/src/stm32f446xx_gpio_driver.d ./drivers/src/stm32f446xx_gpio_driver.o ./drivers/src/stm32f446xx_gpio_driver.su ./drivers/src/stm32f446xx_rcc_driver.cyclo ./drivers/src/stm32f446xx_rcc_driver.d ./drivers/src/stm32f446xx_rcc_driver.o ./drivers/src/stm32f446xx_rcc_driver.su ./drivers/src/stm32f446xx_usart_driver.cyclo ./drivers/src/stm32f446xx_usart_driver.d ./drivers/src/stm32f446xx_usart_driver.o ./drivers/src/stm32f446xx_usart_driver.su
rm -rf ./Startup/startup_stm32f446retx.d ./Startup/startup_stm32f446retx.o
rm -rf ./Src/main.cyclo ./Src/main.d ./Src/main.o ./Src/main.su ./Src/syscalls.cyclo ./Src/syscalls.d ./Src/syscalls.o ./Src/syscalls.su ./Src/sysmem.cyclo ./Src/sysmem.d ./Src/sysmem.o ./Src/sysmem.su
rm -rf LED_P.elf LED_P.list LED_P.map default.size.stdout
 
16:47:13 **** Build of configuration Debug for project LED_P ****
make -j16 all 
arm-none-eabi-gcc "../drivers/src/stm32f446xx_gpio_driver.c" -mcpu=cortex-m4 -std=gnu11 -g3 -DDEBUG -DSTM32 -DSTM32F4 -DSTM32F446RETx -DNUCLEO_F446RE -c -I../Inc -I"C:/embeddedSystem/stm32Barematel/PROECT_NEW/LED_P/drivers/inc" -I"C:/embeddedSystem/stm32Barematel/PROECT_NEW/LED_P/drivers/src" -O0 -ffunction-sections -fdata-sections -Wall -fstack-usage -fcyclomatic-complexity -MMD -MP -MF"drivers/src/stm32f446xx_gpio_driver.d" -MT"drivers/src/stm32f446xx_gpio_driver.o" --specs=nano.specs -mfpu=fpv4-sp-d16 -mfloat-abi=hard -mthumb -o "drivers/src/stm32f446xx_gpio_driver.o"
arm-none-eabi-gcc "../drivers/src/stm32f446xx_rcc_driver.c" -mcpu=cortex-m4 -std=gnu11 -g3 -DDEBUG -DSTM32 -DSTM32F4 -DSTM32F446RETx -DNUCLEO_F446RE -c -I../Inc -I"C:/embeddedSystem/stm32Barematel/PROECT_NEW/LED_P/drivers/inc" -I"C:/embeddedSystem/stm32Barematel/PROECT_NEW/LED_P/drivers/src" -O0 -ffunction-sections -fdata-sections -Wall -fstack-usage -fcyclomatic-complexity -MMD -MP -MF"drivers/src/stm32f446xx_rcc_driver.d" -MT"drivers/src/stm32f446xx_rcc_driver.o" --specs=nano.specs -mfpu=fpv4-sp-d16 -mfloat-abi=hard -mthumb -o "drivers/src/stm32f446xx_rcc_driver.o"
arm-none-eabi-gcc "../drivers/src/stm32f446xx_usart_driver.c" -mcpu=cortex-m4 -std=gnu11 -g3 -DDEBUG -DSTM32 -DSTM32F4 -DSTM32F446RETx -DNUCLEO_F446RE -c -I../Inc -I"C:/embeddedSystem/stm32Barematel/PROECT_NEW/LED_P/drivers/inc" -I"C:/embeddedSystem/stm32Barematel/PROECT_NEW/LED_P/drivers/src" -O0 -ffunction-sections -fdata-sections -Wall -fstack-usage -fcyclomatic-complexity -MMD -MP -MF"drivers/src/stm32f446xx_usart_driver.d" -MT"drivers/src/stm32f446xx_usart_driver.o" --specs=nano.specs -mfpu=fpv4-sp-d16 -mfloat-abi=hard -mthumb -o "drivers/src/stm32f446xx_usart_driver.o"
arm-none-eabi-gcc -mcpu=cortex-m4 -g3 -DDEBUG -c -x assembler-with-cpp -MMD -MP -MF"Startup/startup_stm32f446retx.d" -MT"Startup/startup_stm32f446retx.o" --specs=nano.specs -mfpu=fpv4-sp-d16 -mfloat-abi=hard -mthumb -o "Startup/startup_stm32f446retx.o" "../Startup/startup_stm32f446retx.s"
arm-none-eabi-gcc "../Src/main.c" -mcpu=cortex-m4 -std=gnu11 -g3 -DDEBUG -DSTM32 -DSTM32F4 -DSTM32F446RETx -DNUCLEO_F446RE -c -I../Inc -I"C:/embeddedSystem/stm32Barematel/PROECT_NEW/LED_P/drivers/inc" -I"C:/embeddedSystem/stm32Barematel/PROECT_NEW/LED_P/drivers/src" -O0 -ffunction-sections -fdata-sections -Wall -fstack-usage -fcyclomatic-complexity -MMD -MP -MF"Src/main.d" -MT"Src/main.o" --specs=nano.specs -mfpu=fpv4-sp-d16 -mfloat-abi=hard -mthumb -o "Src/main.o"
arm-none-eabi-gcc "../Src/syscalls.c" -mcpu=cortex-m4 -std=gnu11 -g3 -DDEBUG -DSTM32 -DSTM32F4 -DSTM32F446RETx -DNUCLEO_F446RE -c -I../Inc -I"C:/embeddedSystem/stm32Barematel/PROECT_NEW/LED_P/drivers/inc" -I"C:/embeddedSystem/stm32Barematel/PROECT_NEW/LED_P/drivers/src" -O0 -ffunction-sections -fdata-sections -Wall -fstack-usage -fcyclomatic-complexity -MMD -MP -MF"Src/syscalls.d" -MT"Src/syscalls.o" --specs=nano.specs -mfpu=fpv4-sp-d16 -mfloat-abi=hard -mthumb -o "Src/syscalls.o"
arm-none-eabi-gcc "../Src/sysmem.c" -mcpu=cortex-m4 -std=gnu11 -g3 -DDEBUG -DSTM32 -DSTM32F4 -DSTM32F446RETx -DNUCLEO_F446RE -c -I../Inc -I"C:/embeddedSystem/stm32Barematel/PROECT_NEW/LED_P/drivers/inc" -I"C:/embeddedSystem/stm32Barematel/PROECT_NEW/LED_P/drivers/src" -O0 -ffunction-sections -fdata-sections -Wall -fstack-usage -fcyclomatic-complexity -MMD -MP -MF"Src/sysmem.d" -MT"Src/sysmem.o" --specs=nano.specs -mfpu=fpv4-sp-d16 -mfloat-abi=hard -mthumb -o "Src/sysmem.o"
arm-none-eabi-gcc -o "LED_P.elf" @"objects.list"   -mcpu=cortex-m4 -T"C:\embeddedSystem\stm32Barematel\PROECT_NEW\LED_P\STM32F446RETX_FLASH.ld" --specs=nosys.specs -Wl,-Map="LED_P.map" -Wl,--gc-sections -static --specs=nano.specs -mfpu=fpv4-sp-d16 -mfloat-abi=hard -mthumb -Wl,--start-group -lc -lm -Wl,--end-group
Finished building target: LED_P.elf
 
arm-none-eabi-size  LED_P.elf 
arm-none-eabi-objdump -h -S LED_P.elf  > "LED_P.list"
   text	   data	    bss	    dec	    hex	filename
   3700	     20	   1580	   5300	   14b4	LED_P.elf
Finished building: default.size.stdout
 
Finished building: LED_P.list
 
16:52:27 **** Incremental Build of configuration Debug for project uartproj ****
make -j16 all 
arm-none-eabi-size  uartproj.elf 
   text	   data	    bss	    dec	    hex	filename
   3700	     20	   1580	   5300	   14b4	uartproj.elf
Finished building: default.size.stdout
 
16:54:39 **** Incremental Build of configuration Debug for project uartproj ****
make -j16 all 
arm-none-eabi-size  uartproj.elf 
   text	   data	    bss	    dec	    hex	filename
   3700	     20	   1580	   5300	   14b4	uartproj.elf
Finished building: default.size.stdout
 
16:58:37 **** Incremental Build of configuration Debug for project uartproj ****
make -j16 all 
arm-none-eabi-size  uartproj.elf 
   text	   data	    bss	    dec	    hex	filename
   3700	     20	   1580	   5300	   14b4	uartproj.elf
Finished building: default.size.stdout
 
16:59:24 **** Incremental Build of configuration Debug for project uartproj ****
make -j16 all 
arm-none-eabi-size  uartproj.elf 
   text	   data	    bss	    dec	    hex	filename
   3700	     20	   1580	   5300	   14b4	uartproj.elf
Finished building: default.size.stdout
 
17:00:02 **** Incremental Build of configuration Debug for project uartproj ****
make -j16 all 
arm-none-eabi-size  uartproj.elf 
   text	   data	    bss	    dec	    hex	filename
   3700	     20	   1580	   5300	   14b4	uartproj.elf
Finished building: default.size.stdout
 
17:01:27 **** Incremental Build of configuration Debug for project uartproj ****
make -j16 all 
arm-none-eabi-size  uartproj.elf 
   text	   data	    bss	    dec	    hex	filename
   3700	     20	   1580	   5300	   14b4	uartproj.elf
Finished building: default.size.stdout
 
17:03:01 **** Incremental Build of configuration Debug for project uartproj ****
make -j16 all 
arm-none-eabi-size  uartproj.elf 
   text	   data	    bss	    dec	    hex	filename
   3700	     20	   1580	   5300	   14b4	uartproj.elf
Finished building: default.size.stdout
 
17:04:41 **** Incremental Build of configuration Debug for project uartproj ****
make -j16 all 
arm-none-eabi-size  uartproj.elf 
   text	   data	    bss	    dec	    hex	filename
   3700	     20	   1580	   5300	   14b4	uartproj.elf
Finished building: default.size.stdout
 
17:06:53 **** Incremental Build of configuration Debug for project uartproj ****
make -j16 all 
arm-none-eabi-size  uartproj.elf 
   text	   data	    bss	    dec	    hex	filename
   3700	     20	   1580	   5300	   14b4	uartproj.elf
Finished building: default.size.stdout
 
17:07:26 **** Incremental Build of configuration Debug for project uartproj ****
make -j16 all 
arm-none-eabi-size  uartproj.elf 
   text	   data	    bss	    dec	    hex	filename
   3700	     20	   1580	   5300	   14b4	uartproj.elf
Finished building: default.size.stdout
 
17:08:24 **** Incremental Build of configuration Debug for project uartproj ****
make -j16 all 
arm-none-eabi-size  uartproj.elf 
   text	   data	    bss	    dec	    hex	filename
   3700	     20	   1580	   5300	   14b4	uartproj.elf
Finished building: default.size.stdout
 
17:10:00 **** Incremental Build of configuration Debug for project uartproj ****
make -j16 all 
arm-none-eabi-size  uartproj.elf 
   text	   data	    bss	    dec	    hex	filename
   3700	     20	   1580	   5300	   14b4	uartproj.elf
Finished building: default.size.stdout
 
17:11:12 **** Incremental Build of configuration Debug for project uartproj ****
make -j16 all 
arm-none-eabi-size  uartproj.elf 
   text	   data	    bss	    dec	    hex	filename
   3700	     20	   1580	   5300	   14b4	uartproj.elf
Finished building: default.size.stdout
 
17:12:08 **** Incremental Build of configuration Debug for project uartproj ****
make -j16 all 
arm-none-eabi-size  uartproj.elf 
   text	   data	    bss	    dec	    hex	filename
   3700	     20	   1580	   5300	   14b4	uartproj.elf
Finished building: default.size.stdout
 
17:13:36 **** Incremental Build of configuration Debug for project uartproj ****
make -j16 all 
arm-none-eabi-size  uartproj.elf 
   text	   data	    bss	    dec	    hex	filename
   3700	     20	   1580	   5300	   14b4	uartproj.elf
Finished building: default.size.stdout
 
17:14:19 **** Incremental Build of configuration Debug for project uartproj ****
make -j16 all 
arm-none-eabi-size  uartproj.elf 
   text	   data	    bss	    dec	    hex	filename
   3700	     20	   1580	   5300	   14b4	uartproj.elf
Finished building: default.size.stdout
 
17:16:16 **** Incremental Build of configuration Debug for project uartproj ****
make -j16 all 
arm-none-eabi-size  uartproj.elf 
   text	   data	    bss	    dec	    hex	filename
   3700	     20	   1580	   5300	   14b4	uartproj.elf
Finished building: default.size.stdout
 
17:18:02 **** Incremental Build of configuration Debug for project uartproj ****
make -j16 all 
arm-none-eabi-size  uartproj.elf 
   text	   data	    bss	    dec	    hex	filename
   3700	     20	   1580	   5300	   14b4	uartproj.elf
Finished building: default.size.stdout
 
17:19:32 **** Incremental Build of configuration Debug for project uartproj ****
make -j16 all 
arm-none-eabi-size  uartproj.elf 
   text	   data	    bss	    dec	    hex	filename
   3700	     20	   1580	   5300	   14b4	uartproj.elf
Finished building: default.size.stdout
 
17:20:17 **** Incremental Build of configuration Debug for project uartproj ****
make -j16 all 
arm-none-eabi-size  uartproj.elf 
   text	   data	    bss	    dec	    hex	filename
   3700	     20	   1580	   5300	   14b4	uartproj.elf
Finished building: default.size.stdout
 
17:21:42 **** Incremental Build of configuration Debug for project uartproj ****
make -j16 all 
arm-none-eabi-size  uartproj.elf 
   text	   data	    bss	    dec	    hex	filename
   3700	     20	   1580	   5300	   14b4	uartproj.elf
Finished building: default.size.stdout
 
17:22:28 **** Incremental Build of configuration Debug for project uartproj ****
make -j16 all 
arm-none-eabi-size  uartproj.elf 
   text	   data	    bss	    dec	    hex	filename
   3700	     20	   1580	   5300	   14b4	uartproj.elf
Finished building: default.size.stdout
 
