16:43:46 **** Build of configuration Debug for project ledpushbutton ****
make -j16 all 
arm-none-eabi-gcc "../drivers/src/stm32f446xx_gpio_driver.c" -mcpu=cortex-m4 -std=gnu11 -g3 -DDEBUG -DSTM32 -DSTM32F4 -DSTM32F446RETx -DNUCLEO_F446RE -c -I../Inc -I"C:/embeddedSystem/Embedded_Software_Project_STM32/LED/ledpushbutton/drivers/inc" -I"C:/embeddedSystem/Embedded_Software_Project_STM32/LED/ledpushbutton/drivers/src" -O0 -ffunction-sections -fdata-sections -Wall -fstack-usage -fcyclomatic-complexity -MMD -MP -MF"drivers/src/stm32f446xx_gpio_driver.d" -MT"drivers/src/stm32f446xx_gpio_driver.o" --specs=nano.specs -mfpu=fpv4-sp-d16 -mfloat-abi=hard -mthumb -o "drivers/src/stm32f446xx_gpio_driver.o"
arm-none-eabi-gcc -mcpu=cortex-m4 -g3 -DDEBUG -c -x assembler-with-cpp -MMD -MP -MF"Startup/startup_stm32f446retx.d" -MT"Startup/startup_stm32f446retx.o" --specs=nano.specs -mfpu=fpv4-sp-d16 -mfloat-abi=hard -mthumb -o "Startup/startup_stm32f446retx.o" "../Startup/startup_stm32f446retx.s"
arm-none-eabi-gcc "../Src/main.c" -mcpu=cortex-m4 -std=gnu11 -g3 -DDEBUG -DSTM32 -DSTM32F4 -DSTM32F446RETx -DNUCLEO_F446RE -c -I../Inc -I"C:/embeddedSystem/Embedded_Software_Project_STM32/LED/ledpushbutton/drivers/inc" -I"C:/embeddedSystem/Embedded_Software_Project_STM32/LED/ledpushbutton/drivers/src" -O0 -ffunction-sections -fdata-sections -Wall -fstack-usage -fcyclomatic-complexity -MMD -MP -MF"Src/main.d" -MT"Src/main.o" --specs=nano.specs -mfpu=fpv4-sp-d16 -mfloat-abi=hard -mthumb -o "Src/main.o"
arm-none-eabi-gcc "../Src/syscalls.c" -mcpu=cortex-m4 -std=gnu11 -g3 -DDEBUG -DSTM32 -DSTM32F4 -DSTM32F446RETx -DNUCLEO_F446RE -c -I../Inc -I"C:/embeddedSystem/Embedded_Software_Project_STM32/LED/ledpushbutton/drivers/inc" -I"C:/embeddedSystem/Embedded_Software_Project_STM32/LED/ledpushbutton/drivers/src" -O0 -ffunction-sections -fdata-sections -Wall -fstack-usage -fcyclomatic-complexity -MMD -MP -MF"Src/syscalls.d" -MT"Src/syscalls.o" --specs=nano.specs -mfpu=fpv4-sp-d16 -mfloat-abi=hard -mthumb -o "Src/syscalls.o"
arm-none-eabi-gcc "../Src/sysmem.c" -mcpu=cortex-m4 -std=gnu11 -g3 -DDEBUG -DSTM32 -DSTM32F4 -DSTM32F446RETx -DNUCLEO_F446RE -c -I../Inc -I"C:/embeddedSystem/Embedded_Software_Project_STM32/LED/ledpushbutton/drivers/inc" -I"C:/embeddedSystem/Embedded_Software_Project_STM32/LED/ledpushbutton/drivers/src" -O0 -ffunction-sections -fdata-sections -Wall -fstack-usage -fcyclomatic-complexity -MMD -MP -MF"Src/sysmem.d" -MT"Src/sysmem.o" --specs=nano.specs -mfpu=fpv4-sp-d16 -mfloat-abi=hard -mthumb -o "Src/sysmem.o"
../Src/main.c: In function 'main':
../Src/main.c:58:13: warning: implicit declaration of function 'printf' [-Wimplicit-function-declaration]
   58 |             printf("Button is pressed\r\n");
      |             ^~~~~~
../Src/main.c:21:1: note: include '<stdio.h>' or provide a declaration of 'printf'
   20 | #include "stm32f446xx_gpio_driver.h"
  +++ |+#include <stdio.h>
   21 | 
../Src/main.c:58:13: warning: incompatible implicit declaration of built-in function 'printf' [-Wbuiltin-declaration-mismatch]
   58 |             printf("Button is pressed\r\n");
      |             ^~~~~~
../Src/main.c:58:13: note: include '<stdio.h>' or provide a declaration of 'printf'
arm-none-eabi-gcc -o "ledpushbutton.elf" @"objects.list"   -mcpu=cortex-m4 -T"C:\embeddedSystem\Embedded_Software_Project_STM32\LED\ledpushbutton\STM32F446RETX_FLASH.ld" --specs=nosys.specs -Wl,-Map="ledpushbutton.map" -Wl,--gc-sections -static --specs=nano.specs -mfpu=fpv4-sp-d16 -mfloat-abi=hard -mthumb -Wl,--start-group -lc -lm -Wl,--end-group
Finished building target: ledpushbutton.elf
 
arm-none-eabi-size  ledpushbutton.elf 
arm-none-eabi-objdump -h -S ledpushbutton.elf  > "ledpushbutton.list"
   text	   data	    bss	    dec	    hex	filename
   4948	     92	   1900	   6940	   1b1c	ledpushbutton.elf
Finished building: default.size.stdout
 
Finished building: ledpushbutton.list
 

16:43:47 Build Finished. 0 errors, 2 warnings. (took 1s.88ms)

