16:50:14 **** Build of configuration Debug for project ADC_Temperature ****
make -j16 all 
arm-none-eabi-gcc -mcpu=cortex-m4 -g3 -DDEBUG -c -x assembler-with-cpp -MMD -MP -MF"Startup/startup_stm32f446retx.d" -MT"Startup/startup_stm32f446retx.o" --specs=nano.specs -mfpu=fpv4-sp-d16 -mfloat-abi=hard -mthumb -o "Startup/startup_stm32f446retx.o" "../Startup/startup_stm32f446retx.s"
arm-none-eabi-gcc "../Src/main.c" -mcpu=cortex-m4 -std=gnu11 -g3 -DDEBUG -DSTM32 -DSTM32F4 -DSTM32F446RETx -DNUCLEO_F446RE -c -I../Inc -O0 -ffunction-sections -fdata-sections -Wall -fstack-usage -fcyclomatic-complexity -MMD -MP -MF"Src/main.d" -MT"Src/main.o" --specs=nano.specs -mfpu=fpv4-sp-d16 -mfloat-abi=hard -mthumb -o "Src/main.o"
arm-none-eabi-gcc "../Src/syscalls.c" -mcpu=cortex-m4 -std=gnu11 -g3 -DDEBUG -DSTM32 -DSTM32F4 -DSTM32F446RETx -DNUCLEO_F446RE -c -I../Inc -O0 -ffunction-sections -fdata-sections -Wall -fstack-usage -fcyclomatic-complexity -MMD -MP -MF"Src/syscalls.d" -MT"Src/syscalls.o" --specs=nano.specs -mfpu=fpv4-sp-d16 -mfloat-abi=hard -mthumb -o "Src/syscalls.o"
arm-none-eabi-gcc "../Src/sysmem.c" -mcpu=cortex-m4 -std=gnu11 -g3 -DDEBUG -DSTM32 -DSTM32F4 -DSTM32F446RETx -DNUCLEO_F446RE -c -I../Inc -O0 -ffunction-sections -fdata-sections -Wall -fstack-usage -fcyclomatic-complexity -MMD -MP -MF"Src/sysmem.d" -MT"Src/sysmem.o" --specs=nano.specs -mfpu=fpv4-sp-d16 -mfloat-abi=hard -mthumb -o "Src/sysmem.o"
arm-none-eabi-gcc -o "ADC_Temperature.elf" @"objects.list"   -mcpu=cortex-m4 -T"C:\embeddedSystem\stm32Barematel\ADCtemperature\ADC_Temperature\STM32F446RETX_FLASH.ld" --specs=nosys.specs -Wl,-Map="ADC_Temperature.map" -Wl,--gc-sections -static --specs=nano.specs -mfpu=fpv4-sp-d16 -mfloat-abi=hard -mthumb -Wl,--start-group -lc -lm -Wl,--end-group
Finished building target: ADC_Temperature.elf
 
arm-none-eabi-size  ADC_Temperature.elf 
arm-none-eabi-objdump -h -S ADC_Temperature.elf  > "ADC_Temperature.list"
   text	   data	    bss	    dec	    hex	filename
   5352	     92	   1900	   7344	   1cb0	ADC_Temperature.elf
Finished building: default.size.stdout
 
Finished building: ADC_Temperature.list
 

16:50:15 Build Finished. 0 errors, 0 warnings. (took 740ms)

16:51:02 **** Incremental Build of configuration Debug for project ADC_Temperature ****
make -j16 all 
arm-none-eabi-size  ADC_Temperature.elf 
   text	   data	    bss	    dec	    hex	filename
   5352	     92	   1900	   7344	   1cb0	ADC_Temperature.elf
Finished building: default.size.stdout
 
10:23:03 **** Incremental Build of configuration Debug for project ADC_Temperature ****
make -j16 all 
arm-none-eabi-size  ADC_Temperature.elf 
   text	   data	    bss	    dec	    hex	filename
   5352	     92	   1900	   7344	   1cb0	ADC_Temperature.elf
Finished building: default.size.stdout
 
10:29:42 **** Incremental Build of configuration Debug for project ADC_Temperature ****
make -j16 all 
arm-none-eabi-size  ADC_Temperature.elf 
   text	   data	    bss	    dec	    hex	filename
   5352	     92	   1900	   7344	   1cb0	ADC_Temperature.elf
Finished building: default.size.stdout
 
11:12:43 **** Incremental Build of configuration Debug for project ADC_Temperature ****
make -j16 all 
arm-none-eabi-size  ADC_Temperature.elf 
   text	   data	    bss	    dec	    hex	filename
   5352	     92	   1900	   7344	   1cb0	ADC_Temperature.elf
Finished building: default.size.stdout
 
11:13:32 **** Incremental Build of configuration Debug for project ADC_Temperature ****
make -j16 all 
arm-none-eabi-size  ADC_Temperature.elf 
   text	   data	    bss	    dec	    hex	filename
   5352	     92	   1900	   7344	   1cb0	ADC_Temperature.elf
Finished building: default.size.stdout
 
11:13:54 **** Incremental Build of configuration Debug for project ADC_Temperature ****
make -j16 all 
arm-none-eabi-size  ADC_Temperature.elf 
   text	   data	    bss	    dec	    hex	filename
   5352	     92	   1900	   7344	   1cb0	ADC_Temperature.elf
Finished building: default.size.stdout
 
