2026-05-31 10:00:19,888 [INFO] Activator:176 - 


2026-05-31 10:00:19,895 [INFO] Activator:177 - !SESSION log4j initialized
2026-05-31 10:00:30,523 [INFO] LogOutputStream:77 - [STDOUT_REDIRECT] 
2026-05-31 10:00:32,972 [INFO] ApplicationProperties:184 - Using Application install path: C:\ST\STM32CubeIDE_1.18.1\STM32CubeIDE\plugins\com.st.stm32cube.common.mx_6.14.1.202504091515
2026-05-31 10:00:33,032 [INFO] DbMcusXml:78 - Set database path to: C:\ST\STM32CubeIDE_1.18.1\STM32CubeIDE\plugins\com.st.stm32cube.common.mx_6.14.1.202504091515\\db\/mcu/
2026-05-31 10:00:33,032 [INFO] ApiDb:274 - Set plugin database path to: C:\ST\STM32CubeIDE_1.18.1\STM32CubeIDE\plugins\com.st.stm32cube.common.mx_6.14.1.202504091515\\db\/plugins/boardmanager/
2026-05-31 10:00:33,034 [WARN] ApiDb:259 - Overriding images path with different value:  => C:\ST\STM32CubeIDE_1.18.1\STM32CubeIDE\plugins\com.st.stm32cube.common.mx_6.14.1.202504091515\\db\/plugins/mcufinder/images/
2026-05-31 10:00:33,059 [INFO] ApiDb:250 - Set database path to: C:\Users\NIVYA\.stmcufinder\plugins\mcufinder//mcu/
2026-05-31 10:00:33,063 [INFO] DbMcusAds:125 - Set database path to: C:\Users\NIVYA\.stmcufinder\plugins\mcufinder//mcu/
2026-05-31 10:00:33,073 [INFO] CrossReferenceDbSqlite:203 - Set database path to: C:\Users\NIVYA\.stmcufinder\plugins\mcufinder//mcu/cs/
2026-05-31 10:00:33,545 [INFO] RulesReader:64 - Compatibility file has been processed (302 Rules)
2026-05-31 10:00:33,758 [INFO] DbMcusXml:78 - Set database path to: C:\ST\STM32CubeIDE_1.18.1\STM32CubeIDE\plugins\com.st.stm32cube.common.mx_6.14.1.202504091515\\db\/mcu/
2026-05-31 10:00:33,758 [INFO] ApiDb:274 - Set plugin database path to: C:\ST\STM32CubeIDE_1.18.1\STM32CubeIDE\plugins\com.st.stm32cube.common.mx_6.14.1.202504091515\\db\/plugins/boardmanager/
2026-05-31 10:00:33,758 [INFO] ApiDb:261 - Set plugin images path to: C:\ST\STM32CubeIDE_1.18.1\STM32CubeIDE\plugins\com.st.stm32cube.common.mx_6.14.1.202504091515\\db\/plugins/mcufinder/images/
2026-05-31 10:00:33,759 [WARN] DbFile:41 - Overriding database path with different value: C:\Users\NIVYA\.stmcufinder\plugins\mcufinder/ => C:\Users\NIVYA\.stmcufinder\plugins\mcufinder
2026-05-31 10:00:33,759 [INFO] ApiDb:250 - Set database path to: C:\Users\NIVYA\.stmcufinder\plugins\mcufinder//mcu/
2026-05-31 10:00:33,759 [WARN] DbFile:41 - Overriding database path with different value: C:\Users\NIVYA\.stmcufinder\plugins\mcufinder/ => C:\Users\NIVYA\.stmcufinder\plugins\mcufinder
2026-05-31 10:00:33,759 [INFO] DbMcusAds:125 - Set database path to: C:\Users\NIVYA\.stmcufinder\plugins\mcufinder//mcu/
2026-05-31 10:00:33,759 [WARN] DbFile:41 - Overriding database path with different value: C:\Users\NIVYA\.stmcufinder\plugins\mcufinder/ => C:\Users\NIVYA\.stmcufinder\plugins\mcufinder
2026-05-31 10:00:33,759 [WARN] DbFile:41 - Overriding database path with different value: C:\Users\NIVYA\.stmcufinder\plugins\mcufinder/ => C:\Users\NIVYA\.stmcufinder\plugins\mcufinder
2026-05-31 10:00:33,760 [INFO] CrossReferenceDbSqlite:203 - Set database path to: C:\Users\NIVYA\.stmcufinder\plugins\mcufinder//mcu/cs/
2026-05-31 10:00:33,936 [INFO] MainPanel:272 - HeapMemory: 268435456
2026-05-31 10:00:34,105 [INFO] DbMcusXml:78 - Set database path to: C:\ST\STM32CubeIDE_1.18.1\STM32CubeIDE\plugins\com.st.stm32cube.common.mx_6.14.1.202504091515\\db\/mcu/
2026-05-31 10:00:34,105 [INFO] ApiDb:274 - Set plugin database path to: C:\ST\STM32CubeIDE_1.18.1\STM32CubeIDE\plugins\com.st.stm32cube.common.mx_6.14.1.202504091515\\db\/plugins/boardmanager/
2026-05-31 10:00:34,105 [INFO] ApiDb:261 - Set plugin images path to: C:\ST\STM32CubeIDE_1.18.1\STM32CubeIDE\plugins\com.st.stm32cube.common.mx_6.14.1.202504091515\\db\/plugins/mcufinder/images/
2026-05-31 10:00:34,106 [WARN] DbFile:41 - Overriding database path with different value: C:\Users\NIVYA\.stmcufinder\plugins\mcufinder/ => C:\Users\NIVYA\.stmcufinder\plugins\mcufinder
2026-05-31 10:00:34,106 [INFO] ApiDb:250 - Set database path to: C:\Users\NIVYA\.stmcufinder\plugins\mcufinder//mcu/
2026-05-31 10:00:34,106 [WARN] DbFile:41 - Overriding database path with different value: C:\Users\NIVYA\.stmcufinder\plugins\mcufinder/ => C:\Users\NIVYA\.stmcufinder\plugins\mcufinder
2026-05-31 10:00:34,106 [INFO] DbMcusAds:125 - Set database path to: C:\Users\NIVYA\.stmcufinder\plugins\mcufinder//mcu/
2026-05-31 10:00:34,106 [WARN] DbFile:41 - Overriding database path with different value: C:\Users\NIVYA\.stmcufinder\plugins\mcufinder/ => C:\Users\NIVYA\.stmcufinder\plugins\mcufinder
2026-05-31 10:00:34,106 [WARN] DbFile:41 - Overriding database path with different value: C:\Users\NIVYA\.stmcufinder\plugins\mcufinder/ => C:\Users\NIVYA\.stmcufinder\plugins\mcufinder
2026-05-31 10:00:34,106 [INFO] CrossReferenceDbSqlite:203 - Set database path to: C:\Users\NIVYA\.stmcufinder\plugins\mcufinder//mcu/cs/
2026-05-31 10:00:34,133 [INFO] ApplicationProperties:184 - Using Application install path: C:\ST\STM32CubeIDE_1.18.1\STM32CubeIDE\plugins\com.st.stm32cube.common.mx_6.14.1.202504091515
2026-05-31 10:00:34,135 [INFO] PluginManage:196 - Search for loadable plugins [exclusion list=, ]
2026-05-31 10:00:34,137 [INFO] PluginManage:310 - Check plugin analytics
2026-05-31 10:00:34,541 [INFO] AnalyticsPlugin:253 - Accepted Software Licenses: STM32CubeMX.6.16.0,STM32CubeMX.6.14.1
2026-05-31 10:00:34,542 [INFO] AnalyticsPlugin:255 - Accepted CMSIS Pack Licenses: 
2026-05-31 10:00:34,542 [INFO] AnalyticsPlugin:257 - Accepted Firmware Licenses: FW.F4.1.28.0
2026-05-31 10:00:34,553 [INFO] PluginManage:359 - Loaded plugin analytics (category:tool,tabindex:-1)
2026-05-31 10:00:34,554 [INFO] PluginManage:310 - Check plugin cadmodel
2026-05-31 10:00:34,568 [INFO] CADModel:105 - Init CAD model plugin
2026-05-31 10:00:34,568 [INFO] PluginManage:359 - Loaded plugin cadmodel (category:power,tabindex:5)
2026-05-31 10:00:34,569 [INFO] PluginManage:310 - Check plugin clock
2026-05-31 10:00:34,595 [INFO] PluginManage:359 - Loaded plugin clock (category:base,tabindex:2)
2026-05-31 10:00:34,596 [INFO] PluginManage:310 - Check plugin ddr
2026-05-31 10:00:34,605 [INFO] PluginManage:359 - Loaded plugin ddr (category:tool,tabindex:6)
2026-05-31 10:00:34,605 [INFO] PluginManage:310 - Check plugin filemanager
2026-05-31 10:00:34,874 [INFO] PluginManage:359 - Loaded plugin filemanager (category:base,tabindex:10)
2026-05-31 10:00:34,875 [INFO] PluginManage:310 - Check plugin ipmanager
2026-05-31 10:00:34,887 [INFO] PluginManage:359 - Loaded plugin ipmanager (category:base,tabindex:5)
2026-05-31 10:00:34,887 [INFO] PluginManage:310 - Check plugin lpbam
2026-05-31 10:00:34,904 [INFO] PluginManage:359 - Loaded plugin lpbam (category:base,tabindex:0)
2026-05-31 10:00:34,904 [INFO] PluginManage:310 - Check plugin memorymap
2026-05-31 10:00:34,929 [INFO] PluginManage:359 - Loaded plugin memorymap (category:base,tabindex:4)
2026-05-31 10:00:34,929 [INFO] PluginManage:310 - Check plugin pinoutandconfiguration
2026-05-31 10:00:34,944 [INFO] PluginManage:359 - Loaded plugin pinoutandconfiguration (category:base,tabindex:1)
2026-05-31 10:00:34,945 [INFO] PluginManage:310 - Check plugin pinoutconfig
2026-05-31 10:00:35,135 [WARN] SupportedApi:132 - Cannot load RTOS API schema: s4s-elt-must-match.1: The content of 'definitions' must match (annotation?, (simpleType | complexType)?, (unique | key | keyref)*)). A problem was found starting at: attribute.
2026-05-31 10:00:35,352 [INFO] PluginManage:359 - Loaded plugin pinoutconfig (category:base,tabindex:0)
2026-05-31 10:00:35,352 [INFO] PluginManage:310 - Check plugin power
2026-05-31 10:00:35,367 [INFO] PluginManage:359 - Loaded plugin power (category:power,tabindex:4)
2026-05-31 10:00:35,368 [INFO] PluginManage:310 - Check plugin projectmanager
2026-05-31 10:00:35,395 [INFO] PluginManage:359 - Loaded plugin projectmanager (category:projectmanager,tabindex:4)
2026-05-31 10:00:35,396 [INFO] PluginManage:310 - Check plugin rif
2026-05-31 10:00:35,411 [INFO] PluginManage:359 - Loaded plugin rif (category:base,tabindex:3)
2026-05-31 10:00:35,412 [INFO] PluginManage:310 - Check plugin thirdparty
2026-05-31 10:00:35,650 [INFO] PluginManage:359 - Loaded plugin thirdparty (category:base,tabindex:-1)
2026-05-31 10:00:35,650 [WARN] IntegrityCheckThread:84 - waiting for thirdparty lock release [integrity check]
2026-05-31 10:00:35,651 [INFO] PluginManage:310 - Check plugin tools
2026-05-31 10:00:35,651 [INFO] IntegrityCheckThread:86 - entering critical section [integrity check]
2026-05-31 10:00:35,652 [INFO] ThirdPartyUpdaterWithRetryManager:70 - Updater plugin not ready yet. [1/15]
2026-05-31 10:00:35,661 [INFO] PluginManage:359 - Loaded plugin tools (category:base,tabindex:7)
2026-05-31 10:00:35,661 [INFO] PluginManage:310 - Check plugin tutovideos
2026-05-31 10:00:35,914 [INFO] PluginManage:359 - Loaded plugin tutovideos (category:base,tabindex:-1)
2026-05-31 10:00:35,914 [INFO] PluginManage:310 - Check plugin updater
2026-05-31 10:00:35,952 [INFO] PluginManage:359 - Loaded plugin updater (category:base,tabindex:12)
2026-05-31 10:00:35,952 [INFO] PluginManage:310 - Check plugin userauth
2026-05-31 10:00:35,960 [INFO] UserAuth:118 - Init User Auth plugin
2026-05-31 10:00:35,961 [INFO] PluginManage:359 - Loaded plugin userauth (category:base,tabindex:14)
2026-05-31 10:00:35,961 [INFO] PluginManage:283 - PluginManage : Loaded plugins [18]
2026-05-31 10:00:36,374 [INFO] PinOutPanel:1589 - setPackage(No Configuration,No Configuration)
2026-05-31 10:00:36,508 [INFO] CADModel:165 - CPN selected for project level
2026-05-31 10:00:36,508 [INFO] CADModel:114 - Register for checkConnection events
2026-05-31 10:00:36,535 [INFO] IPUIPlugin:80 - create IPUIPlugin
2026-05-31 10:00:36,535 [INFO] PluginManager:220 - loadIPPluginJar : add adc
2026-05-31 10:00:36,540 [INFO] IPUIPlugin:80 - create IPUIPlugin
2026-05-31 10:00:36,540 [INFO] PluginManager:220 - loadIPPluginJar : add aes
2026-05-31 10:00:36,544 [INFO] IPUIPlugin:80 - create IPUIPlugin
2026-05-31 10:00:36,545 [INFO] PluginManager:220 - loadIPPluginJar : add can
2026-05-31 10:00:36,547 [INFO] IPUIPlugin:80 - create IPUIPlugin
2026-05-31 10:00:36,547 [INFO] PluginManager:220 - loadIPPluginJar : add comp
2026-05-31 10:00:36,552 [INFO] IPUIPlugin:80 - create IPUIPlugin
2026-05-31 10:00:36,552 [INFO] PluginManager:220 - loadIPPluginJar : add cryp
2026-05-31 10:00:36,557 [INFO] IPUIPlugin:80 - create IPUIPlugin
2026-05-31 10:00:36,557 [INFO] PluginManager:220 - loadIPPluginJar : add ddr_ctrl_phy
2026-05-31 10:00:36,561 [INFO] IPUIPlugin:80 - create IPUIPlugin
2026-05-31 10:00:36,561 [INFO] PluginManager:220 - loadIPPluginJar : add dfsdm
2026-05-31 10:00:36,570 [INFO] IPUIPlugin:80 - create IPUIPlugin
2026-05-31 10:00:36,571 [INFO] PluginManager:220 - loadIPPluginJar : add dma
2026-05-31 10:00:36,575 [INFO] IPUIPlugin:80 - create IPUIPlugin
2026-05-31 10:00:36,576 [INFO] PluginManager:220 - loadIPPluginJar : add dma3
2026-05-31 10:00:36,580 [INFO] IPUIPlugin:80 - create IPUIPlugin
2026-05-31 10:00:36,580 [INFO] PluginManager:220 - loadIPPluginJar : add extmemmanager
2026-05-31 10:00:36,582 [INFO] IPUIPlugin:80 - create IPUIPlugin
2026-05-31 10:00:36,582 [INFO] PluginManager:220 - loadIPPluginJar : add fatfs
2026-05-31 10:00:36,589 [INFO] IPUIPlugin:80 - create IPUIPlugin
2026-05-31 10:00:36,589 [INFO] PluginManager:220 - loadIPPluginJar : add fmc
2026-05-31 10:00:36,599 [INFO] IPUIPlugin:80 - create IPUIPlugin
2026-05-31 10:00:36,599 [INFO] PluginManager:220 - loadIPPluginJar : add freertos
2026-05-31 10:00:36,602 [INFO] IPUIPlugin:80 - create IPUIPlugin
2026-05-31 10:00:36,602 [INFO] PluginManager:220 - loadIPPluginJar : add genericplugin
2026-05-31 10:00:36,606 [INFO] IPUIPlugin:80 - create IPUIPlugin
2026-05-31 10:00:36,606 [INFO] PluginManager:220 - loadIPPluginJar : add gfxmmu
2026-05-31 10:00:36,613 [INFO] IPUIPlugin:80 - create IPUIPlugin
2026-05-31 10:00:36,613 [INFO] PluginManager:220 - loadIPPluginJar : add gic
2026-05-31 10:00:36,620 [INFO] IPUIPlugin:80 - create IPUIPlugin
2026-05-31 10:00:36,620 [INFO] PluginManager:220 - loadIPPluginJar : add gpio
2026-05-31 10:00:36,625 [INFO] IPUIPlugin:80 - create IPUIPlugin
2026-05-31 10:00:36,626 [INFO] PluginManager:220 - loadIPPluginJar : add gtzc
2026-05-31 10:00:36,630 [INFO] IPUIPlugin:80 - create IPUIPlugin
2026-05-31 10:00:36,630 [INFO] PluginManager:220 - loadIPPluginJar : add hash
2026-05-31 10:00:36,635 [INFO] IPUIPlugin:80 - create IPUIPlugin
2026-05-31 10:00:36,636 [INFO] PluginManager:220 - loadIPPluginJar : add i2c
2026-05-31 10:00:36,640 [INFO] IPUIPlugin:80 - create IPUIPlugin
2026-05-31 10:00:36,640 [INFO] PluginManager:220 - loadIPPluginJar : add i2s
2026-05-31 10:00:36,644 [INFO] IPUIPlugin:80 - create IPUIPlugin
2026-05-31 10:00:36,645 [INFO] PluginManager:220 - loadIPPluginJar : add i3c
2026-05-31 10:00:36,650 [INFO] IPUIPlugin:80 - create IPUIPlugin
2026-05-31 10:00:36,650 [INFO] PluginManager:220 - loadIPPluginJar : add ipddr
2026-05-31 10:00:36,663 [INFO] IPUIPlugin:80 - create IPUIPlugin
2026-05-31 10:00:36,663 [INFO] PluginManager:220 - loadIPPluginJar : add linkedlist
2026-05-31 10:00:36,669 [INFO] IPUIPlugin:80 - create IPUIPlugin
2026-05-31 10:00:36,669 [INFO] PluginManager:220 - loadIPPluginJar : add lorawan
2026-05-31 10:00:36,672 [INFO] IPUIPlugin:80 - create IPUIPlugin
2026-05-31 10:00:36,673 [INFO] PluginManager:220 - loadIPPluginJar : add ltdc
2026-05-31 10:00:36,682 [INFO] IPUIPlugin:80 - create IPUIPlugin
2026-05-31 10:00:36,683 [INFO] PluginManager:220 - loadIPPluginJar : add mdma
2026-05-31 10:00:36,689 [INFO] IPUIPlugin:80 - create IPUIPlugin
2026-05-31 10:00:36,689 [INFO] PluginManager:220 - loadIPPluginJar : add nvic
2026-05-31 10:00:36,693 [INFO] IPUIPlugin:80 - create IPUIPlugin
2026-05-31 10:00:36,694 [INFO] PluginManager:220 - loadIPPluginJar : add opamp
2026-05-31 10:00:36,699 [INFO] IPUIPlugin:80 - create IPUIPlugin
2026-05-31 10:00:36,699 [INFO] PluginManager:220 - loadIPPluginJar : add openamp
2026-05-31 10:00:36,703 [INFO] IPUIPlugin:80 - create IPUIPlugin
2026-05-31 10:00:36,703 [INFO] PluginManager:220 - loadIPPluginJar : add pdm2pcm
2026-05-31 10:00:36,712 [INFO] IPUIPlugin:80 - create IPUIPlugin
2026-05-31 10:00:36,715 [INFO] PluginManager:220 - loadIPPluginJar : add plateformsettings
2026-05-31 10:00:36,717 [INFO] IPUIPlugin:80 - create IPUIPlugin
2026-05-31 10:00:36,717 [INFO] PluginManager:220 - loadIPPluginJar : add quadspi
2026-05-31 10:00:36,721 [INFO] IPUIPlugin:80 - create IPUIPlugin
2026-05-31 10:00:36,721 [INFO] PluginManager:220 - loadIPPluginJar : add radio
2026-05-31 10:00:36,728 [INFO] IPUIPlugin:80 - create IPUIPlugin
2026-05-31 10:00:36,728 [INFO] PluginManager:220 - loadIPPluginJar : add resmgrutility
2026-05-31 10:00:36,732 [INFO] IPUIPlugin:80 - create IPUIPlugin
2026-05-31 10:00:36,733 [INFO] PluginManager:220 - loadIPPluginJar : add sai
2026-05-31 10:00:36,737 [INFO] IPUIPlugin:80 - create IPUIPlugin
2026-05-31 10:00:36,737 [INFO] PluginManager:220 - loadIPPluginJar : add spi
2026-05-31 10:00:36,745 [INFO] IPUIPlugin:80 - create IPUIPlugin
2026-05-31 10:00:36,745 [INFO] PluginManager:220 - loadIPPluginJar : add stm32_wpan
2026-05-31 10:00:36,748 [INFO] IPUIPlugin:80 - create IPUIPlugin
2026-05-31 10:00:36,748 [INFO] PluginManager:220 - loadIPPluginJar : add tim
2026-05-31 10:00:36,755 [INFO] IPUIPlugin:80 - create IPUIPlugin
2026-05-31 10:00:36,755 [INFO] PluginManager:220 - loadIPPluginJar : add touchsensing
2026-05-31 10:00:36,759 [INFO] IPUIPlugin:80 - create IPUIPlugin
2026-05-31 10:00:36,759 [INFO] PluginManager:220 - loadIPPluginJar : add tracer_emb
2026-05-31 10:00:36,761 [INFO] IPUIPlugin:80 - create IPUIPlugin
2026-05-31 10:00:36,761 [INFO] PluginManager:220 - loadIPPluginJar : add ts
2026-05-31 10:00:36,763 [INFO] IPUIPlugin:80 - create IPUIPlugin
2026-05-31 10:00:36,763 [INFO] PluginManager:220 - loadIPPluginJar : add tsc
2026-05-31 10:00:36,766 [INFO] IPUIPlugin:80 - create IPUIPlugin
2026-05-31 10:00:36,766 [INFO] PluginManager:220 - loadIPPluginJar : add ucpd
2026-05-31 10:00:36,770 [INFO] IPUIPlugin:80 - create IPUIPlugin
2026-05-31 10:00:36,770 [INFO] PluginManager:220 - loadIPPluginJar : add usart
2026-05-31 10:00:36,775 [INFO] IPUIPlugin:80 - create IPUIPlugin
2026-05-31 10:00:36,775 [INFO] PluginManager:220 - loadIPPluginJar : add usbx
2026-05-31 10:00:36,955 [FATAL] Updater:351 - Updater called before beeing initialized
2026-05-31 10:00:36,981 [INFO] RulesReader:64 - Compatibility file has been processed (302 Rules)
2026-05-31 10:00:36,994 [INFO] RulesReader:64 - Compatibility file has been processed (302 Rules)
2026-05-31 10:00:37,012 [INFO] CADModel:165 - CPN selected for project level
2026-05-31 10:00:37,013 [INFO] CADModel:114 - Register for checkConnection events
2026-05-31 10:00:37,013 [FATAL] Updater:351 - Updater called before beeing initialized
2026-05-31 10:00:37,013 [ERROR] CADModel:125 - Updater not yet initialized, retry later 
2026-05-31 10:00:37,392 [FATAL] Updater:351 - Updater called before beeing initialized
2026-05-31 10:00:37,396 [INFO] CADModel:165 - CPN selected for project level
2026-05-31 10:00:37,396 [INFO] CADModel:114 - Register for checkConnection events
2026-05-31 10:00:37,397 [FATAL] Updater:351 - Updater called before beeing initialized
2026-05-31 10:00:37,397 [ERROR] CADModel:125 - Updater not yet initialized, retry later 
2026-05-31 10:00:37,406 [FATAL] Updater:351 - Updater called before beeing initialized
2026-05-31 10:00:37,706 [FATAL] Updater:351 - Updater called before beeing initialized
2026-05-31 10:00:37,711 [INFO] DbMcusAds:53 - JSON generation date=Thu May 28 21:38:17 IST 2026 (1779984497073)
2026-05-31 10:00:37,712 [FATAL] Updater:351 - Updater called before beeing initialized
2026-05-31 10:00:37,760 [WARN] DetailPanel:346 - Failed to get advertising image, set to default
2026-05-31 10:00:38,040 [FATAL] Updater:351 - Updater called before beeing initialized
2026-05-31 10:00:38,045 [FATAL] Updater:351 - Updater called before beeing initialized
2026-05-31 10:00:38,045 [FATAL] Updater:351 - Updater called before beeing initialized
2026-05-31 10:00:38,045 [WARN] DetailPanel:346 - Failed to get advertising image, set to default
2026-05-31 10:00:38,046 [FATAL] Updater:351 - Updater called before beeing initialized
2026-05-31 10:00:38,114 [ERROR] Updater:1198 - MainUpdater not yet initialized. External WinMGr cannot be set.
2026-05-31 10:00:38,117 [INFO] Updater:1134 - Updater Version found : 6.14.1
2026-05-31 10:00:38,141 [INFO] ApplicationProperties:184 - Using Application install path: C:\ST\STM32CubeIDE_1.18.1\STM32CubeIDE\plugins\com.st.stm32cube.common.mx_6.14.1.202504091515
2026-05-31 10:00:38,654 [INFO] ThirdPartyUpdaterWithRetryManager:70 - Updater plugin not ready yet. [2/15]
2026-05-31 10:00:39,729 [ERROR] LogOutputStream:75 - [STDERR_REDIRECT] May 31, 2026 10:00:39 AM java.util.prefs.WindowsPreferences <init>
2026-05-31 10:00:39,730 [ERROR] LogOutputStream:75 - [STDERR_REDIRECT] WARNING: Could not open/create prefs root node Software\JavaSoft\Prefs at root 0xffffffff80000002. Windows RegCreateKeyEx(...) returned error code 5.
2026-05-31 10:00:39,731 [ERROR] LogOutputStream:75 - [STDERR_REDIRECT] 
2026-05-31 10:00:40,333 [INFO] MainUpdater:2872 - connection check result : 10
2026-05-31 10:00:40,334 [INFO] MainUpdater:289 - Updater Check For Update Now.
2026-05-31 10:00:40,334 [INFO] MicroXplorer:498 - Change Database Version : DB.6.0.141
2026-05-31 10:00:40,373 [INFO] McuFinderGlobals:63 - Set McuFinder mode to 2 (CubeIDE integrated)
2026-05-31 10:00:40,374 [INFO] UserAuth:171 - activating auth plugin
2026-05-31 10:00:40,380 [INFO] UserAuth:484 - Internet connection configuration mode: 1
2026-05-31 10:00:40,456 [INFO] JxBrowserEngine:152 - Initiate JxBrowser Engine with user profile folder
2026-05-31 10:00:40,633 [INFO] CheckServerUpdateThread:120 - End of CheckServer Thread
2026-05-31 10:00:42,154 [WARN] PackLoader:240 - Cannot read IP mode file for STMicroelectronics.X-CUBE-AZRTOS-H7.3.5.0
2026-05-31 10:00:42,210 [WARN] PackLoader:240 - Cannot read IP mode file for STMicroelectronics.FP-SNS-MOTENVWB1.1.4.0
2026-05-31 10:00:42,222 [WARN] PackLoader:240 - Cannot read IP mode file for STMicroelectronics.FP-ATR-ASTRA1.2.0.2
2026-05-31 10:00:42,243 [WARN] PackLoader:240 - Cannot read IP mode file for STMicroelectronics.X-CUBE-SMBUS.2.1.0
2026-05-31 10:00:42,305 [WARN] PackLoader:240 - Cannot read IP mode file for STMicroelectronics.X-CUBE-AZRTOS-F7.1.1.0
2026-05-31 10:00:42,354 [ERROR] Engine:466 - C:\Users\NIVYA\.stm32cubemx\thirdparties\pdsc\STMicroelectronics.FP-SNS-MOTENV1.5.1.0.pdsc: PDSC version is not supported
2026-05-31 10:00:42,368 [ERROR] Engine:466 - C:\Users\NIVYA\.stm32cubemx\thirdparties\pdsc\WES.I-CUBE-Cesium.1.4.0.pdsc: PDSC version is not supported
2026-05-31 10:00:42,409 [WARN] PackLoader:240 - Cannot read IP mode file for STMicroelectronics.X-CUBE-AZRTOS-H7.3.4.0
2026-05-31 10:00:42,436 [WARN] PackLoader:240 - Cannot read IP mode file for STMicroelectronics.X-CUBE-DISPLAY.3.0.0
2026-05-31 10:00:42,458 [WARN] PackLoader:240 - Cannot read IP mode file for STMicroelectronics.X-CUBE-GNSS1.7.1.1
2026-05-31 10:00:42,466 [ERROR] Engine:466 - C:\Users\NIVYA\.stm32cubemx\thirdparties\pdsc\STMicroelectronics.FP-SNS-MOTENVWB1.1.5.0.pdsc: PDSC version is not supported
2026-05-31 10:00:42,477 [WARN] PackLoader:240 - Cannot read IP mode file for STMicroelectronics.X-CUBE-NFC10.1.0.0
2026-05-31 10:00:42,492 [WARN] PackLoader:240 - Cannot read IP mode file for STMicroelectronics.X-CUBE-ST60.1.1.0
2026-05-31 10:00:42,504 [WARN] PackLoader:240 - Cannot read IP mode file for emotas.I-CUBE-CANOPEN.1.3.0
2026-05-31 10:00:42,512 [WARN] PackLoader:240 - Cannot read IP mode file for STMicroelectronics.X-CUBE-GNSS1.7.1.0
2026-05-31 10:00:42,520 [ERROR] Engine:466 - C:\Users\NIVYA\.stm32cubemx\thirdparties\pdsc\STMicroelectronics.FP-SNS-STBOX1.2.1.0.pdsc: PDSC version is not supported
2026-05-31 10:00:42,528 [WARN] PackLoader:240 - Cannot read IP mode file for STMicroelectronics.FP-SNS-SMARTAG2.1.2.0
2026-05-31 10:00:42,538 [WARN] PackLoader:240 - Cannot read IP mode file for STMicroelectronics.FP-SNS-FLIGHT1.5.1.0
2026-05-31 10:00:42,553 [INFO] LogOutputStream:77 - [STDOUT_REDIRECT] 1 : Invalid condition id : UX_CORESTACK_Condition cause : null
2026-05-31 10:00:42,555 [INFO] LogOutputStream:77 - [STDOUT_REDIRECT] 1 : Invalid condition id : UX_CORESTACK_Condition cause : null
2026-05-31 10:00:42,558 [INFO] LogOutputStream:77 - [STDOUT_REDIRECT] 1 : Invalid condition id : UX_CORESTACK_Condition cause : null
2026-05-31 10:00:42,561 [INFO] LogOutputStream:77 - [STDOUT_REDIRECT] 1 : Invalid condition id : UX_CORESTACK_Condition cause : null
2026-05-31 10:00:42,562 [INFO] LogOutputStream:77 - [STDOUT_REDIRECT] 1 : Invalid condition id : UX_CORESTACK_Condition cause : null
2026-05-31 10:00:42,565 [WARN] PackLoader:240 - Cannot read IP mode file for STMicroelectronics.X-CUBE-AZRTOS-WL.2.0.0
2026-05-31 10:00:42,592 [WARN] PackLoader:240 - Cannot read IP mode file for STMicroelectronics.X-CUBE-AZRTOS-H7RS.1.2.0
2026-05-31 10:00:42,606 [WARN] PackLoader:240 - Cannot read IP mode file for STMicroelectronics.X-CUBE-BLE2.3.3.0
2026-05-31 10:00:42,704 [WARN] PackLoader:240 - Cannot read IP mode file for Infineon.AIROC-Wi-Fi-Bluetooth-STM32.1.8.0
2026-05-31 10:00:42,738 [WARN] PackLoader:240 - Cannot read IP mode file for STMicroelectronics.X-CUBE-NFC9.1.0.0
2026-05-31 10:00:42,753 [WARN] PackLoader:240 - Cannot read IP mode file for wolfSSL.I-CUBE-wolfSSL.5.8.2
2026-05-31 10:00:42,767 [WARN] PackLoader:240 - Cannot read IP mode file for STMicroelectronics.X-CUBE-BLE1.7.1.0
2026-05-31 10:00:42,778 [WARN] PackLoader:240 - Cannot read IP mode file for wolfSSL.I-CUBE-wolfMQTT.1.19.2
2026-05-31 10:00:42,785 [ERROR] Engine:466 - C:\Users\NIVYA\.stm32cubemx\thirdparties\pdsc\STMicroelectronics.X-CUBE-FREERTOS.1.4.0.pdsc: PDSC version is not supported
2026-05-31 10:00:42,799 [WARN] PackLoader:240 - Cannot read IP mode file for STMicroelectronics.X-CUBE-EEPRMA1.5.2.0
2026-05-31 10:00:42,814 [WARN] PackLoader:240 - Cannot read IP mode file for Cesanta.I-CUBE-Mongoose.7.20.0
2026-05-31 10:00:42,821 [ERROR] Engine:466 - C:\Users\NIVYA\.stm32cubemx\thirdparties\pdsc\STMicroelectronics.X-CUBE-ST67W61.1.1.0.pdsc: PDSC version is not supported
2026-05-31 10:00:42,826 [ERROR] Engine:466 - C:\Users\NIVYA\.stm32cubemx\thirdparties\pdsc\STMicroelectronics.FP-SNS-STAIOTCFT.1.1.0.pdsc: PDSC version is not supported
2026-05-31 10:00:42,894 [WARN] PackLoader:240 - Cannot read IP mode file for STMicroelectronics.X-CUBE-MEMS1.12.0.0
2026-05-31 10:00:43,065 [WARN] PackLoader:240 - Cannot read IP mode file for STMicroelectronics.X-CUBE-AZRTOS-G0.1.1.0
2026-05-31 10:00:43,075 [WARN] PackLoader:240 - Cannot read IP mode file for STMicroelectronics.X-CUBE-NFC4.3.0.0
2026-05-31 10:00:43,097 [WARN] PackLoader:240 - Cannot read IP mode file for EmbeddedOffice.I-CUBE-FS-RTOS.1.0.1
2026-05-31 10:00:43,115 [WARN] PackLoader:240 - Cannot read IP mode file for STMicroelectronics.X-CUBE-WB05N.2.0.0
2026-05-31 10:00:43,126 [WARN] PackLoader:240 - Cannot read IP mode file for wolfSSL.I-CUBE-wolfTPM.3.8.0
2026-05-31 10:00:43,140 [WARN] PackLoader:240 - Cannot read IP mode file for STMicroelectronics.X-CUBE-TCPP.4.2.0
2026-05-31 10:00:43,155 [WARN] PackLoader:240 - Cannot read IP mode file for RealThread.X-CUBE-RT-Thread_Nano.4.1.1
2026-05-31 10:00:43,168 [WARN] PackLoader:240 - Cannot read IP mode file for STMicroelectronics.FP-ATR-SIGFOX1.3.2.0
2026-05-31 10:00:43,176 [ERROR] Engine:466 - C:\Users\NIVYA\.stm32cubemx\thirdparties\pdsc\STMicroelectronics.X-CUBE-FREERTOS.1.5.0.pdsc: PDSC version is not supported
2026-05-31 10:00:43,192 [WARN] PackLoader:240 - Cannot read IP mode file for ITTIA_DB.I-CUBE-ITTIADB.8.9.0
2026-05-31 10:00:43,210 [WARN] PackLoader:240 - Cannot read IP mode file for STMicroelectronics.X-CUBE-NFC6.3.2.0
2026-05-31 10:00:43,305 [WARN] PackLoader:240 - Cannot read IP mode file for STMicroelectronics.X-CUBE-AI.10.2.0
2026-05-31 10:00:43,373 [WARN] PackLoader:240 - Cannot read IP mode file for STMicroelectronics.X-CUBE-MEMS1.12.1.0
2026-05-31 10:00:43,559 [WARN] PackLoader:240 - Cannot read IP mode file for SEGGER.I-CUBE-embOS.1.3.1
2026-05-31 10:00:43,660 [WARN] PackLoader:240 - Cannot read IP mode file for STMicroelectronics.X-CUBE-ALGOBUILD.1.4.0
2026-05-31 10:00:43,675 [WARN] PackLoader:240 - Cannot read IP mode file for STMicroelectronics.X-CUBE-PM33A1.1.0.0
2026-05-31 10:00:43,716 [WARN] PackLoader:240 - Cannot read IP mode file for STMicroelectronics.X-CUBE-AZRTOS-F4.1.1.0
2026-05-31 10:00:43,732 [WARN] PackLoader:240 - Cannot read IP mode file for STMicroelectronics.X-CUBE-ISPU.2.1.0
2026-05-31 10:00:43,747 [ERROR] Engine:466 - C:\Users\NIVYA\.stm32cubemx\thirdparties\pdsc\STMicroelectronics.X-CUBE-IPS.3.2.0.pdsc: PDSC version is not supported
2026-05-31 10:00:43,756 [WARN] PackLoader:240 - Cannot read IP mode file for STMicroelectronics.eDS-WB_DPC_TT-BIDIR.2.1.1
2026-05-31 10:00:43,772 [WARN] PackLoader:240 - Cannot read IP mode file for STMicroelectronics.X-CUBE-NFC12.1.0.0
2026-05-31 10:00:43,816 [WARN] PackLoader:240 - Cannot read IP mode file for STMicroelectronics.X-CUBE-AZRTOS-L5.2.0.0
2026-05-31 10:00:43,838 [WARN] PackLoader:240 - Cannot read IP mode file for STMicroelectronics.X-CUBE-NFC6.3.1.0
2026-05-31 10:00:43,857 [WARN] PackLoader:240 - Cannot read IP mode file for STMicroelectronics.X-CUBE-ALGOBUILD.1.5.0
2026-05-31 10:00:43,875 [WARN] PackLoader:240 - Cannot read IP mode file for STMicroelectronics.eDS-WB_DPC_VIENNA.1.2.0
2026-05-31 10:00:43,889 [WARN] PackLoader:240 - Cannot read IP mode file for STMicroelectronics.eDS-WB_DPC_3PH2L-BIDIR.1.1.1
2026-05-31 10:00:43,899 [ERROR] Engine:466 - C:\Users\NIVYA\.stm32cubemx\thirdparties\pdsc\STMicroelectronics.X-CUBE-ST67W61.1.3.0.pdsc: PDSC version is not supported
2026-05-31 10:00:43,921 [WARN] PackLoader:240 - Cannot read IP mode file for STMicroelectronics.X-CUBE-TOUCHGFX.4.26.0
2026-05-31 10:00:43,929 [WARN] PackLoader:240 - Cannot read IP mode file for STMicroelectronics.X-CUBE-TOUCHGFX.4.26.1
2026-05-31 10:00:43,942 [WARN] PackLoader:240 - Cannot read IP mode file for STMicroelectronics.FP-SNS-STAIOTCFT.1.0.0
2026-05-31 10:00:43,957 [WARN] PackLoader:240 - Cannot read IP mode file for STMicroelectronics.X-CUBE-DPower.1.3.0
2026-05-31 10:00:43,998 [WARN] ConditionMgr:438 - getConditionDescription Invalid condition id : LAN8742 Phy interface Condition cause : null
2026-05-31 10:00:43,999 [WARN] PackLoader:240 - Cannot read IP mode file for STMicroelectronics.X-CUBE-AZRTOS-L4.2.0.0
2026-05-31 10:00:44,002 [WARN] ConditionMgr:1044 - genDependencies : Invalid condition id : LAN8742 Phy interface Condition cause : null
2026-05-31 10:00:44,002 [WARN] ConditionMgr:1044 - genDependencies : Invalid condition id : LAN8742 Phy interface Condition cause : null
2026-05-31 10:00:44,004 [WARN] ConditionMgr:1044 - genDependencies : Invalid condition id : LAN8742 Phy interface Condition cause : null
2026-05-31 10:00:44,024 [WARN] PackLoader:240 - Cannot read IP mode file for STMicroelectronics.X-CUBE-SFXS2LP1.4.0.0
2026-05-31 10:00:44,039 [WARN] PackLoader:240 - Cannot read IP mode file for STMicroelectronics.X-CUBE-WB05N.2.1.0
2026-05-31 10:00:44,048 [ERROR] Engine:466 - C:\Users\NIVYA\.stm32cubemx\thirdparties\pdsc\STMicroelectronics.X-CUBE-ST67W61.1.2.0.pdsc: PDSC version is not supported
2026-05-31 10:00:44,067 [WARN] PackLoader:240 - Cannot read IP mode file for STMicroelectronics.X-CUBE-BLEMGR.4.1.0
2026-05-31 10:00:44,109 [WARN] ConditionMgr:438 - getConditionDescription Invalid condition id : UX DEVICE CLASS RTOS Condition cause : null
2026-05-31 10:00:44,110 [WARN] ConditionMgr:438 - getConditionDescription Invalid condition id : UX DEVICE CLASS RTOS Condition cause : null
2026-05-31 10:00:44,114 [WARN] PackLoader:240 - Cannot read IP mode file for STMicroelectronics.X-CUBE-AZRTOS-WB.2.0.0
2026-05-31 10:00:44,115 [WARN] ConditionMgr:1044 - genDependencies : Invalid condition id : UX DEVICE CLASS RTOS Condition cause : null
2026-05-31 10:00:44,115 [WARN] ConditionMgr:1044 - genDependencies : Invalid condition id : UX DEVICE CLASS RTOS Condition cause : null
2026-05-31 10:00:44,116 [WARN] ConditionMgr:1044 - genDependencies : Invalid condition id : UX DEVICE CLASS RTOS Condition cause : null
2026-05-31 10:00:44,117 [WARN] ConditionMgr:1044 - genDependencies : Invalid condition id : UX DEVICE CLASS RTOS Condition cause : null
2026-05-31 10:00:44,117 [WARN] ConditionMgr:1044 - genDependencies : Invalid condition id : UX DEVICE CLASS RTOS Condition cause : null
2026-05-31 10:00:44,130 [WARN] ConditionMgr:438 - getConditionDescription Invalid condition id : Cortex-A Device cause : null
2026-05-31 10:00:44,148 [WARN] ConditionMgr:1044 - genDependencies : Invalid condition id : Cortex-A Device cause : null
2026-05-31 10:00:44,148 [WARN] ConditionMgr:1044 - genDependencies : Invalid condition id : Cortex-A Device cause : null
2026-05-31 10:00:44,148 [WARN] ConditionMgr:1044 - genDependencies : Invalid condition id : Cortex-A Device cause : null
2026-05-31 10:00:44,163 [WARN] PackLoader:240 - Cannot read IP mode file for STMicroelectronics.X-CUBE-STSE01.2.0.0
2026-05-31 10:00:44,185 [WARN] PackLoader:240 - Cannot read IP mode file for STMicroelectronics.X-CUBE-SUBG2.5.0.0
2026-05-31 10:00:44,210 [WARN] PackLoader:240 - Cannot read IP mode file for STMicroelectronics.X-CUBE-AZRTOS-G4.2.0.0
2026-05-31 10:00:44,219 [WARN] PackLoader:240 - Cannot read IP mode file for wolfSSL.I-CUBE-wolfSSH.1.4.20
2026-05-31 10:00:44,231 [WARN] PackLoader:240 - Cannot read IP mode file for STMicroelectronics.X-CUBE-NFC7.2.0.0
2026-05-31 10:00:44,242 [WARN] PackLoader:240 - Cannot read IP mode file for STMicroelectronics.X-CUBE-ALS.1.0.2
2026-05-31 10:00:44,256 [WARN] PackLoader:240 - Cannot read IP mode file for STMicroelectronics.X-CUBE-STSE01.1.0.0
2026-05-31 10:00:44,275 [WARN] PackLoader:240 - Cannot read IP mode file for STMicroelectronics.X-CUBE-TOF1.3.4.3
2026-05-31 10:00:44,291 [INFO] ThirdParty:978 - Integrity check success = true
2026-05-31 10:00:44,291 [INFO] IntegrityCheckThread:100 - exiting critical section [integrity check]
2026-05-31 10:00:44,292 [INFO] IntegrityCheckThread:103 - End integrity checks thread
2026-05-31 10:00:45,483 [INFO] WebApp:169 - Instantiating new browser for Auth
2026-05-31 10:00:48,587 [INFO] WebApp:463 - Apply proxy settings
2026-05-31 10:00:48,588 [INFO] WebApp:548 - Chromium requires no authentication
2026-05-31 10:00:48,618 [INFO] WebApp:491 - Direct internet connection detected
2026-05-31 10:00:48,672 [INFO] WebApp:894 - Register for checkConnection events
2026-05-31 10:00:48,673 [INFO] WebApp:463 - Apply proxy settings
2026-05-31 10:00:48,673 [INFO] WebApp:548 - Chromium requires no authentication
2026-05-31 10:00:48,675 [INFO] WebApp:491 - Direct internet connection detected
2026-05-31 10:00:49,261 [INFO] WebApp:191 - Connection restablished
2026-05-31 10:00:49,595 [INFO] WebApp:225 - Starting web application
2026-05-31 10:00:49,596 [INFO] WebApp:593 - Web application path used C:\ST\STM32CubeIDE_1.18.1\STM32CubeIDE\plugins\com.st.stm32cube.common.mx_6.14.1.202504091515\db\plugins\mcufinder\reactClient1\index.html
2026-05-31 10:00:50,502 [ERROR] LogOutputStream:75 - [STDERR_REDIRECT] [Fatal Error] :1:1: Premature end of file.
2026-05-31 10:00:50,504 [ERROR] LogOutputStream:75 - [STDERR_REDIRECT] 
2026-05-31 10:00:51,396 [ERROR] LogOutputStream:75 - [STDERR_REDIRECT] [Fatal Error] :1:1: Premature end of file.
2026-05-31 10:00:51,398 [ERROR] LogOutputStream:75 - [STDERR_REDIRECT] 
2026-05-31 10:00:52,392 [ERROR] LogOutputStream:75 - [STDERR_REDIRECT] [Fatal Error] :1:1: Premature end of file.
2026-05-31 10:00:52,393 [ERROR] LogOutputStream:75 - [STDERR_REDIRECT] 
2026-05-31 10:00:53,346 [ERROR] LogOutputStream:75 - [STDERR_REDIRECT] [Fatal Error] :1:1: Premature end of file.
2026-05-31 10:00:53,347 [ERROR] LogOutputStream:75 - [STDERR_REDIRECT] 
2026-05-31 10:00:54,349 [ERROR] LogOutputStream:75 - [STDERR_REDIRECT] [Fatal Error] :1:1: Premature end of file.
2026-05-31 10:00:54,349 [ERROR] LogOutputStream:75 - [STDERR_REDIRECT] 
2026-05-31 10:00:55,347 [ERROR] LogOutputStream:75 - [STDERR_REDIRECT] [Fatal Error] :1:1: Premature end of file.
2026-05-31 10:00:55,347 [ERROR] LogOutputStream:75 - [STDERR_REDIRECT] 
2026-05-31 10:00:56,366 [ERROR] LogOutputStream:75 - [STDERR_REDIRECT] [Fatal Error] :1:1: Premature end of file.
2026-05-31 10:00:56,366 [ERROR] LogOutputStream:75 - [STDERR_REDIRECT] 
2026-05-31 10:00:57,352 [ERROR] LogOutputStream:75 - [STDERR_REDIRECT] [Fatal Error] :1:1: Premature end of file.
2026-05-31 10:00:57,353 [ERROR] LogOutputStream:75 - [STDERR_REDIRECT] 
2026-05-31 10:00:58,348 [ERROR] LogOutputStream:75 - [STDERR_REDIRECT] [Fatal Error] :1:1: Premature end of file.
2026-05-31 10:00:58,348 [ERROR] LogOutputStream:75 - [STDERR_REDIRECT] 
2026-05-31 10:00:59,357 [ERROR] LogOutputStream:75 - [STDERR_REDIRECT] [Fatal Error] :1:1: Premature end of file.
2026-05-31 10:00:59,357 [ERROR] LogOutputStream:75 - [STDERR_REDIRECT] 
2026-05-31 10:01:00,361 [ERROR] LogOutputStream:75 - [STDERR_REDIRECT] [Fatal Error] :1:1: Premature end of file.
2026-05-31 10:01:00,361 [ERROR] LogOutputStream:75 - [STDERR_REDIRECT] 
2026-05-31 10:01:01,347 [ERROR] LogOutputStream:75 - [STDERR_REDIRECT] [Fatal Error] :1:1: Premature end of file.
2026-05-31 10:01:01,348 [ERROR] LogOutputStream:75 - [STDERR_REDIRECT] 
2026-05-31 10:01:02,362 [ERROR] LogOutputStream:75 - [STDERR_REDIRECT] [Fatal Error] :1:1: Premature end of file.
2026-05-31 10:01:02,362 [ERROR] LogOutputStream:75 - [STDERR_REDIRECT] 
2026-05-31 10:01:03,349 [ERROR] LogOutputStream:75 - [STDERR_REDIRECT] [Fatal Error] :1:1: Premature end of file.
2026-05-31 10:01:03,349 [ERROR] LogOutputStream:75 - [STDERR_REDIRECT] 
2026-05-31 10:01:04,347 [ERROR] LogOutputStream:75 - [STDERR_REDIRECT] [Fatal Error] :1:1: Premature end of file.
2026-05-31 10:01:04,347 [ERROR] LogOutputStream:75 - [STDERR_REDIRECT] 
2026-05-31 10:01:05,373 [ERROR] LogOutputStream:75 - [STDERR_REDIRECT] [Fatal Error] :1:1: Premature end of file.
2026-05-31 10:01:05,373 [ERROR] LogOutputStream:75 - [STDERR_REDIRECT] 
2026-05-31 10:01:06,379 [ERROR] LogOutputStream:75 - [STDERR_REDIRECT] [Fatal Error] :1:1: Premature end of file.
2026-05-31 10:01:06,380 [ERROR] LogOutputStream:75 - [STDERR_REDIRECT] 
2026-05-31 10:01:07,352 [ERROR] LogOutputStream:75 - [STDERR_REDIRECT] [Fatal Error] :1:1: Premature end of file.
2026-05-31 10:01:07,352 [ERROR] LogOutputStream:75 - [STDERR_REDIRECT] 
2026-05-31 10:01:08,340 [ERROR] LogOutputStream:75 - [STDERR_REDIRECT] [Fatal Error] :1:1: Premature end of file.
2026-05-31 10:01:08,340 [ERROR] LogOutputStream:75 - [STDERR_REDIRECT] 
2026-05-31 10:01:09,352 [ERROR] LogOutputStream:75 - [STDERR_REDIRECT] [Fatal Error] :1:1: Premature end of file.
2026-05-31 10:01:09,353 [ERROR] LogOutputStream:75 - [STDERR_REDIRECT] 
2026-05-31 10:01:10,352 [ERROR] LogOutputStream:75 - [STDERR_REDIRECT] [Fatal Error] :1:1: Premature end of file.
2026-05-31 10:01:10,353 [ERROR] LogOutputStream:75 - [STDERR_REDIRECT] 
2026-05-31 10:01:11,382 [ERROR] LogOutputStream:75 - [STDERR_REDIRECT] [Fatal Error] :1:1: Premature end of file.
2026-05-31 10:01:11,382 [ERROR] LogOutputStream:75 - [STDERR_REDIRECT] 
2026-05-31 10:01:12,353 [ERROR] LogOutputStream:75 - [STDERR_REDIRECT] [Fatal Error] :1:1: Premature end of file.
2026-05-31 10:01:12,353 [ERROR] LogOutputStream:75 - [STDERR_REDIRECT] 
2026-05-31 10:01:13,394 [ERROR] LogOutputStream:75 - [STDERR_REDIRECT] [Fatal Error] :1:1: Premature end of file.
2026-05-31 10:01:13,395 [ERROR] LogOutputStream:75 - [STDERR_REDIRECT] 
2026-05-31 10:01:14,357 [ERROR] LogOutputStream:75 - [STDERR_REDIRECT] [Fatal Error] :1:1: Premature end of file.
2026-05-31 10:01:14,357 [ERROR] LogOutputStream:75 - [STDERR_REDIRECT] 
2026-05-31 10:01:15,370 [ERROR] LogOutputStream:75 - [STDERR_REDIRECT] [Fatal Error] :1:1: Premature end of file.
2026-05-31 10:01:15,370 [ERROR] LogOutputStream:75 - [STDERR_REDIRECT] 
2026-05-31 10:01:16,371 [ERROR] LogOutputStream:75 - [STDERR_REDIRECT] [Fatal Error] :1:1: Premature end of file.
2026-05-31 10:01:16,371 [ERROR] LogOutputStream:75 - [STDERR_REDIRECT] 
2026-05-31 10:01:17,355 [ERROR] LogOutputStream:75 - [STDERR_REDIRECT] [Fatal Error] :1:1: Premature end of file.
2026-05-31 10:01:17,355 [ERROR] LogOutputStream:75 - [STDERR_REDIRECT] 
2026-05-31 10:01:18,342 [ERROR] LogOutputStream:75 - [STDERR_REDIRECT] [Fatal Error] :1:1: Premature end of file.
2026-05-31 10:01:18,342 [ERROR] LogOutputStream:75 - [STDERR_REDIRECT] 
2026-05-31 10:01:19,366 [ERROR] LogOutputStream:75 - [STDERR_REDIRECT] [Fatal Error] :1:1: Premature end of file.
2026-05-31 10:01:19,368 [ERROR] LogOutputStream:75 - [STDERR_REDIRECT] 
2026-05-31 10:01:20,358 [ERROR] LogOutputStream:75 - [STDERR_REDIRECT] [Fatal Error] :1:1: Premature end of file.
2026-05-31 10:01:20,358 [ERROR] LogOutputStream:75 - [STDERR_REDIRECT] 
2026-05-31 10:01:21,356 [ERROR] LogOutputStream:75 - [STDERR_REDIRECT] [Fatal Error] :1:1: Premature end of file.
2026-05-31 10:01:21,356 [ERROR] LogOutputStream:75 - [STDERR_REDIRECT] 
2026-05-31 10:01:22,411 [ERROR] LogOutputStream:75 - [STDERR_REDIRECT] [Fatal Error] :1:1: Premature end of file.
2026-05-31 10:01:22,412 [ERROR] LogOutputStream:75 - [STDERR_REDIRECT] 
2026-05-31 10:01:23,358 [ERROR] LogOutputStream:75 - [STDERR_REDIRECT] [Fatal Error] :1:1: Premature end of file.
2026-05-31 10:01:23,358 [ERROR] LogOutputStream:75 - [STDERR_REDIRECT] 
2026-05-31 10:01:24,368 [ERROR] LogOutputStream:75 - [STDERR_REDIRECT] [Fatal Error] :1:1: Premature end of file.
2026-05-31 10:01:24,369 [ERROR] LogOutputStream:75 - [STDERR_REDIRECT] 
2026-05-31 10:01:25,438 [ERROR] LogOutputStream:75 - [STDERR_REDIRECT] [Fatal Error] :1:1: Premature end of file.
2026-05-31 10:01:25,439 [ERROR] LogOutputStream:75 - [STDERR_REDIRECT] 
2026-05-31 10:01:26,390 [ERROR] LogOutputStream:75 - [STDERR_REDIRECT] [Fatal Error] :1:1: Premature end of file.
2026-05-31 10:01:26,391 [ERROR] LogOutputStream:75 - [STDERR_REDIRECT] 
2026-05-31 10:01:27,364 [ERROR] LogOutputStream:75 - [STDERR_REDIRECT] [Fatal Error] :1:1: Premature end of file.
2026-05-31 10:01:27,365 [ERROR] LogOutputStream:75 - [STDERR_REDIRECT] 
2026-05-31 10:01:28,358 [ERROR] LogOutputStream:75 - [STDERR_REDIRECT] [Fatal Error] :1:1: Premature end of file.
2026-05-31 10:01:28,358 [ERROR] LogOutputStream:75 - [STDERR_REDIRECT] 
2026-05-31 10:01:29,344 [ERROR] LogOutputStream:75 - [STDERR_REDIRECT] [Fatal Error] :1:1: Premature end of file.
2026-05-31 10:01:29,345 [ERROR] LogOutputStream:75 - [STDERR_REDIRECT] 
2026-05-31 10:01:30,343 [ERROR] LogOutputStream:75 - [STDERR_REDIRECT] [Fatal Error] :1:1: Premature end of file.
2026-05-31 10:01:30,344 [ERROR] LogOutputStream:75 - [STDERR_REDIRECT] 
2026-05-31 10:01:31,345 [ERROR] LogOutputStream:75 - [STDERR_REDIRECT] [Fatal Error] :1:1: Premature end of file.
2026-05-31 10:01:31,345 [ERROR] LogOutputStream:75 - [STDERR_REDIRECT] 
2026-05-31 10:01:32,372 [ERROR] LogOutputStream:75 - [STDERR_REDIRECT] [Fatal Error] :1:1: Premature end of file.
2026-05-31 10:01:32,373 [ERROR] LogOutputStream:75 - [STDERR_REDIRECT] 
2026-05-31 10:01:33,361 [ERROR] LogOutputStream:75 - [STDERR_REDIRECT] [Fatal Error] :1:1: Premature end of file.
2026-05-31 10:01:33,362 [ERROR] LogOutputStream:75 - [STDERR_REDIRECT] 
2026-05-31 10:01:34,377 [ERROR] LogOutputStream:75 - [STDERR_REDIRECT] [Fatal Error] :1:1: Premature end of file.
2026-05-31 10:01:34,377 [ERROR] LogOutputStream:75 - [STDERR_REDIRECT] 
2026-05-31 10:01:35,374 [ERROR] LogOutputStream:75 - [STDERR_REDIRECT] [Fatal Error] :1:1: Premature end of file.
2026-05-31 10:01:35,375 [ERROR] LogOutputStream:75 - [STDERR_REDIRECT] 
2026-05-31 10:01:36,349 [ERROR] LogOutputStream:75 - [STDERR_REDIRECT] [Fatal Error] :1:1: Premature end of file.
2026-05-31 10:01:36,349 [ERROR] LogOutputStream:75 - [STDERR_REDIRECT] 
2026-05-31 10:01:37,363 [ERROR] LogOutputStream:75 - [STDERR_REDIRECT] [Fatal Error] :1:1: Premature end of file.
2026-05-31 10:01:37,363 [ERROR] LogOutputStream:75 - [STDERR_REDIRECT] 
2026-05-31 10:01:38,340 [ERROR] LogOutputStream:75 - [STDERR_REDIRECT] [Fatal Error] :1:1: Premature end of file.
2026-05-31 10:01:38,340 [ERROR] LogOutputStream:75 - [STDERR_REDIRECT] 
2026-05-31 10:01:39,342 [ERROR] LogOutputStream:75 - [STDERR_REDIRECT] [Fatal Error] :1:1: Premature end of file.
2026-05-31 10:01:39,342 [ERROR] LogOutputStream:75 - [STDERR_REDIRECT] 
2026-05-31 10:01:40,342 [ERROR] LogOutputStream:75 - [STDERR_REDIRECT] [Fatal Error] :1:1: Premature end of file.
2026-05-31 10:01:40,343 [ERROR] LogOutputStream:75 - [STDERR_REDIRECT] 
2026-05-31 10:01:41,345 [ERROR] LogOutputStream:75 - [STDERR_REDIRECT] [Fatal Error] :1:1: Premature end of file.
2026-05-31 10:01:41,345 [ERROR] LogOutputStream:75 - [STDERR_REDIRECT] 
2026-05-31 10:01:42,369 [ERROR] LogOutputStream:75 - [STDERR_REDIRECT] [Fatal Error] :1:1: Premature end of file.
2026-05-31 10:01:42,370 [ERROR] LogOutputStream:75 - [STDERR_REDIRECT] 
2026-05-31 10:01:43,345 [ERROR] LogOutputStream:75 - [STDERR_REDIRECT] [Fatal Error] :1:1: Premature end of file.
2026-05-31 10:01:43,345 [ERROR] LogOutputStream:75 - [STDERR_REDIRECT] 
2026-05-31 10:01:44,342 [ERROR] LogOutputStream:75 - [STDERR_REDIRECT] [Fatal Error] :1:1: Premature end of file.
2026-05-31 10:01:44,342 [ERROR] LogOutputStream:75 - [STDERR_REDIRECT] 
2026-05-31 10:01:45,341 [ERROR] LogOutputStream:75 - [STDERR_REDIRECT] [Fatal Error] :1:1: Premature end of file.
2026-05-31 10:01:45,341 [ERROR] LogOutputStream:75 - [STDERR_REDIRECT] 
2026-05-31 10:01:46,352 [ERROR] LogOutputStream:75 - [STDERR_REDIRECT] [Fatal Error] :1:1: Premature end of file.
2026-05-31 10:01:46,352 [ERROR] LogOutputStream:75 - [STDERR_REDIRECT] 
2026-05-31 10:01:47,368 [ERROR] LogOutputStream:75 - [STDERR_REDIRECT] [Fatal Error] :1:1: Premature end of file.
2026-05-31 10:01:47,368 [ERROR] LogOutputStream:75 - [STDERR_REDIRECT] 
2026-05-31 10:01:48,368 [ERROR] LogOutputStream:75 - [STDERR_REDIRECT] [Fatal Error] :1:1: Premature end of file.
2026-05-31 10:01:48,368 [ERROR] LogOutputStream:75 - [STDERR_REDIRECT] 
2026-05-31 10:01:49,353 [ERROR] LogOutputStream:75 - [STDERR_REDIRECT] [Fatal Error] :1:1: Premature end of file.
2026-05-31 10:01:49,354 [ERROR] LogOutputStream:75 - [STDERR_REDIRECT] 
2026-05-31 10:01:50,366 [ERROR] LogOutputStream:75 - [STDERR_REDIRECT] [Fatal Error] :1:1: Premature end of file.
2026-05-31 10:01:50,366 [ERROR] LogOutputStream:75 - [STDERR_REDIRECT] 
2026-05-31 10:01:51,347 [ERROR] LogOutputStream:75 - [STDERR_REDIRECT] [Fatal Error] :1:1: Premature end of file.
2026-05-31 10:01:51,347 [ERROR] LogOutputStream:75 - [STDERR_REDIRECT] 
2026-05-31 10:01:52,356 [ERROR] LogOutputStream:75 - [STDERR_REDIRECT] [Fatal Error] :1:1: Premature end of file.
2026-05-31 10:01:52,356 [ERROR] LogOutputStream:75 - [STDERR_REDIRECT] 
2026-05-31 10:01:53,377 [ERROR] LogOutputStream:75 - [STDERR_REDIRECT] [Fatal Error] :1:1: Premature end of file.
2026-05-31 10:01:53,378 [ERROR] LogOutputStream:75 - [STDERR_REDIRECT] 
2026-05-31 10:01:54,342 [ERROR] LogOutputStream:75 - [STDERR_REDIRECT] [Fatal Error] :1:1: Premature end of file.
2026-05-31 10:01:54,342 [ERROR] LogOutputStream:75 - [STDERR_REDIRECT] 
2026-05-31 10:01:55,353 [ERROR] LogOutputStream:75 - [STDERR_REDIRECT] [Fatal Error] :1:1: Premature end of file.
2026-05-31 10:01:55,353 [ERROR] LogOutputStream:75 - [STDERR_REDIRECT] 
2026-05-31 10:01:56,370 [ERROR] LogOutputStream:75 - [STDERR_REDIRECT] [Fatal Error] :1:1: Premature end of file.
2026-05-31 10:01:56,370 [ERROR] LogOutputStream:75 - [STDERR_REDIRECT] 
2026-05-31 10:01:57,364 [ERROR] LogOutputStream:75 - [STDERR_REDIRECT] [Fatal Error] :1:1: Premature end of file.
2026-05-31 10:01:57,365 [ERROR] LogOutputStream:75 - [STDERR_REDIRECT] 
2026-05-31 10:01:58,358 [ERROR] LogOutputStream:75 - [STDERR_REDIRECT] [Fatal Error] :1:1: Premature end of file.
2026-05-31 10:01:58,358 [ERROR] LogOutputStream:75 - [STDERR_REDIRECT] 
2026-05-31 10:01:59,353 [ERROR] LogOutputStream:75 - [STDERR_REDIRECT] [Fatal Error] :1:1: Premature end of file.
2026-05-31 10:01:59,353 [ERROR] LogOutputStream:75 - [STDERR_REDIRECT] 
2026-05-31 10:02:00,368 [ERROR] LogOutputStream:75 - [STDERR_REDIRECT] [Fatal Error] :1:1: Premature end of file.
2026-05-31 10:02:00,369 [ERROR] LogOutputStream:75 - [STDERR_REDIRECT] 
2026-05-31 10:02:01,385 [ERROR] LogOutputStream:75 - [STDERR_REDIRECT] [Fatal Error] :1:1: Premature end of file.
2026-05-31 10:02:01,386 [ERROR] LogOutputStream:75 - [STDERR_REDIRECT] 
2026-05-31 10:02:02,364 [ERROR] LogOutputStream:75 - [STDERR_REDIRECT] [Fatal Error] :1:1: Premature end of file.
2026-05-31 10:02:02,364 [ERROR] LogOutputStream:75 - [STDERR_REDIRECT] 
2026-05-31 10:02:03,348 [ERROR] LogOutputStream:75 - [STDERR_REDIRECT] [Fatal Error] :1:1: Premature end of file.
2026-05-31 10:02:03,348 [ERROR] LogOutputStream:75 - [STDERR_REDIRECT] 
2026-05-31 10:02:04,445 [ERROR] LogOutputStream:75 - [STDERR_REDIRECT] [Fatal Error] :1:1: Premature end of file.
2026-05-31 10:02:04,445 [ERROR] LogOutputStream:75 - [STDERR_REDIRECT] 
2026-05-31 10:02:05,369 [ERROR] LogOutputStream:75 - [STDERR_REDIRECT] [Fatal Error] :1:1: Premature end of file.
2026-05-31 10:02:05,369 [ERROR] LogOutputStream:75 - [STDERR_REDIRECT] 
2026-05-31 10:02:06,453 [ERROR] LogOutputStream:75 - [STDERR_REDIRECT] [Fatal Error] :1:1: Premature end of file.
2026-05-31 10:02:06,454 [ERROR] LogOutputStream:75 - [STDERR_REDIRECT] 
2026-05-31 10:02:07,453 [ERROR] LogOutputStream:75 - [STDERR_REDIRECT] [Fatal Error] :1:1: Premature end of file.
2026-05-31 10:02:07,454 [ERROR] LogOutputStream:75 - [STDERR_REDIRECT] 
2026-05-31 10:02:08,406 [ERROR] LogOutputStream:75 - [STDERR_REDIRECT] [Fatal Error] :1:1: Premature end of file.
2026-05-31 10:02:08,406 [ERROR] LogOutputStream:75 - [STDERR_REDIRECT] 
2026-05-31 10:02:09,406 [ERROR] LogOutputStream:75 - [STDERR_REDIRECT] [Fatal Error] :1:1: Premature end of file.
2026-05-31 10:02:09,407 [ERROR] LogOutputStream:75 - [STDERR_REDIRECT] 
2026-05-31 10:02:10,385 [ERROR] LogOutputStream:75 - [STDERR_REDIRECT] [Fatal Error] :1:1: Premature end of file.
2026-05-31 10:02:10,385 [ERROR] LogOutputStream:75 - [STDERR_REDIRECT] 
2026-05-31 10:02:11,364 [ERROR] LogOutputStream:75 - [STDERR_REDIRECT] [Fatal Error] :1:1: Premature end of file.
2026-05-31 10:02:11,365 [ERROR] LogOutputStream:75 - [STDERR_REDIRECT] 
2026-05-31 10:02:12,390 [ERROR] LogOutputStream:75 - [STDERR_REDIRECT] [Fatal Error] :1:1: Premature end of file.
2026-05-31 10:02:12,391 [ERROR] LogOutputStream:75 - [STDERR_REDIRECT] 
2026-05-31 10:02:13,371 [ERROR] LogOutputStream:75 - [STDERR_REDIRECT] [Fatal Error] :1:1: Premature end of file.
2026-05-31 10:02:13,372 [ERROR] LogOutputStream:75 - [STDERR_REDIRECT] 
2026-05-31 10:02:14,389 [ERROR] LogOutputStream:75 - [STDERR_REDIRECT] [Fatal Error] :1:1: Premature end of file.
2026-05-31 10:02:14,389 [ERROR] LogOutputStream:75 - [STDERR_REDIRECT] 
2026-05-31 10:02:15,410 [ERROR] LogOutputStream:75 - [STDERR_REDIRECT] [Fatal Error] :1:1: Premature end of file.
2026-05-31 10:02:15,411 [ERROR] LogOutputStream:75 - [STDERR_REDIRECT] 
2026-05-31 10:02:16,445 [ERROR] LogOutputStream:75 - [STDERR_REDIRECT] [Fatal Error] :1:1: Premature end of file.
2026-05-31 10:02:16,445 [ERROR] LogOutputStream:75 - [STDERR_REDIRECT] 
2026-05-31 10:02:17,387 [ERROR] LogOutputStream:75 - [STDERR_REDIRECT] [Fatal Error] :1:1: Premature end of file.
2026-05-31 10:02:17,387 [ERROR] LogOutputStream:75 - [STDERR_REDIRECT] 
2026-05-31 10:02:18,375 [ERROR] LogOutputStream:75 - [STDERR_REDIRECT] [Fatal Error] :1:1: Premature end of file.
2026-05-31 10:02:18,376 [ERROR] LogOutputStream:75 - [STDERR_REDIRECT] 
2026-05-31 10:02:19,422 [ERROR] LogOutputStream:75 - [STDERR_REDIRECT] [Fatal Error] :1:1: Premature end of file.
2026-05-31 10:02:19,422 [ERROR] LogOutputStream:75 - [STDERR_REDIRECT] 
2026-05-31 10:02:20,434 [ERROR] LogOutputStream:75 - [STDERR_REDIRECT] [Fatal Error] :1:1: Premature end of file.
2026-05-31 10:02:20,435 [ERROR] LogOutputStream:75 - [STDERR_REDIRECT] 
2026-05-31 10:02:21,360 [ERROR] LogOutputStream:75 - [STDERR_REDIRECT] [Fatal Error] :1:1: Premature end of file.
2026-05-31 10:02:21,361 [ERROR] LogOutputStream:75 - [STDERR_REDIRECT] 
2026-05-31 10:02:22,354 [ERROR] LogOutputStream:75 - [STDERR_REDIRECT] [Fatal Error] :1:1: Premature end of file.
2026-05-31 10:02:22,354 [ERROR] LogOutputStream:75 - [STDERR_REDIRECT] 
2026-05-31 10:02:23,338 [ERROR] LogOutputStream:75 - [STDERR_REDIRECT] [Fatal Error] :1:1: Premature end of file.
2026-05-31 10:02:23,339 [ERROR] LogOutputStream:75 - [STDERR_REDIRECT] 
2026-05-31 10:02:24,335 [ERROR] LogOutputStream:75 - [STDERR_REDIRECT] [Fatal Error] :1:1: Premature end of file.
2026-05-31 10:02:24,335 [ERROR] LogOutputStream:75 - [STDERR_REDIRECT] 
2026-05-31 10:02:25,350 [ERROR] LogOutputStream:75 - [STDERR_REDIRECT] [Fatal Error] :1:1: Premature end of file.
2026-05-31 10:02:25,350 [ERROR] LogOutputStream:75 - [STDERR_REDIRECT] 
2026-05-31 10:02:26,338 [ERROR] LogOutputStream:75 - [STDERR_REDIRECT] [Fatal Error] :1:1: Premature end of file.
2026-05-31 10:02:26,339 [ERROR] LogOutputStream:75 - [STDERR_REDIRECT] 
2026-05-31 10:02:27,338 [ERROR] LogOutputStream:75 - [STDERR_REDIRECT] [Fatal Error] :1:1: Premature end of file.
2026-05-31 10:02:27,338 [ERROR] LogOutputStream:75 - [STDERR_REDIRECT] 
2026-05-31 10:02:28,339 [ERROR] LogOutputStream:75 - [STDERR_REDIRECT] [Fatal Error] :1:1: Premature end of file.
2026-05-31 10:02:28,339 [ERROR] LogOutputStream:75 - [STDERR_REDIRECT] 
2026-05-31 10:02:29,338 [ERROR] LogOutputStream:75 - [STDERR_REDIRECT] [Fatal Error] :1:1: Premature end of file.
2026-05-31 10:02:29,339 [ERROR] LogOutputStream:75 - [STDERR_REDIRECT] 
2026-05-31 10:02:30,340 [ERROR] LogOutputStream:75 - [STDERR_REDIRECT] [Fatal Error] :1:1: Premature end of file.
2026-05-31 10:02:30,340 [ERROR] LogOutputStream:75 - [STDERR_REDIRECT] 
2026-05-31 10:02:31,342 [ERROR] LogOutputStream:75 - [STDERR_REDIRECT] [Fatal Error] :1:1: Premature end of file.
2026-05-31 10:02:31,342 [ERROR] LogOutputStream:75 - [STDERR_REDIRECT] 
2026-05-31 10:02:32,351 [ERROR] LogOutputStream:75 - [STDERR_REDIRECT] [Fatal Error] :1:1: Premature end of file.
2026-05-31 10:02:32,352 [ERROR] LogOutputStream:75 - [STDERR_REDIRECT] 
2026-05-31 10:02:33,346 [ERROR] LogOutputStream:75 - [STDERR_REDIRECT] [Fatal Error] :1:1: Premature end of file.
2026-05-31 10:02:33,347 [ERROR] LogOutputStream:75 - [STDERR_REDIRECT] 
2026-05-31 10:02:34,344 [ERROR] LogOutputStream:75 - [STDERR_REDIRECT] [Fatal Error] :1:1: Premature end of file.
2026-05-31 10:02:34,344 [ERROR] LogOutputStream:75 - [STDERR_REDIRECT] 
2026-05-31 10:02:35,344 [ERROR] LogOutputStream:75 - [STDERR_REDIRECT] [Fatal Error] :1:1: Premature end of file.
2026-05-31 10:02:35,344 [ERROR] LogOutputStream:75 - [STDERR_REDIRECT] 
2026-05-31 10:02:36,358 [ERROR] LogOutputStream:75 - [STDERR_REDIRECT] [Fatal Error] :1:1: Premature end of file.
2026-05-31 10:02:36,358 [ERROR] LogOutputStream:75 - [STDERR_REDIRECT] 
2026-05-31 10:02:37,354 [ERROR] LogOutputStream:75 - [STDERR_REDIRECT] [Fatal Error] :1:1: Premature end of file.
2026-05-31 10:02:37,354 [ERROR] LogOutputStream:75 - [STDERR_REDIRECT] 
2026-05-31 10:02:38,344 [ERROR] LogOutputStream:75 - [STDERR_REDIRECT] [Fatal Error] :1:1: Premature end of file.
2026-05-31 10:02:38,344 [ERROR] LogOutputStream:75 - [STDERR_REDIRECT] 
2026-05-31 10:02:39,356 [ERROR] LogOutputStream:75 - [STDERR_REDIRECT] [Fatal Error] :1:1: Premature end of file.
2026-05-31 10:02:39,357 [ERROR] LogOutputStream:75 - [STDERR_REDIRECT] 
2026-05-31 10:02:40,356 [ERROR] LogOutputStream:75 - [STDERR_REDIRECT] [Fatal Error] :1:1: Premature end of file.
2026-05-31 10:02:40,356 [ERROR] LogOutputStream:75 - [STDERR_REDIRECT] 
2026-05-31 10:02:41,340 [ERROR] LogOutputStream:75 - [STDERR_REDIRECT] [Fatal Error] :1:1: Premature end of file.
2026-05-31 10:02:41,340 [ERROR] LogOutputStream:75 - [STDERR_REDIRECT] 
2026-05-31 10:02:42,359 [ERROR] LogOutputStream:75 - [STDERR_REDIRECT] [Fatal Error] :1:1: Premature end of file.
2026-05-31 10:02:42,359 [ERROR] LogOutputStream:75 - [STDERR_REDIRECT] 
2026-05-31 10:02:43,345 [ERROR] LogOutputStream:75 - [STDERR_REDIRECT] [Fatal Error] :1:1: Premature end of file.
2026-05-31 10:02:43,345 [ERROR] LogOutputStream:75 - [STDERR_REDIRECT] 
2026-05-31 10:02:44,358 [ERROR] LogOutputStream:75 - [STDERR_REDIRECT] [Fatal Error] :1:1: Premature end of file.
2026-05-31 10:02:44,358 [ERROR] LogOutputStream:75 - [STDERR_REDIRECT] 
2026-05-31 10:02:45,340 [ERROR] LogOutputStream:75 - [STDERR_REDIRECT] [Fatal Error] :1:1: Premature end of file.
2026-05-31 10:02:45,340 [ERROR] LogOutputStream:75 - [STDERR_REDIRECT] 
2026-05-31 10:02:46,349 [ERROR] LogOutputStream:75 - [STDERR_REDIRECT] [Fatal Error] :1:1: Premature end of file.
2026-05-31 10:02:46,349 [ERROR] LogOutputStream:75 - [STDERR_REDIRECT] 
2026-05-31 10:02:47,344 [ERROR] LogOutputStream:75 - [STDERR_REDIRECT] [Fatal Error] :1:1: Premature end of file.
2026-05-31 10:02:47,344 [ERROR] LogOutputStream:75 - [STDERR_REDIRECT] 
2026-05-31 10:02:48,340 [ERROR] LogOutputStream:75 - [STDERR_REDIRECT] [Fatal Error] :1:1: Premature end of file.
2026-05-31 10:02:48,340 [ERROR] LogOutputStream:75 - [STDERR_REDIRECT] 
2026-05-31 10:02:49,343 [ERROR] LogOutputStream:75 - [STDERR_REDIRECT] [Fatal Error] :1:1: Premature end of file.
2026-05-31 10:02:49,343 [ERROR] LogOutputStream:75 - [STDERR_REDIRECT] 
2026-05-31 10:02:50,350 [ERROR] LogOutputStream:75 - [STDERR_REDIRECT] [Fatal Error] :1:1: Premature end of file.
2026-05-31 10:02:50,350 [ERROR] LogOutputStream:75 - [STDERR_REDIRECT] 
2026-05-31 10:02:51,344 [ERROR] LogOutputStream:75 - [STDERR_REDIRECT] [Fatal Error] :1:1: Premature end of file.
2026-05-31 10:02:51,344 [ERROR] LogOutputStream:75 - [STDERR_REDIRECT] 
2026-05-31 10:02:52,346 [ERROR] LogOutputStream:75 - [STDERR_REDIRECT] [Fatal Error] :1:1: Premature end of file.
2026-05-31 10:02:52,346 [ERROR] LogOutputStream:75 - [STDERR_REDIRECT] 
2026-05-31 10:02:53,356 [ERROR] LogOutputStream:75 - [STDERR_REDIRECT] [Fatal Error] :1:1: Premature end of file.
2026-05-31 10:02:53,356 [ERROR] LogOutputStream:75 - [STDERR_REDIRECT] 
2026-05-31 10:02:54,351 [ERROR] LogOutputStream:75 - [STDERR_REDIRECT] [Fatal Error] :1:1: Premature end of file.
2026-05-31 10:02:54,351 [ERROR] LogOutputStream:75 - [STDERR_REDIRECT] 
2026-05-31 10:02:55,354 [ERROR] LogOutputStream:75 - [STDERR_REDIRECT] [Fatal Error] :1:1: Premature end of file.
2026-05-31 10:02:55,355 [ERROR] LogOutputStream:75 - [STDERR_REDIRECT] 
2026-05-31 10:02:56,356 [ERROR] LogOutputStream:75 - [STDERR_REDIRECT] [Fatal Error] :1:1: Premature end of file.
2026-05-31 10:02:56,357 [ERROR] LogOutputStream:75 - [STDERR_REDIRECT] 
2026-05-31 10:02:57,390 [ERROR] LogOutputStream:75 - [STDERR_REDIRECT] [Fatal Error] :1:1: Premature end of file.
2026-05-31 10:02:57,392 [ERROR] LogOutputStream:75 - [STDERR_REDIRECT] 
2026-05-31 10:02:58,356 [ERROR] LogOutputStream:75 - [STDERR_REDIRECT] [Fatal Error] :1:1: Premature end of file.
2026-05-31 10:02:58,356 [ERROR] LogOutputStream:75 - [STDERR_REDIRECT] 
2026-05-31 10:02:59,348 [ERROR] LogOutputStream:75 - [STDERR_REDIRECT] [Fatal Error] :1:1: Premature end of file.
2026-05-31 10:02:59,348 [ERROR] LogOutputStream:75 - [STDERR_REDIRECT] 
2026-05-31 10:03:00,389 [ERROR] LogOutputStream:75 - [STDERR_REDIRECT] [Fatal Error] :1:1: Premature end of file.
2026-05-31 10:03:00,390 [ERROR] LogOutputStream:75 - [STDERR_REDIRECT] 
2026-05-31 10:03:01,368 [ERROR] LogOutputStream:75 - [STDERR_REDIRECT] [Fatal Error] :1:1: Premature end of file.
2026-05-31 10:03:01,368 [ERROR] LogOutputStream:75 - [STDERR_REDIRECT] 
2026-05-31 10:03:02,371 [ERROR] LogOutputStream:75 - [STDERR_REDIRECT] [Fatal Error] :1:1: Premature end of file.
2026-05-31 10:03:02,372 [ERROR] LogOutputStream:75 - [STDERR_REDIRECT] 
2026-05-31 10:03:03,359 [ERROR] LogOutputStream:75 - [STDERR_REDIRECT] [Fatal Error] :1:1: Premature end of file.
2026-05-31 10:03:03,359 [ERROR] LogOutputStream:75 - [STDERR_REDIRECT] 
2026-05-31 10:03:04,348 [ERROR] LogOutputStream:75 - [STDERR_REDIRECT] [Fatal Error] :1:1: Premature end of file.
2026-05-31 10:03:04,348 [ERROR] LogOutputStream:75 - [STDERR_REDIRECT] 
2026-05-31 10:03:05,354 [ERROR] LogOutputStream:75 - [STDERR_REDIRECT] [Fatal Error] :1:1: Premature end of file.
2026-05-31 10:03:05,355 [ERROR] LogOutputStream:75 - [STDERR_REDIRECT] 
2026-05-31 10:03:06,383 [ERROR] LogOutputStream:75 - [STDERR_REDIRECT] [Fatal Error] :1:1: Premature end of file.
2026-05-31 10:03:06,384 [ERROR] LogOutputStream:75 - [STDERR_REDIRECT] 
2026-05-31 10:03:07,382 [ERROR] LogOutputStream:75 - [STDERR_REDIRECT] [Fatal Error] :1:1: Premature end of file.
2026-05-31 10:03:07,383 [ERROR] LogOutputStream:75 - [STDERR_REDIRECT] 
2026-05-31 10:03:08,337 [ERROR] LogOutputStream:75 - [STDERR_REDIRECT] [Fatal Error] :1:1: Premature end of file.
2026-05-31 10:03:08,337 [ERROR] LogOutputStream:75 - [STDERR_REDIRECT] 
2026-05-31 10:03:09,342 [ERROR] LogOutputStream:75 - [STDERR_REDIRECT] [Fatal Error] :1:1: Premature end of file.
2026-05-31 10:03:09,343 [ERROR] LogOutputStream:75 - [STDERR_REDIRECT] 
2026-05-31 10:03:10,335 [ERROR] LogOutputStream:75 - [STDERR_REDIRECT] [Fatal Error] :1:1: Premature end of file.
2026-05-31 10:03:10,335 [ERROR] LogOutputStream:75 - [STDERR_REDIRECT] 
2026-05-31 10:03:11,335 [ERROR] LogOutputStream:75 - [STDERR_REDIRECT] [Fatal Error] :1:1: Premature end of file.
2026-05-31 10:03:11,335 [ERROR] LogOutputStream:75 - [STDERR_REDIRECT] 
2026-05-31 10:03:12,337 [ERROR] LogOutputStream:75 - [STDERR_REDIRECT] [Fatal Error] :1:1: Premature end of file.
2026-05-31 10:03:12,337 [ERROR] LogOutputStream:75 - [STDERR_REDIRECT] 
2026-05-31 10:03:13,335 [ERROR] LogOutputStream:75 - [STDERR_REDIRECT] [Fatal Error] :1:1: Premature end of file.
2026-05-31 10:03:13,336 [ERROR] LogOutputStream:75 - [STDERR_REDIRECT] 
2026-05-31 10:03:14,363 [ERROR] LogOutputStream:75 - [STDERR_REDIRECT] [Fatal Error] :1:1: Premature end of file.
2026-05-31 10:03:14,363 [ERROR] LogOutputStream:75 - [STDERR_REDIRECT] 
2026-05-31 10:03:15,358 [ERROR] LogOutputStream:75 - [STDERR_REDIRECT] [Fatal Error] :1:1: Premature end of file.
2026-05-31 10:03:15,358 [ERROR] LogOutputStream:75 - [STDERR_REDIRECT] 
2026-05-31 10:03:16,348 [ERROR] LogOutputStream:75 - [STDERR_REDIRECT] [Fatal Error] :1:1: Premature end of file.
2026-05-31 10:03:16,348 [ERROR] LogOutputStream:75 - [STDERR_REDIRECT] 
2026-05-31 10:03:17,343 [ERROR] LogOutputStream:75 - [STDERR_REDIRECT] [Fatal Error] :1:1: Premature end of file.
2026-05-31 10:03:17,343 [ERROR] LogOutputStream:75 - [STDERR_REDIRECT] 
2026-05-31 10:03:18,335 [ERROR] LogOutputStream:75 - [STDERR_REDIRECT] [Fatal Error] :1:1: Premature end of file.
2026-05-31 10:03:18,335 [ERROR] LogOutputStream:75 - [STDERR_REDIRECT] 
2026-05-31 10:03:19,337 [ERROR] LogOutputStream:75 - [STDERR_REDIRECT] [Fatal Error] :1:1: Premature end of file.
2026-05-31 10:03:19,337 [ERROR] LogOutputStream:75 - [STDERR_REDIRECT] 
2026-05-31 10:03:20,335 [ERROR] LogOutputStream:75 - [STDERR_REDIRECT] [Fatal Error] :1:1: Premature end of file.
2026-05-31 10:03:20,335 [ERROR] LogOutputStream:75 - [STDERR_REDIRECT] 
2026-05-31 10:03:21,338 [ERROR] LogOutputStream:75 - [STDERR_REDIRECT] [Fatal Error] :1:1: Premature end of file.
2026-05-31 10:03:21,338 [ERROR] LogOutputStream:75 - [STDERR_REDIRECT] 
2026-05-31 10:03:22,380 [ERROR] LogOutputStream:75 - [STDERR_REDIRECT] [Fatal Error] :1:1: Premature end of file.
2026-05-31 10:03:22,381 [ERROR] LogOutputStream:75 - [STDERR_REDIRECT] 
2026-05-31 10:03:23,377 [ERROR] LogOutputStream:75 - [STDERR_REDIRECT] [Fatal Error] :1:1: Premature end of file.
2026-05-31 10:03:23,378 [ERROR] LogOutputStream:75 - [STDERR_REDIRECT] 
2026-05-31 10:03:24,491 [ERROR] LogOutputStream:75 - [STDERR_REDIRECT] [Fatal Error] :1:1: Premature end of file.
2026-05-31 10:03:24,491 [ERROR] LogOutputStream:75 - [STDERR_REDIRECT] 
2026-05-31 10:03:25,473 [ERROR] LogOutputStream:75 - [STDERR_REDIRECT] [Fatal Error] :1:1: Premature end of file.
2026-05-31 10:03:25,474 [ERROR] LogOutputStream:75 - [STDERR_REDIRECT] 
2026-05-31 10:03:26,631 [ERROR] LogOutputStream:75 - [STDERR_REDIRECT] [Fatal Error] :1:1: Premature end of file.
2026-05-31 10:03:26,632 [ERROR] LogOutputStream:75 - [STDERR_REDIRECT] 
2026-05-31 10:03:27,467 [ERROR] LogOutputStream:75 - [STDERR_REDIRECT] [Fatal Error] :1:1: Premature end of file.
2026-05-31 10:03:27,467 [ERROR] LogOutputStream:75 - [STDERR_REDIRECT] 
2026-05-31 10:03:28,378 [ERROR] LogOutputStream:75 - [STDERR_REDIRECT] [Fatal Error] :1:1: Premature end of file.
2026-05-31 10:03:28,378 [ERROR] LogOutputStream:75 - [STDERR_REDIRECT] 
2026-05-31 10:03:29,336 [ERROR] LogOutputStream:75 - [STDERR_REDIRECT] [Fatal Error] :1:1: Premature end of file.
2026-05-31 10:03:29,336 [ERROR] LogOutputStream:75 - [STDERR_REDIRECT] 
2026-05-31 10:03:30,340 [ERROR] LogOutputStream:75 - [STDERR_REDIRECT] [Fatal Error] :1:1: Premature end of file.
2026-05-31 10:03:30,340 [ERROR] LogOutputStream:75 - [STDERR_REDIRECT] 
2026-05-31 10:03:31,339 [ERROR] LogOutputStream:75 - [STDERR_REDIRECT] [Fatal Error] :1:1: Premature end of file.
2026-05-31 10:03:31,339 [ERROR] LogOutputStream:75 - [STDERR_REDIRECT] 
2026-05-31 10:03:32,386 [ERROR] LogOutputStream:75 - [STDERR_REDIRECT] [Fatal Error] :1:1: Premature end of file.
2026-05-31 10:03:32,386 [ERROR] LogOutputStream:75 - [STDERR_REDIRECT] 
2026-05-31 10:03:33,334 [ERROR] LogOutputStream:75 - [STDERR_REDIRECT] [Fatal Error] :1:1: Premature end of file.
2026-05-31 10:03:33,334 [ERROR] LogOutputStream:75 - [STDERR_REDIRECT] 
2026-05-31 10:03:34,338 [ERROR] LogOutputStream:75 - [STDERR_REDIRECT] [Fatal Error] :1:1: Premature end of file.
2026-05-31 10:03:34,338 [ERROR] LogOutputStream:75 - [STDERR_REDIRECT] 
2026-05-31 10:03:35,339 [ERROR] LogOutputStream:75 - [STDERR_REDIRECT] [Fatal Error] :1:1: Premature end of file.
2026-05-31 10:03:35,339 [ERROR] LogOutputStream:75 - [STDERR_REDIRECT] 
2026-05-31 10:03:36,335 [ERROR] LogOutputStream:75 - [STDERR_REDIRECT] [Fatal Error] :1:1: Premature end of file.
2026-05-31 10:03:36,335 [ERROR] LogOutputStream:75 - [STDERR_REDIRECT] 
2026-05-31 10:03:37,335 [ERROR] LogOutputStream:75 - [STDERR_REDIRECT] [Fatal Error] :1:1: Premature end of file.
2026-05-31 10:03:37,335 [ERROR] LogOutputStream:75 - [STDERR_REDIRECT] 
2026-05-31 10:03:38,341 [ERROR] LogOutputStream:75 - [STDERR_REDIRECT] [Fatal Error] :1:1: Premature end of file.
2026-05-31 10:03:38,341 [ERROR] LogOutputStream:75 - [STDERR_REDIRECT] 
2026-05-31 10:03:39,335 [ERROR] LogOutputStream:75 - [STDERR_REDIRECT] [Fatal Error] :1:1: Premature end of file.
2026-05-31 10:03:39,335 [ERROR] LogOutputStream:75 - [STDERR_REDIRECT] 
2026-05-31 10:03:40,340 [ERROR] LogOutputStream:75 - [STDERR_REDIRECT] [Fatal Error] :1:1: Premature end of file.
2026-05-31 10:03:40,341 [ERROR] LogOutputStream:75 - [STDERR_REDIRECT] 
2026-05-31 10:03:41,339 [ERROR] LogOutputStream:75 - [STDERR_REDIRECT] [Fatal Error] :1:1: Premature end of file.
2026-05-31 10:03:41,339 [ERROR] LogOutputStream:75 - [STDERR_REDIRECT] 
2026-05-31 10:03:42,337 [ERROR] LogOutputStream:75 - [STDERR_REDIRECT] [Fatal Error] :1:1: Premature end of file.
2026-05-31 10:03:42,338 [ERROR] LogOutputStream:75 - [STDERR_REDIRECT] 
2026-05-31 10:03:43,335 [ERROR] LogOutputStream:75 - [STDERR_REDIRECT] [Fatal Error] :1:1: Premature end of file.
2026-05-31 10:03:43,335 [ERROR] LogOutputStream:75 - [STDERR_REDIRECT] 
2026-05-31 10:03:44,337 [ERROR] LogOutputStream:75 - [STDERR_REDIRECT] [Fatal Error] :1:1: Premature end of file.
2026-05-31 10:03:44,337 [ERROR] LogOutputStream:75 - [STDERR_REDIRECT] 
2026-05-31 10:03:45,341 [ERROR] LogOutputStream:75 - [STDERR_REDIRECT] [Fatal Error] :1:1: Premature end of file.
2026-05-31 10:03:45,341 [ERROR] LogOutputStream:75 - [STDERR_REDIRECT] 
2026-05-31 10:03:46,338 [ERROR] LogOutputStream:75 - [STDERR_REDIRECT] [Fatal Error] :1:1: Premature end of file.
2026-05-31 10:03:46,338 [ERROR] LogOutputStream:75 - [STDERR_REDIRECT] 
2026-05-31 10:03:47,343 [ERROR] LogOutputStream:75 - [STDERR_REDIRECT] [Fatal Error] :1:1: Premature end of file.
2026-05-31 10:03:47,344 [ERROR] LogOutputStream:75 - [STDERR_REDIRECT] 
2026-05-31 10:03:48,365 [ERROR] LogOutputStream:75 - [STDERR_REDIRECT] [Fatal Error] :1:1: Premature end of file.
2026-05-31 10:03:48,365 [ERROR] LogOutputStream:75 - [STDERR_REDIRECT] 
2026-05-31 10:03:49,337 [ERROR] LogOutputStream:75 - [STDERR_REDIRECT] [Fatal Error] :1:1: Premature end of file.
2026-05-31 10:03:49,337 [ERROR] LogOutputStream:75 - [STDERR_REDIRECT] 
2026-05-31 10:03:50,338 [ERROR] LogOutputStream:75 - [STDERR_REDIRECT] [Fatal Error] :1:1: Premature end of file.
2026-05-31 10:03:50,338 [ERROR] LogOutputStream:75 - [STDERR_REDIRECT] 
2026-05-31 10:03:51,341 [ERROR] LogOutputStream:75 - [STDERR_REDIRECT] [Fatal Error] :1:1: Premature end of file.
2026-05-31 10:03:51,341 [ERROR] LogOutputStream:75 - [STDERR_REDIRECT] 
2026-05-31 10:03:52,350 [ERROR] LogOutputStream:75 - [STDERR_REDIRECT] [Fatal Error] :1:1: Premature end of file.
2026-05-31 10:03:52,350 [ERROR] LogOutputStream:75 - [STDERR_REDIRECT] 
2026-05-31 10:03:53,373 [ERROR] LogOutputStream:75 - [STDERR_REDIRECT] [Fatal Error] :1:1: Premature end of file.
2026-05-31 10:03:53,374 [ERROR] LogOutputStream:75 - [STDERR_REDIRECT] 
2026-05-31 10:03:53,590 [ERROR] LogOutputStream:75 - [STDERR_REDIRECT] 
