../Core/Src/main.c:86:5:_write	24	static
../Core/Src/main.c:97:5:main	8	static
../Core/Src/main.c:184:6:SystemClock_Config	88	static
../Core/Src/main.c:232:13:MX_USART2_UART_Init	8	static
../Core/Src/main.c:265:13:MX_GPIO_Init	48	static
../Core/Src/main.c:312:6:StartGreenLEDTask	16	static
../Core/Src/main.c:332:6:StartBlueLEDTask	16	static
../Core/Src/main.c:352:6:StartRedLEDTask	16	static
../Core/Src/main.c:373:6:HAL_TIM_PeriodElapsedCallback	16	static
../Core/Src/main.c:391:6:Error_Handler	4	static,ignoring_inline_asm
