../Core/Src/ssd1306.c:46:6:SSD1306_ScrollRight	16	static
../Core/Src/ssd1306.c:59:6:SSD1306_ScrollLeft	16	static
../Core/Src/ssd1306.c:72:6:SSD1306_Scrolldiagright	16	static
../Core/Src/ssd1306.c:88:6:SSD1306_Scrolldiagleft	16	static
../Core/Src/ssd1306.c:104:6:SSD1306_Stopscroll	8	static
../Core/Src/ssd1306.c:111:6:SSD1306_InvertDisplay	16	static
../Core/Src/ssd1306.c:120:6:SSD1306_DrawBitmap	32	static
../Core/Src/ssd1306.c:150:9:SSD1306_Init	16	static
../Core/Src/ssd1306.c:216:6:SSD1306_UpdateScreen	16	static
../Core/Src/ssd1306.c:229:6:SSD1306_ToggleInvert	16	static
../Core/Src/ssd1306.c:241:6:SSD1306_Fill	16	static
../Core/Src/ssd1306.c:246:6:SSD1306_DrawPixel	16	static
../Core/Src/ssd1306.c:268:6:SSD1306_GotoXY	16	static
../Core/Src/ssd1306.c:274:6:SSD1306_Putc	32	static
../Core/Src/ssd1306.c:305:6:SSD1306_Puts	24	static
../Core/Src/ssd1306.c:323:6:SSD1306_DrawLine	40	static
../Core/Src/ssd1306.c:407:6:SSD1306_DrawRectangle	32	static
../Core/Src/ssd1306.c:432:6:SSD1306_DrawFilledRectangle	40	static
../Core/Src/ssd1306.c:459:6:SSD1306_DrawTriangle	32	static
../Core/Src/ssd1306.c:467:6:SSD1306_DrawFilledTriangle	64	static
../Core/Src/ssd1306.c:523:6:SSD1306_DrawCircle	40	static
../Core/Src/ssd1306.c:557:6:SSD1306_DrawFilledCircle	48	static
../Core/Src/ssd1306.c:590:6:SSD1306_Clear	8	static
../Core/Src/ssd1306.c:595:6:SSD1306_ON	8	static
../Core/Src/ssd1306.c:600:6:SSD1306_OFF	8	static
../Core/Src/ssd1306.c:616:6:ssd1306_I2C_Init	16	static
../Core/Src/ssd1306.c:628:6:ssd1306_I2C_WriteMulti	296	static
../Core/Src/ssd1306.c:638:6:ssd1306_I2C_Write	32	static
