../drivers/src/lcd.c:14:13:delay_us	24	static
../drivers/src/lcd.c:19:13:delay_ms	16	static
../drivers/src/lcd.c:26:13:lcd_enable_pulse	8	static
../drivers/src/lcd.c:35:13:lcd_send_nibble	16	static
../drivers/src/lcd.c:46:13:lcd_send_byte	16	static
../drivers/src/lcd.c:55:6:lcd_cmd	16	static
../drivers/src/lcd.c:64:6:lcd_data	16	static
../drivers/src/lcd.c:70:6:lcd_set_cursor	24	static
../drivers/src/lcd.c:77:6:lcd_clear	8	static
../drivers/src/lcd.c:83:6:lcd_print	16	static
../drivers/src/lcd.c:90:6:lcd_init	24	static
../drivers/src/lcd.c:156:6:lcd_print_uint16	32	static
