../drivers/src/stm32f446xx_usart_driver.c:32:6:USART_SetBaudRate	40	static
../drivers/src/stm32f446xx_usart_driver.c:109:6:USART_Init	24	static
../drivers/src/stm32f446xx_usart_driver.c:223:6:USART_PeripheralControl	16	static
../drivers/src/stm32f446xx_usart_driver.c:251:6:USART_PeriClockControl	16	static
../drivers/src/stm32f446xx_usart_driver.c:312:9:USART_GetFlagStatus	16	static
../drivers/src/stm32f446xx_usart_driver.c:336:6:USART_SendData	32	static
../drivers/src/stm32f446xx_usart_driver.c:399:6:USART_ReceiveData	32	static
../drivers/src/stm32f446xx_usart_driver.c:474:9:USART_SendDataIT	32	static
../drivers/src/stm32f446xx_usart_driver.c:512:9:USART_ReceiveDataIT	32	static
../drivers/src/stm32f446xx_usart_driver.c:550:6:USART_ClearFlag	16	static
../drivers/src/stm32f446xx_usart_driver.c:570:6:USART_IRQInterruptConfig	16	static
../drivers/src/stm32f446xx_usart_driver.c:625:6:USART_IRQPriorityConfig	24	static
../drivers/src/stm32f446xx_usart_driver.c:651:6:USART_IRQHandling	32	static
../drivers/src/stm32f446xx_usart_driver.c:954:13:USART_ApplicationEventCallback	16	static
