10:05:31 **** Build of configuration Debug for project STM_DRIVERS ****
make -j16 all 
arm-none-eabi-gcc "../Src/main.c" -mcpu=cortex-m4 -std=gnu11 -g3 -DDEBUG -DSTM32 -DSTM32F4 -DSTM32F446RETx -DNUCLEO_F446RE -c -I"C:/embeddedSystem/stm32Barematel/stmdrivers/STM_DRIVERS/drivers/inc" -I"C:/embeddedSystem/stm32Barematel/stmdrivers/STM_DRIVERS/drivers/src" -I../Inc -O0 -ffunction-sections -fdata-sections -Wall -fstack-usage -fcyclomatic-complexity -MMD -MP -MF"Src/main.d" -MT"Src/main.o" --specs=nano.specs -mfpu=fpv4-sp-d16 -mfloat-abi=hard -mthumb -o "Src/main.o"
arm-none-eabi-gcc -o "STM_DRIVERS.elf" @"objects.list"   -mcpu=cortex-m4 -T"C:\embeddedSystem\stm32Barematel\stmdrivers\STM_DRIVERS\STM32F446RETX_FLASH.ld" --specs=nosys.specs -Wl,-Map="STM_DRIVERS.map" -Wl,--gc-sections -static --specs=nano.specs -mfpu=fpv4-sp-d16 -mfloat-abi=hard -mthumb -Wl,--start-group -lc -lm -Wl,--end-group
Finished building target: STM_DRIVERS.elf
 
arm-none-eabi-size  STM_DRIVERS.elf 
arm-none-eabi-objdump -h -S STM_DRIVERS.elf  > "STM_DRIVERS.list"
   text	   data	    bss	    dec	    hex	filename
   4812	     92	   1900	   6804	   1a94	STM_DRIVERS.elf
Finished building: default.size.stdout
 
Finished building: STM_DRIVERS.list
 

10:05:33 Build Finished. 0 errors, 0 warnings. (took 1s.651ms)

