Archive member included to satisfy reference by file (symbol)

C:/ST/STM32CubeIDE_1.18.1/STM32CubeIDE/plugins/com.st.stm32cube.ide.mcu.externaltools.gnu-tools-for-stm32.13.3.rel1.win32_1.0.0.202411081344/tools/bin/../lib/gcc/arm-none-eabi/13.3.1/../../../../arm-none-eabi/lib/thumb/v7e-m+fp/hard\libc_nano.a(libc_a-exit.o)
                              C:/ST/STM32CubeIDE_1.18.1/STM32CubeIDE/plugins/com.st.stm32cube.ide.mcu.externaltools.gnu-tools-for-stm32.13.3.rel1.win32_1.0.0.202411081344/tools/bin/../lib/gcc/arm-none-eabi/13.3.1/../../../../arm-none-eabi/lib/thumb/v7e-m+fp/hard/crt0.o (exit)
C:/ST/STM32CubeIDE_1.18.1/STM32CubeIDE/plugins/com.st.stm32cube.ide.mcu.externaltools.gnu-tools-for-stm32.13.3.rel1.win32_1.0.0.202411081344/tools/bin/../lib/gcc/arm-none-eabi/13.3.1/../../../../arm-none-eabi/lib/thumb/v7e-m+fp/hard\libc_nano.a(libc_a-findfp.o)
                              C:/ST/STM32CubeIDE_1.18.1/STM32CubeIDE/plugins/com.st.stm32cube.ide.mcu.externaltools.gnu-tools-for-stm32.13.3.rel1.win32_1.0.0.202411081344/tools/bin/../lib/gcc/arm-none-eabi/13.3.1/../../../../arm-none-eabi/lib/thumb/v7e-m+fp/hard\libc_nano.a(libc_a-exit.o) (__stdio_exit_handler)
C:/ST/STM32CubeIDE_1.18.1/STM32CubeIDE/plugins/com.st.stm32cube.ide.mcu.externaltools.gnu-tools-for-stm32.13.3.rel1.win32_1.0.0.202411081344/tools/bin/../lib/gcc/arm-none-eabi/13.3.1/../../../../arm-none-eabi/lib/thumb/v7e-m+fp/hard\libc_nano.a(libc_a-fwalk.o)
                              C:/ST/STM32CubeIDE_1.18.1/STM32CubeIDE/plugins/com.st.stm32cube.ide.mcu.externaltools.gnu-tools-for-stm32.13.3.rel1.win32_1.0.0.202411081344/tools/bin/../lib/gcc/arm-none-eabi/13.3.1/../../../../arm-none-eabi/lib/thumb/v7e-m+fp/hard\libc_nano.a(libc_a-findfp.o) (_fwalk_sglue)
C:/ST/STM32CubeIDE_1.18.1/STM32CubeIDE/plugins/com.st.stm32cube.ide.mcu.externaltools.gnu-tools-for-stm32.13.3.rel1.win32_1.0.0.202411081344/tools/bin/../lib/gcc/arm-none-eabi/13.3.1/../../../../arm-none-eabi/lib/thumb/v7e-m+fp/hard\libc_nano.a(libc_a-puts.o)
                              ./Core/Src/main.o (puts)
C:/ST/STM32CubeIDE_1.18.1/STM32CubeIDE/plugins/com.st.stm32cube.ide.mcu.externaltools.gnu-tools-for-stm32.13.3.rel1.win32_1.0.0.202411081344/tools/bin/../lib/gcc/arm-none-eabi/13.3.1/../../../../arm-none-eabi/lib/thumb/v7e-m+fp/hard\libc_nano.a(libc_a-stdio.o)
                              C:/ST/STM32CubeIDE_1.18.1/STM32CubeIDE/plugins/com.st.stm32cube.ide.mcu.externaltools.gnu-tools-for-stm32.13.3.rel1.win32_1.0.0.202411081344/tools/bin/../lib/gcc/arm-none-eabi/13.3.1/../../../../arm-none-eabi/lib/thumb/v7e-m+fp/hard\libc_nano.a(libc_a-findfp.o) (__sread)
C:/ST/STM32CubeIDE_1.18.1/STM32CubeIDE/plugins/com.st.stm32cube.ide.mcu.externaltools.gnu-tools-for-stm32.13.3.rel1.win32_1.0.0.202411081344/tools/bin/../lib/gcc/arm-none-eabi/13.3.1/../../../../arm-none-eabi/lib/thumb/v7e-m+fp/hard\libc_nano.a(libc_a-wbuf.o)
                              C:/ST/STM32CubeIDE_1.18.1/STM32CubeIDE/plugins/com.st.stm32cube.ide.mcu.externaltools.gnu-tools-for-stm32.13.3.rel1.win32_1.0.0.202411081344/tools/bin/../lib/gcc/arm-none-eabi/13.3.1/../../../../arm-none-eabi/lib/thumb/v7e-m+fp/hard\libc_nano.a(libc_a-puts.o) (__swbuf_r)
C:/ST/STM32CubeIDE_1.18.1/STM32CubeIDE/plugins/com.st.stm32cube.ide.mcu.externaltools.gnu-tools-for-stm32.13.3.rel1.win32_1.0.0.202411081344/tools/bin/../lib/gcc/arm-none-eabi/13.3.1/../../../../arm-none-eabi/lib/thumb/v7e-m+fp/hard\libc_nano.a(libc_a-wsetup.o)
                              C:/ST/STM32CubeIDE_1.18.1/STM32CubeIDE/plugins/com.st.stm32cube.ide.mcu.externaltools.gnu-tools-for-stm32.13.3.rel1.win32_1.0.0.202411081344/tools/bin/../lib/gcc/arm-none-eabi/13.3.1/../../../../arm-none-eabi/lib/thumb/v7e-m+fp/hard\libc_nano.a(libc_a-puts.o) (__swsetup_r)
C:/ST/STM32CubeIDE_1.18.1/STM32CubeIDE/plugins/com.st.stm32cube.ide.mcu.externaltools.gnu-tools-for-stm32.13.3.rel1.win32_1.0.0.202411081344/tools/bin/../lib/gcc/arm-none-eabi/13.3.1/../../../../arm-none-eabi/lib/thumb/v7e-m+fp/hard\libc_nano.a(libc_a-memset.o)
                              C:/ST/STM32CubeIDE_1.18.1/STM32CubeIDE/plugins/com.st.stm32cube.ide.mcu.externaltools.gnu-tools-for-stm32.13.3.rel1.win32_1.0.0.202411081344/tools/bin/../lib/gcc/arm-none-eabi/13.3.1/../../../../arm-none-eabi/lib/thumb/v7e-m+fp/hard/crt0.o (memset)
C:/ST/STM32CubeIDE_1.18.1/STM32CubeIDE/plugins/com.st.stm32cube.ide.mcu.externaltools.gnu-tools-for-stm32.13.3.rel1.win32_1.0.0.202411081344/tools/bin/../lib/gcc/arm-none-eabi/13.3.1/../../../../arm-none-eabi/lib/thumb/v7e-m+fp/hard\libc_nano.a(libc_a-closer.o)
                              C:/ST/STM32CubeIDE_1.18.1/STM32CubeIDE/plugins/com.st.stm32cube.ide.mcu.externaltools.gnu-tools-for-stm32.13.3.rel1.win32_1.0.0.202411081344/tools/bin/../lib/gcc/arm-none-eabi/13.3.1/../../../../arm-none-eabi/lib/thumb/v7e-m+fp/hard\libc_nano.a(libc_a-stdio.o) (_close_r)
[...]
Memory Configuration

Name             Origin             Length             Attributes
RAM              0x20000000         0x00020000         xrw
FLASH            0x08000000         0x00080000         xr
*default*        0x00000000         0xffffffff

Linker script and memory map

LOAD C:/ST/STM32CubeIDE_1.18.1/STM32CubeIDE/plugins/com.st.stm32cube.ide.mcu.externaltools.gnu-tools-for-stm32.13.3.rel1.win32_1.0.0.202411081344/tools/bin/../lib/gcc/arm-none-eabi/13.3.1/thumb/v7e-m+fp/hard/crti.o
LOAD C:/ST/STM32CubeIDE_1.18.1/STM32CubeIDE/plugins/com.st.stm32cube.ide.mcu.externaltools.gnu-tools-for-stm32.13.3.rel1.win32_1.0.0.202411081344/tools/bin/../lib/gcc/arm-none-eabi/13.3.1/thumb/v7e-m+fp/hard/crtbegin.o
LOAD C:/ST/STM32CubeIDE_1.18.1/STM32CubeIDE/plugins/com.st.stm32cube.ide.mcu.externaltools.gnu-tools-for-stm32.13.3.rel1.win32_1.0.0.202411081344/tools/bin/../lib/gcc/arm-none-eabi/13.3.1/../../../../arm-none-eabi/lib/thumb/v7e-m+fp/hard/crt0.o
LOAD ./Core/Src/main.o
LOAD ./Core/Src/stm32f4xx_hal_msp.o
LOAD ./Core/Src/stm32f4xx_hal_timebase_tim.o
LOAD ./Core/Src/stm32f4xx_it.o
LOAD ./Core/Src/syscalls.o
LOAD ./Core/Src/sysmem.o
LOAD ./Core/Src/system_stm32f4xx.o
LOAD ./Core/Startup/startup_stm32f446retx.o
LOAD ./Drivers/STM32F4xx_HAL_Driver/Src/stm32f4xx_hal.o
LOAD ./Drivers/STM32F4xx_HAL_Driver/Src/stm32f4xx_hal_cortex.o
LOAD ./Drivers/STM32F4xx_HAL_Driver/Src/stm32f4xx_hal_dma.o
LOAD ./Drivers/STM32F4xx_HAL_Driver/Src/stm32f4xx_hal_dma_ex.o
LOAD ./Drivers/STM32F4xx_HAL_Driver/Src/stm32f4xx_hal_exti.o
LOAD ./Drivers/STM32F4xx_HAL_Driver/Src/stm32f4xx_hal_flash.o
LOAD ./Drivers/STM32F4xx_HAL_Driver/Src/stm32f4xx_hal_flash_ex.o
LOAD ./Drivers/STM32F4xx_HAL_Driver/Src/stm32f4xx_hal_flash_ramfunc.o
LOAD ./Drivers/STM32F4xx_HAL_Driver/Src/stm32f4xx_hal_gpio.o
LOAD ./Drivers/STM32F4xx_HAL_Driver/Src/stm32f4xx_hal_pwr.o
LOAD ./Drivers/STM32F4xx_HAL_Driver/Src/stm32f4xx_hal_pwr_ex.o
LOAD ./Drivers/STM32F4xx_HAL_Driver/Src/stm32f4xx_hal_rcc.o
LOAD ./Drivers/STM32F4xx_HAL_Driver/Src/stm32f4xx_hal_rcc_ex.o
LOAD ./Drivers/STM32F4xx_HAL_Driver/Src/stm32f4xx_hal_tim.o
LOAD ./Drivers/STM32F4xx_HAL_Driver/Src/stm32f4xx_hal_tim_ex.o
LOAD ./Drivers/STM32F4xx_HAL_Driver/Src/stm32f4xx_hal_uart.o
LOAD ./ThirdParty/FreeRtos/croutine.o
LOAD ./ThirdParty/FreeRtos/event_groups.o
LOAD ./ThirdParty/FreeRtos/list.o
LOAD ./ThirdParty/FreeRtos/queue.o
LOAD ./ThirdParty/FreeRtos/stream_buffer.o
LOAD ./ThirdParty/FreeRtos/tasks.o
LOAD ./ThirdParty/FreeRtos/timers.o
LOAD ./ThirdParty/FreeRtos/portable/GCC/ARM_CM4F/port.o
LOAD ./ThirdParty/FreeRtos/portable/MemMang/heap_4.o
START GROUP
LOAD C:/ST/STM32CubeIDE_1.18.1/STM32CubeIDE/plugins/com.st.stm32cube.ide.mcu.externaltools.gnu-tools-for-stm32.13.3.rel1.win32_1.0.0.202411081344/tools/bin/../lib/gcc/arm-none-eabi/13.3.1/../../../../arm-none-eabi/lib/thumb/v7e-m+fp/hard\libc_nano.a
LOAD C:/ST/STM32CubeIDE_1.18.1/STM32CubeIDE/plugins/com.st.stm32cube.ide.mcu.externaltools.gnu-tools-for-stm32.13.3.rel1.win32_1.0.0.202411081344/tools/bin/../lib/gcc/arm-none-eabi/13.3.1/../../../../arm-none-eabi/lib/thumb/v7e-m+fp/hard\libm.a
END GROUP
START GROUP
LOAD C:/ST/STM32CubeIDE_1.18.1/STM32CubeIDE/plugins/com.st.stm32cube.ide.mcu.externaltools.gnu-tools-for-stm32.13.3.rel1.win32_1.0.0.202411081344/tools/bin/../lib/gcc/arm-none-eabi/13.3.1/thumb/v7e-m+fp/hard\libgcc.a
LOAD C:/ST/STM32CubeIDE_1.18.1/STM32CubeIDE/plugins/com.st.stm32cube.ide.mcu.externaltools.gnu-tools-for-stm32.13.3.rel1.win32_1.0.0.202411081344/tools/bin/../lib/gcc/arm-none-eabi/13.3.1/../../../../arm-none-eabi/lib/thumb/v7e-m+fp/hard\libc_nano.a
END GROUP
START GROUP
LOAD C:/ST/STM32CubeIDE_1.18.1/STM32CubeIDE/plugins/com.st.stm32cube.ide.mcu.externaltools.gnu-tools-for-stm32.13.3.rel1.win32_1.0.0.202411081344/tools/bin/../lib/gcc/arm-none-eabi/13.3.1/thumb/v7e-m+fp/hard\libgcc.a
LOAD C:/ST/STM32CubeIDE_1.18.1/STM32CubeIDE/plugins/com.st.stm32cube.ide.mcu.externaltools.gnu-tools-for-stm32.13.3.rel1.win32_1.0.0.202411081344/tools/bin/../lib/gcc/arm-none-eabi/13.3.1/../../../../arm-none-eabi/lib/thumb/v7e-m+fp/hard\libc_nano.a
LOAD C:/ST/STM32CubeIDE_1.18.1/STM32CubeIDE/plugins/com.st.stm32cube.ide.mcu.externaltools.gnu-tools-for-stm32.13.3.rel1.win32_1.0.0.202411081344/tools/bin/../lib/gcc/arm-none-eabi/13.3.1/../../../../arm-none-eabi/lib/thumb/v7e-m+fp/hard\libnosys.a
END GROUP
START GROUP
LOAD C:/ST/STM32CubeIDE_1.18.1/STM32CubeIDE/plugins/com.st.stm32cube.ide.mcu.externaltools.gnu-tools-for-stm32.13.3.rel1.win32_1.0.0.202411081344/tools/bin/../lib/gcc/arm-none-eabi/13.3.1/thumb/v7e-m+fp/hard\libgcc.a
LOAD C:/ST/STM32CubeIDE_1.18.1/STM32CubeIDE/plugins/com.st.stm32cube.ide.mcu.externaltools.gnu-tools-for-stm32.13.3.rel1.win32_1.0.0.202411081344/tools/bin/../lib/gcc/arm-none-eabi/13.3.1/../../../../arm-none-eabi/lib/thumb/v7e-m+fp/hard\libc_nano.a
LOAD C:/ST/STM32CubeIDE_1.18.1/STM32CubeIDE/plugins/com.st.stm32cube.ide.mcu.externaltools.gnu-tools-for-stm32.13.3.rel1.win32_1.0.0.202411081344/tools/bin/../lib/gcc/arm-none-eabi/13.3.1/../../../../arm-none-eabi/lib/thumb/v7e-m+fp/hard\libnosys.a
END GROUP
LOAD C:/ST/STM32CubeIDE_1.18.1/STM32CubeIDE/plugins/com.st.stm32cube.ide.mcu.externaltools.gnu-tools-for-stm32.13.3.rel1.win32_1.0.0.202411081344/tools/bin/../lib/gcc/arm-none-eabi/13.3.1/thumb/v7e-m+fp/hard/crtend.o
LOAD C:/ST/STM32CubeIDE_1.18.1/STM32CubeIDE/plugins/com.st.stm32cube.ide.mcu.externaltools.gnu-tools-for-stm32.13.3.rel1.win32_1.0.0.202411081344/tools/bin/../lib/gcc/arm-none-eabi/13.3.1/thumb/v7e-m+fp/hard/crtn.o
                0x20020000                        _estack = (ORIGIN (RAM) + LENGTH (RAM))
                0x00000200                        _Min_Heap_Size = 0x200
                0x00000400                        _Min_Stack_Size = 0x400

.isr_vector     0x08000000      0x1c4
                0x08000000                        . = ALIGN (0x4)
 *(.isr_vector)
 .isr_vector    0x08000000      0x1c4 ./Core/Startup/startup_stm32f446retx.o
                0x08000000                g_pfnVectors
                0x080001c4                        . = ALIGN (0x4)

.text           0x080001d0     0x51a0
                0x080001d0                        . = ALIGN (0x4)
 *(.text)
 .text          0x080001d0       0x40 C:/ST/STM32CubeIDE_1.18.1/STM32CubeIDE/plugins/com.st.stm32cube.ide.mcu.externaltools.gnu-tools-for-stm32.13.3.rel1.win32_1.0.0.202411081344/tools/bin/../lib/gcc/arm-none-eabi/13.3.1/thumb/v7e-m+fp/hard/crtbegin.o
 .text          0x08000210       0x30 C:/ST/STM32CubeIDE_1.18.1/STM32CubeIDE/plugins/com.st.stm32cube.ide.mcu.externaltools.gnu-tools-for-stm32.13.3.rel1.win32_1.0.0.202411081344/tools/bin/../lib/gcc/arm-none-eabi/13.3.1/thumb/v7e-m+fp/hard\libgcc.a(_aeabi_uldivmod.o)
                0x08000210                __aeabi_uldivmod
 .text          0x08000240      0x2f8 C:/ST/STM32CubeIDE_1.18.1/STM32CubeIDE/plugins/com.st.stm32cube.ide.mcu.externaltools.gnu-tools-for-stm32.13.3.rel1.win32_1.0.0.202411081344/tools/bin/../lib/gcc/arm-none-eabi/13.3.1/thumb/v7e-m+fp/hard\libgcc.a(_udivmoddi4.o)
                0x08000240                __udivmoddi4
 .text          0x08000538        0x4 C:/ST/STM32CubeIDE_1.18.1/STM32CubeIDE/plugins/com.st.stm32cube.ide.mcu.externaltools.gnu-tools-for-stm32.13.3.rel1.win32_1.0.0.202411081344/tools/bin/../lib/gcc/arm-none-eabi/13.3.1/thumb/v7e-m+fp/hard\libgcc.a(_dvmd_tls.o)
                0x08000538                __aeabi_idiv0
                0x08000538                __aeabi_ldiv0
 *(.text*)
 .text.main     0x0800053c       0xd8 ./Core/Src/main.o
                0x0800053c                main
 .text.SystemClock_Config
                0x08000614       0xdc ./Core/Src/main.o
                0x08000614                SystemClock_Config
 .text.MX_USART2_UART_Init
                0x080006f0       0x54 ./Core/Src/main.o
 .text.MX_GPIO_Init
                0x08000744       0xdc ./Core/Src/main.o
 .text.led_green_handler
                0x08000820       0x40 ./Core/Src/main.o
 .text.led_red_handler
                0x08000860       0x40 ./Core/Src/main.o
 .text.led_blue_handler
                0x080008a0       0x40 ./Core/Src/main.o
 .text.Error_Handler
                0x080008e0        0xc ./Core/Src/main.o
                0x080008e0                Error_Handler
 .text.HAL_MspInit
                0x080008ec       0x50 ./Core/Src/stm32f4xx_hal_msp.o
                0x080008ec                HAL_MspInit
 .text.HAL_UART_MspInit
                0x0800093c       0x90 ./Core/Src/stm32f4xx_hal_msp.o
                0x0800093c                HAL_UART_MspInit
 .text.HAL_InitTick
                0x080009cc       0xf8 ./Core/Src/stm32f4xx_hal_timebase_tim.o
                0x080009cc                HAL_InitTick
 .text._read    0x08000ac4       0x3a ./Core/Src/syscalls.o
                0x08000ac4                _read
 .text._write   0x08000afe       0x38 ./Core/Src/syscalls.o
                0x08000afe                _write
 .text._close   0x08000b36       0x18 ./Core/Src/syscalls.o
                0x08000b36                _close
 .text._fstat   0x08000b4e       0x20 ./Core/Src/syscalls.o
                0x08000b4e                _fstat
 .text._isatty  0x08000b6e       0x16 ./Core/Src/syscalls.o
                0x08000b6e                _isatty
 .text._lseek   0x08000b84       0x1a ./Core/Src/syscalls.o
                0x08000b84                _lseek
 *fill*         0x08000b9e        0x2 
 .text._sbrk    0x08000ba0       0x6c ./Core/Src/sysmem.o
                0x08000ba0                _sbrk
 .text.SystemInit
                0x08000c0c       0x24 ./Core/Src/system_stm32f4xx.o
                0x08000c0c                SystemInit
 .text.Reset_Handler
                0x08000c30       0x50 ./Core/Startup/startup_stm32f446retx.o
                0x08000c30                Reset_Handler
 .text.Default_Handler
                0x08000c80        0x2 ./Core/Startup/startup_stm32f446retx.o
                0x08000c80                RTC_Alarm_IRQHandler
                0x08000c80                EXTI2_IRQHandler
                0x08000c80                TIM8_CC_IRQHandler
                0x08000c80                DebugMon_Handler
                0x08000c80                FMPI2C1_EV_IRQHandler
                0x08000c80                SPI4_IRQHandler
                0x08000c80                TIM1_CC_IRQHandler
                0x08000c80                DMA2_Stream5_IRQHandler
                0x08000c80                HardFault_Handler
                0x08000c80                DMA1_Stream5_IRQHandler
                0x08000c80                PVD_IRQHandler
                0x08000c80                SDIO_IRQHandler
                0x08000c80                TAMP_STAMP_IRQHandler
                0x08000c80                NMI_Handler
                0x08000c80                CAN2_RX1_IRQHandler
                0x08000c80                EXTI3_IRQHandler
                0x08000c80                TIM8_TRG_COM_TIM14_IRQHandler
                0x08000c80                TIM1_UP_TIM10_IRQHandler
                0x08000c80                TIM8_UP_TIM13_IRQHandler
                0x08000c80                I2C3_ER_IRQHandler
                0x08000c80                EXTI0_IRQHandler
                0x08000c80                I2C2_EV_IRQHandler
                0x08000c80                DMA1_Stream2_IRQHandler
                0x08000c80                CAN1_RX0_IRQHandler
                0x08000c80                FPU_IRQHandler
                0x08000c80                OTG_HS_WKUP_IRQHandler
                0x08000c80                UsageFault_Handler
                0x08000c80                CAN2_SCE_IRQHandler
                0x08000c80                DMA2_Stream2_IRQHandler
                0x08000c80                SPI1_IRQHandler
                0x08000c80                TIM6_DAC_IRQHandler
                0x08000c80                TIM1_BRK_TIM9_IRQHandler
                0x08000c80                DCMI_IRQHandler
                0x08000c80                CAN2_RX0_IRQHandler
                0x08000c80                DMA2_Stream3_IRQHandler
                0x08000c80                SAI2_IRQHandler
                0x08000c80                USART6_IRQHandler
                0x08000c80                USART3_IRQHandler
                0x08000c80                CAN1_RX1_IRQHandler
                0x08000c80                UART5_IRQHandler
                0x08000c80                DMA2_Stream0_IRQHandler
                0x08000c80                TIM4_IRQHandler
                0x08000c80                QUADSPI_IRQHandler
                0x08000c80                I2C1_EV_IRQHandler
                0x08000c80                DMA1_Stream6_IRQHandler
                0x08000c80                DMA1_Stream1_IRQHandler
                0x08000c80                UART4_IRQHandler
                0x08000c80                TIM3_IRQHandler
                0x08000c80                RCC_IRQHandler
                0x08000c80                TIM8_BRK_TIM12_IRQHandler
                0x08000c80                Default_Handler
                0x08000c80                CEC_IRQHandler
                0x08000c80                EXTI15_10_IRQHandler
                0x08000c80                ADC_IRQHandler
                0x08000c80                DMA1_Stream7_IRQHandler
                0x08000c80                TIM7_IRQHandler
                0x08000c80                CAN2_TX_IRQHandler
                0x08000c80                TIM5_IRQHandler
                0x08000c80                DMA2_Stream7_IRQHandler
                0x08000c80                I2C3_EV_IRQHandler
                0x08000c80                EXTI9_5_IRQHandler
                0x08000c80                RTC_WKUP_IRQHandler
                0x08000c80                SPDIF_RX_IRQHandler
                0x08000c80                SPI2_IRQHandler
                0x08000c80                OTG_HS_EP1_IN_IRQHandler
                0x08000c80                MemManage_Handler
                0x08000c80                DMA1_Stream0_IRQHandler
                0x08000c80                CAN1_TX_IRQHandler
                0x08000c80                FMPI2C1_ER_IRQHandler
                0x08000c80                EXTI4_IRQHandler
                0x08000c80                OTG_HS_EP1_OUT_IRQHandler
                0x08000c80                WWDG_IRQHandler
                0x08000c80                TIM2_IRQHandler
                0x08000c80                OTG_FS_WKUP_IRQHandler
                0x08000c80                TIM1_TRG_COM_TIM11_IRQHandler
                0x08000c80                OTG_HS_IRQHandler
                0x08000c80                EXTI1_IRQHandler
                0x08000c80                USART2_IRQHandler
                0x08000c80                I2C2_ER_IRQHandler
                0x08000c80                DMA2_Stream1_IRQHandler
                0x08000c80                CAN1_SCE_IRQHandler
                0x08000c80                FLASH_IRQHandler
                0x08000c80                DMA2_Stream4_IRQHandler
                0x08000c80                BusFault_Handler
                0x08000c80                USART1_IRQHandler
                0x08000c80                OTG_FS_IRQHandler
                0x08000c80                SPI3_IRQHandler
                0x08000c80                DMA1_Stream4_IRQHandler
                0x08000c80                I2C1_ER_IRQHandler
                0x08000c80                FMC_IRQHandler
                0x08000c80                DMA2_Stream6_IRQHandler
                0x08000c80                SAI1_IRQHandler
                0x08000c80                DMA1_Stream3_IRQHandler
 *fill*         0x08000c82        0x2 
 .text.HAL_Init
                0x08000c84       0x44 ./Drivers/STM32F4xx_HAL_Driver/Src/stm32f4xx_hal.o
                0x08000c84                HAL_Init
 .text.HAL_GetTick
                0x08000cc8       0x18 ./Drivers/STM32F4xx_HAL_Driver/Src/stm32f4xx_hal.o
                0x08000cc8                HAL_GetTick
 .text.HAL_Delay
                0x08000ce0       0x48 ./Drivers/STM32F4xx_HAL_Driver/Src/stm32f4xx_hal.o
                0x08000ce0                HAL_Delay
 .text.__NVIC_SetPriorityGrouping
                0x08000d28       0x48 ./Drivers/STM32F4xx_HAL_Driver/Src/stm32f4xx_hal_cortex.o
 .text.__NVIC_GetPriorityGrouping
                0x08000d70       0x1c ./Drivers/STM32F4xx_HAL_Driver/Src/stm32f4xx_hal_cortex.o
 .text.__NVIC_EnableIRQ
                0x08000d8c       0x3c ./Drivers/STM32F4xx_HAL_Driver/Src/stm32f4xx_hal_cortex.o
 .text.__NVIC_SetPriority
                0x08000dc8       0x54 ./Drivers/STM32F4xx_HAL_Driver/Src/stm32f4xx_hal_cortex.o
 .text.NVIC_EncodePriority
                0x08000e1c       0x66 ./Drivers/STM32F4xx_HAL_Driver/Src/stm32f4xx_hal_cortex.o
 .text.HAL_NVIC_SetPriorityGrouping
                0x08000e82       0x16 ./Drivers/STM32F4xx_HAL_Driver/Src/stm32f4xx_hal_cortex.o
                0x08000e82                HAL_NVIC_SetPriorityGrouping
 .text.HAL_NVIC_SetPriority
                0x08000e98       0x38 ./Drivers/STM32F4xx_HAL_Driver/Src/stm32f4xx_hal_cortex.o
                0x08000e98                HAL_NVIC_SetPriority
 .text.HAL_NVIC_EnableIRQ
                0x08000ed0       0x1c ./Drivers/STM32F4xx_HAL_Driver/Src/stm32f4xx_hal_cortex.o
                0x08000ed0                HAL_NVIC_EnableIRQ
 .text.HAL_GPIO_Init
                0x08000eec      0x328 ./Drivers/STM32F4xx_HAL_Driver/Src/stm32f4xx_hal_gpio.o
                0x08000eec                HAL_GPIO_Init
 .text.HAL_GPIO_WritePin
                0x08001214       0x32 ./Drivers/STM32F4xx_HAL_Driver/Src/stm32f4xx_hal_gpio.o
                0x08001214                HAL_GPIO_WritePin
 .text.HAL_GPIO_TogglePin
                0x08001246       0x34 ./Drivers/STM32F4xx_HAL_Driver/Src/stm32f4xx_hal_gpio.o
                0x08001246                HAL_GPIO_TogglePin
 *fill*         0x0800127a        0x2 
 .text.HAL_RCC_ClockConfig
                0x0800127c      0x1cc ./Drivers/STM32F4xx_HAL_Driver/Src/stm32f4xx_hal_rcc.o
                0x0800127c                HAL_RCC_ClockConfig
 .text.HAL_RCC_GetHCLKFreq
                0x08001448       0x18 ./Drivers/STM32F4xx_HAL_Driver/Src/stm32f4xx_hal_rcc.o
                0x08001448                HAL_RCC_GetHCLKFreq
 .text.HAL_RCC_GetPCLK1Freq
                0x08001460       0x28 ./Drivers/STM32F4xx_HAL_Driver/Src/stm32f4xx_hal_rcc.o
                0x08001460                HAL_RCC_GetPCLK1Freq
 .text.HAL_RCC_GetPCLK2Freq
                0x08001488       0x28 ./Drivers/STM32F4xx_HAL_Driver/Src/stm32f4xx_hal_rcc.o
                0x08001488                HAL_RCC_GetPCLK2Freq
 .text.HAL_RCC_GetClockConfig
                0x080014b0       0x64 ./Drivers/STM32F4xx_HAL_Driver/Src/stm32f4xx_hal_rcc.o
                0x080014b0                HAL_RCC_GetClockConfig
 .text.HAL_RCC_GetSysClockFreq
                0x08001514      0x460 ./Drivers/STM32F4xx_HAL_Driver/Src/stm32f4xx_hal_rcc_ex.o
                0x08001514                HAL_RCC_GetSysClockFreq
 .text.HAL_RCC_OscConfig
                0x08001974      0x53c ./Drivers/STM32F4xx_HAL_Driver/Src/stm32f4xx_hal_rcc_ex.o
                0x08001974                HAL_RCC_OscConfig
 .text.HAL_TIM_Base_Init
                0x08001eb0       0x9e ./Drivers/STM32F4xx_HAL_Driver/Src/stm32f4xx_hal_tim.o
                0x08001eb0                HAL_TIM_Base_Init
 .text.HAL_TIM_Base_MspInit
                0x08001f4e       0x14 ./Drivers/STM32F4xx_HAL_Driver/Src/stm32f4xx_hal_tim.o
                0x08001f4e                HAL_TIM_Base_MspInit
 *fill*         0x08001f62        0x2 
 .text.HAL_TIM_Base_Start_IT
                0x08001f64       0xe0 ./Drivers/STM32F4xx_HAL_Driver/Src/stm32f4xx_hal_tim.o
                0x08001f64                HAL_TIM_Base_Start_IT
 .text.TIM_Base_SetConfig
                0x08002044      0x14c ./Drivers/STM32F4xx_HAL_Driver/Src/stm32f4xx_hal_tim.o
                0x08002044                TIM_Base_SetConfig
 .text.HAL_UART_Init
                0x08002190       0xa0 ./Drivers/STM32F4xx_HAL_Driver/Src/stm32f4xx_hal_uart.o
                0x08002190                HAL_UART_Init
 .text.UART_SetConfig
                0x08002230      0x4e8 ./Drivers/STM32F4xx_HAL_Driver/Src/stm32f4xx_hal_uart.o
 .text.vListInitialise
                0x08002718       0x40 ./ThirdParty/FreeRtos/list.o
                0x08002718                vListInitialise
 .text.vListInitialiseItem
                0x08002758       0x1a ./ThirdParty/FreeRtos/list.o
                0x08002758                vListInitialiseItem
 .text.vListInsert
                0x08002772       0x72 ./ThirdParty/FreeRtos/list.o
                0x08002772                vListInsert
 .text.uxListRemove
                0x080027e4       0x54 ./ThirdParty/FreeRtos/list.o
                0x080027e4                uxListRemove
 .text.xQueueGenericReset
                0x08002838      0x124 ./ThirdParty/FreeRtos/queue.o
                0x08002838                xQueueGenericReset
 .text.xQueueGenericCreate
                0x0800295c       0x9e ./ThirdParty/FreeRtos/queue.o
                0x0800295c                xQueueGenericCreate
 .text.prvInitialiseNewQueue
                0x080029fa       0x46 ./ThirdParty/FreeRtos/queue.o
 .text.xQueueReceive
                0x08002a40      0x1c4 ./ThirdParty/FreeRtos/queue.o
                0x08002a40                xQueueReceive
 .text.prvCopyDataFromQueue
                0x08002c04       0x4c ./ThirdParty/FreeRtos/queue.o
 .text.prvUnlockQueue
                0x08002c50       0xa4 ./ThirdParty/FreeRtos/queue.o
 .text.prvIsQueueEmpty
                0x08002cf4       0x2c ./ThirdParty/FreeRtos/queue.o
 .text.vQueueAddToRegistry
                0x08002d20       0xa0 ./ThirdParty/FreeRtos/queue.o
                0x08002d20                vQueueAddToRegistry
 .text.vQueueWaitForMessageRestricted
                0x08002dc0       0x68 ./ThirdParty/FreeRtos/queue.o
                0x08002dc0                vQueueWaitForMessageRestricted
 .text.xTaskCreate
                0x08002e28       0x8c ./ThirdParty/FreeRtos/tasks.o
                0x08002e28                xTaskCreate
 .text.prvInitialiseNewTask
                0x08002eb4      0x120 ./ThirdParty/FreeRtos/tasks.o
 .text.prvAddNewTaskToReadyList
                0x08002fd4      0x12c ./ThirdParty/FreeRtos/tasks.o
 .text.vTaskStartScheduler
                0x08003100       0xa4 ./ThirdParty/FreeRtos/tasks.o
                0x08003100                vTaskStartScheduler
 .text.vTaskSuspendAll
                0x080031a4       0x1c ./ThirdParty/FreeRtos/tasks.o
                0x080031a4                vTaskSuspendAll
 .text.xTaskResumeAll
                0x080031c0      0x1f8 ./ThirdParty/FreeRtos/tasks.o
                0x080031c0                xTaskResumeAll
 .text.xTaskGetTickCount
                0x080033b8       0x20 ./ThirdParty/FreeRtos/tasks.o
                0x080033b8                xTaskGetTickCount
 .text.xTaskIncrementTick
                0x080033d8      0x230 ./ThirdParty/FreeRtos/tasks.o
                0x080033d8                xTaskIncrementTick
 .text.vTaskSwitchContext
                0x08003608       0xb8 ./ThirdParty/FreeRtos/tasks.o
                0x08003608                vTaskSwitchContext
 .text.vTaskPlaceOnEventList
                0x080036c0       0x4c ./ThirdParty/FreeRtos/tasks.o
                0x080036c0                vTaskPlaceOnEventList
 .text.vTaskPlaceOnEventListRestricted
                0x0800370c       0x8c ./ThirdParty/FreeRtos/tasks.o
                0x0800370c                vTaskPlaceOnEventListRestricted
 .text.xTaskRemoveFromEventList
                0x08003798      0x1b0 ./ThirdParty/FreeRtos/tasks.o
                0x08003798                xTaskRemoveFromEventList
 .text.vTaskInternalSetTimeOutState
                0x08003948       0x2c ./ThirdParty/FreeRtos/tasks.o
                0x08003948                vTaskInternalSetTimeOutState
 .text.xTaskCheckForTimeOut
                0x08003974       0xd0 ./ThirdParty/FreeRtos/tasks.o
                0x08003974                xTaskCheckForTimeOut
 .text.vTaskMissedYield
                0x08003a44       0x18 ./ThirdParty/FreeRtos/tasks.o
                0x08003a44                vTaskMissedYield
 .text.prvIdleTask
                0x08003a5c       0x30 ./ThirdParty/FreeRtos/tasks.o
 .text.prvInitialiseTaskLists
                0x08003a8c       0x80 ./ThirdParty/FreeRtos/tasks.o
 .text.prvCheckTasksWaitingTermination
                0x08003b0c       0x5c ./ThirdParty/FreeRtos/tasks.o
 .text.prvDeleteTCB
                0x08003b68       0x20 ./ThirdParty/FreeRtos/tasks.o
 .text.prvResetNextTaskUnblockTime
                0x08003b88       0x38 ./ThirdParty/FreeRtos/tasks.o
 .text.xTaskGetSchedulerState
                0x08003bc0       0x3c ./ThirdParty/FreeRtos/tasks.o
                0x08003bc0                xTaskGetSchedulerState
 .text.prvAddCurrentTaskToDelayedList
                0x08003bfc      0x100 ./ThirdParty/FreeRtos/tasks.o
 .text.xTimerCreateTimerTask
                0x08003cfc       0x68 ./ThirdParty/FreeRtos/timers.o
                0x08003cfc                xTimerCreateTimerTask
 .text.prvReloadTimer
                0x08003d64       0x42 ./ThirdParty/FreeRtos/timers.o
 *fill*         0x08003da6        0x2 
 .text.prvProcessExpiredTimer
                0x08003da8       0x60 ./ThirdParty/FreeRtos/timers.o
 .text.prvTimerTask
                0x08003e08       0x26 ./ThirdParty/FreeRtos/timers.o
 *fill*         0x08003e2e        0x2 
 .text.prvProcessTimerOrBlockTask
                0x08003e30       0x9c ./ThirdParty/FreeRtos/timers.o
 .text.prvGetNextExpireTime
                0x08003ecc       0x48 ./ThirdParty/FreeRtos/timers.o
 .text.prvSampleTimeNow
                0x08003f14       0x40 ./ThirdParty/FreeRtos/timers.o
 .text.prvInsertTimerInActiveList
                0x08003f54       0x84 ./ThirdParty/FreeRtos/timers.o
 .text.prvProcessReceivedCommands
                0x08003fd8      0x184 ./ThirdParty/FreeRtos/timers.o
 .text.prvSwitchTimerLists
                0x0800415c       0x4c ./ThirdParty/FreeRtos/timers.o
 .text.prvCheckForValidListAndQueue
                0x080041a8       0x6c ./ThirdParty/FreeRtos/timers.o
 .text.pxPortInitialiseStack
                0x08004214       0x68 ./ThirdParty/FreeRtos/portable/GCC/ARM_CM4F/port.o
                0x08004214                pxPortInitialiseStack
 .text.prvTaskExitError
                0x0800427c       0x5c ./ThirdParty/FreeRtos/portable/GCC/ARM_CM4F/port.o
 *fill*         0x080042d8        0x8 
 .text.SVC_Handler
                0x080042e0       0x28 ./ThirdParty/FreeRtos/portable/GCC/ARM_CM4F/port.o
                0x080042e0                SVC_Handler
 .text.prvPortStartFirstTask
                0x08004308       0x2c ./ThirdParty/FreeRtos/portable/GCC/ARM_CM4F/port.o
 .text.xPortStartScheduler
                0x08004334      0x148 ./ThirdParty/FreeRtos/portable/GCC/ARM_CM4F/port.o
                0x08004334                xPortStartScheduler
 .text.vPortEnterCritical
                0x0800447c       0x64 ./ThirdParty/FreeRtos/portable/GCC/ARM_CM4F/port.o
                0x0800447c                vPortEnterCritical
 .text.vPortExitCritical
                0x080044e0       0x54 ./ThirdParty/FreeRtos/portable/GCC/ARM_CM4F/port.o
                0x080044e0                vPortExitCritical
 *fill*         0x08004534        0xc 
 .text.PendSV_Handler
                0x08004540       0x68 ./ThirdParty/FreeRtos/portable/GCC/ARM_CM4F/port.o
                0x08004540                PendSV_Handler
 .text.SysTick_Handler
                0x080045a8       0x44 ./ThirdParty/FreeRtos/portable/GCC/ARM_CM4F/port.o
                0x080045a8                SysTick_Handler
 .text.vPortSetupTimerInterrupt
                0x080045ec       0x48 ./ThirdParty/FreeRtos/portable/GCC/ARM_CM4F/port.o
                0x080045ec                vPortSetupTimerInterrupt
 .text.vPortEnableVFP
                0x08004634       0x18 ./ThirdParty/FreeRtos/portable/GCC/ARM_CM4F/port.o
 .text.pvPortMalloc
                0x0800464c      0x178 ./ThirdParty/FreeRtos/portable/MemMang/heap_4.o
                0x0800464c                pvPortMalloc
 .text.vPortFree
                0x080047c4       0xb4 ./ThirdParty/FreeRtos/portable/MemMang/heap_4.o
                0x080047c4                vPortFree
 .text.prvHeapInit
                0x08004878       0xb8 ./ThirdParty/FreeRtos/portable/MemMang/heap_4.o
 .text.prvInsertBlockIntoFreeList
                0x08004930       0xb4 ./ThirdParty/FreeRtos/portable/MemMang/heap_4.o
 .text.std      0x080049e4       0x6c C:/ST/STM32CubeIDE_1.18.1/STM32CubeIDE/plugins/com.st.stm32cube.ide.mcu.externaltools.gnu-tools-for-stm32.13.3.rel1.win32_1.0.0.202411081344/tools/bin/../lib/gcc/arm-none-eabi/13.3.1/../../../../arm-none-eabi/lib/thumb/v7e-m+fp/hard\libc_nano.a(libc_a-findfp.o)
 .text.stdio_exit_handler
                0x08004a50       0x18 C:/ST/STM32CubeIDE_1.18.1/STM32CubeIDE/plugins/com.st.stm32cube.ide.mcu.externaltools.gnu-tools-for-stm32.13.3.rel1.win32_1.0.0.202411081344/tools/bin/../lib/gcc/arm-none-eabi/13.3.1/../../../../arm-none-eabi/lib/thumb/v7e-m+fp/hard\libc_nano.a(libc_a-findfp.o)
 .text.cleanup_stdio
                0x08004a68       0x40 C:/ST/STM32CubeIDE_1.18.1/STM32CubeIDE/plugins/com.st.stm32cube.ide.mcu.externaltools.gnu-tools-for-stm32.13.3.rel1.win32_1.0.0.202411081344/tools/bin/../lib/gcc/arm-none-eabi/13.3.1/../../../../arm-none-eabi/lib/thumb/v7e-m+fp/hard\libc_nano.a(libc_a-findfp.o)
 .text.global_stdio_init.part.0
                0x08004aa8       0x3c C:/ST/STM32CubeIDE_1.18.1/STM32CubeIDE/plugins/com.st.stm32cube.ide.mcu.externaltools.gnu-tools-for-stm32.13.3.rel1.win32_1.0.0.202411081344/tools/bin/../lib/gcc/arm-none-eabi/13.3.1/../../../../arm-none-eabi/lib/thumb/v7e-m+fp/hard\libc_nano.a(libc_a-findfp.o)
 .text.__sfp_lock_acquire
                0x08004ae4        0xc C:/ST/STM32CubeIDE_1.18.1/STM32CubeIDE/plugins/com.st.stm32cube.ide.mcu.externaltools.gnu-tools-for-stm32.13.3.rel1.win32_1.0.0.202411081344/tools/bin/../lib/gcc/arm-none-eabi/13.3.1/../../../../arm-none-eabi/lib/thumb/v7e-m+fp/hard\libc_nano.a(libc_a-findfp.o)
                0x08004ae4                __sfp_lock_acquire
 .text.__sfp_lock_release
                0x08004af0        0xc C:/ST/STM32CubeIDE_1.18.1/STM32CubeIDE/plugins/com.st.stm32cube.ide.mcu.externaltools.gnu-tools-for-stm32.13.3.rel1.win32_1.0.0.202411081344/tools/bin/../lib/gcc/arm-none-eabi/13.3.1/../../../../arm-none-eabi/lib/thumb/v7e-m+fp/hard\libc_nano.a(libc_a-findfp.o)
                0x08004af0                __sfp_lock_release
 .text.__sinit  0x08004afc       0x30 C:/ST/STM32CubeIDE_1.18.1/STM32CubeIDE/plugins/com.st.stm32cube.ide.mcu.externaltools.gnu-tools-for-stm32.13.3.rel1.win32_1.0.0.202411081344/tools/bin/../lib/gcc/arm-none-eabi/13.3.1/../../../../arm-none-eabi/lib/thumb/v7e-m+fp/hard\libc_nano.a(libc_a-findfp.o)
                0x08004afc                __sinit
 .text._fwalk_sglue
                0x08004b2c       0x3c C:/ST/STM32CubeIDE_1.18.1/STM32CubeIDE/plugins/com.st.stm32cube.ide.mcu.externaltools.gnu-tools-for-stm32.13.3.rel1.win32_1.0.0.202411081344/tools/bin/../lib/gcc/arm-none-eabi/13.3.1/../../../../arm-none-eabi/lib/thumb/v7e-m+fp/hard\libc_nano.a(libc_a-fwalk.o)
                0x08004b2c                _fwalk_sglue
 .text._puts_r  0x08004b68       0xaa C:/ST/STM32CubeIDE_1.18.1/STM32CubeIDE/plugins/com.st.stm32cube.ide.mcu.externaltools.gnu-tools-for-stm32.13.3.rel1.win32_1.0.0.202411081344/tools/bin/../lib/gcc/arm-none-eabi/13.3.1/../../../../arm-none-eabi/lib/thumb/v7e-m+fp/hard\libc_nano.a(libc_a-puts.o)
                0x08004b68                _puts_r
 *fill*         0x08004c12        0x2 
 .text.puts     0x08004c14       0x10 C:/ST/STM32CubeIDE_1.18.1/STM32CubeIDE/plugins/com.st.stm32cube.ide.mcu.externaltools.gnu-tools-for-stm32.13.3.rel1.win32_1.0.0.202411081344/tools/bin/../lib/gcc/arm-none-eabi/13.3.1/../../../../arm-none-eabi/lib/thumb/v7e-m+fp/hard\libc_nano.a(libc_a-puts.o)
                0x08004c14                puts
 .text.__sread  0x08004c24       0x22 C:/ST/STM32CubeIDE_1.18.1/STM32CubeIDE/plugins/com.st.stm32cube.ide.mcu.externaltools.gnu-tools-for-stm32.13.3.rel1.win32_1.0.0.202411081344/tools/bin/../lib/gcc/arm-none-eabi/13.3.1/../../../../arm-none-eabi/lib/thumb/v7e-m+fp/hard\libc_nano.a(libc_a-stdio.o)
                0x08004c24                __sread
 .text.__swrite
                0x08004c46       0x38 C:/ST/STM32CubeIDE_1.18.1/STM32CubeIDE/plugins/com.st.stm32cube.ide.mcu.externaltools.gnu-tools-for-stm32.13.3.rel1.win32_1.0.0.202411081344/tools/bin/../lib/gcc/arm-none-eabi/13.3.1/../../../../arm-none-eabi/lib/thumb/v7e-m+fp/hard\libc_nano.a(libc_a-stdio.o)
                0x08004c46                __swrite
 .text.__sseek  0x08004c7e       0x24 C:/ST/STM32CubeIDE_1.18.1/STM32CubeIDE/plugins/com.st.stm32cube.ide.mcu.externaltools.gnu-tools-for-stm32.13.3.rel1.win32_1.0.0.202411081344/tools/bin/../lib/gcc/arm-none-eabi/13.3.1/../../../../arm-none-eabi/lib/thumb/v7e-m+fp/hard\libc_nano.a(libc_a-stdio.o)
                0x08004c7e                __sseek
 .text.__sclose
                0x08004ca2        0x8 C:/ST/STM32CubeIDE_1.18.1/STM32CubeIDE/plugins/com.st.stm32cube.ide.mcu.externaltools.gnu-tools-for-stm32.13.3.rel1.win32_1.0.0.202411081344/tools/bin/../lib/gcc/arm-none-eabi/13.3.1/../../../../arm-none-eabi/lib/thumb/v7e-m+fp/hard\libc_nano.a(libc_a-stdio.o)
                0x08004ca2                __sclose
 .text.__swbuf_r
                0x08004caa       0x7c C:/ST/STM32CubeIDE_1.18.1/STM32CubeIDE/plugins/com.st.stm32cube.ide.mcu.externaltools.gnu-tools-for-stm32.13.3.rel1.win32_1.0.0.202411081344/tools/bin/../lib/gcc/arm-none-eabi/13.3.1/../../../../arm-none-eabi/lib/thumb/v7e-m+fp/hard\libc_nano.a(libc_a-wbuf.o)
                0x08004caa                __swbuf_r
 *fill*         0x08004d26        0x2 
 .text.__swsetup_r
                0x08004d28       0xac C:/ST/STM32CubeIDE_1.18.1/STM32CubeIDE/plugins/com.st.stm32cube.ide.mcu.externaltools.gnu-tools-for-stm32.13.3.rel1.win32_1.0.0.202411081344/tools/bin/../lib/gcc/arm-none-eabi/13.3.1/../../../../arm-none-eabi/lib/thumb/v7e-m+fp/hard\libc_nano.a(libc_a-wsetup.o)
                0x08004d28                __swsetup_r
 .text.memset   0x08004dd4       0x10 C:/ST/STM32CubeIDE_1.18.1/STM32CubeIDE/plugins/com.st.stm32cube.ide.mcu.externaltools.gnu-tools-for-stm32.13.3.rel1.win32_1.0.0.202411081344/tools/bin/../lib/gcc/arm-none-eabi/13.3.1/../../../../arm-none-eabi/lib/thumb/v7e-m+fp/hard\libc_nano.a(libc_a-memset.o)
                0x08004dd4                memset
 .text._close_r
                0x08004de4       0x20 C:/ST/STM32CubeIDE_1.18.1/STM32CubeIDE/plugins/com.st.stm32cube.ide.mcu.externaltools.gnu-tools-for-stm32.13.3.rel1.win32_1.0.0.202411081344/tools/bin/../lib/gcc/arm-none-eabi/13.3.1/../../../../arm-none-eabi/lib/thumb/v7e-m+fp/hard\libc_nano.a(libc_a-closer.o)
                0x08004de4                _close_r
 .text._lseek_r
                0x08004e04       0x24 C:/ST/STM32CubeIDE_1.18.1/STM32CubeIDE/plugins/com.st.stm32cube.ide.mcu.externaltools.gnu-tools-for-stm32.13.3.rel1.win32_1.0.0.202411081344/tools/bin/../lib/gcc/arm-none-eabi/13.3.1/../../../../arm-none-eabi/lib/thumb/v7e-m+fp/hard\libc_nano.a(libc_a-lseekr.o)
                0x08004e04                _lseek_r
 .text._read_r  0x08004e28       0x24 C:/ST/STM32CubeIDE_1.18.1/STM32CubeIDE/plugins/com.st.stm32cube.ide.mcu.externaltools.gnu-tools-for-stm32.13.3.rel1.win32_1.0.0.202411081344/tools/bin/../lib/gcc/arm-none-eabi/13.3.1/../../../../arm-none-eabi/lib/thumb/v7e-m+fp/hard\libc_nano.a(libc_a-readr.o)
                0x08004e28                _read_r
 .text._write_r
                0x08004e4c       0x24 C:/ST/STM32CubeIDE_1.18.1/STM32CubeIDE/plugins/com.st.stm32cube.ide.mcu.externaltools.gnu-tools-for-stm32.13.3.rel1.win32_1.0.0.202411081344/tools/bin/../lib/gcc/arm-none-eabi/13.3.1/../../../../arm-none-eabi/lib/thumb/v7e-m+fp/hard\libc_nano.a(libc_a-writer.o)
                0x08004e4c                _write_r
 .text.__errno  0x08004e70        0xc C:/ST/STM32CubeIDE_1.18.1/STM32CubeIDE/plugins/com.st.stm32cube.ide.mcu.externaltools.gnu-tools-for-stm32.13.3.rel1.win32_1.0.0.202411081344/tools/bin/../lib/gcc/arm-none-eabi/13.3.1/../../../../arm-none-eabi/lib/thumb/v7e-m+fp/hard\libc_nano.a(libc_a-errno.o)
                0x08004e70                __errno
 .text.__libc_init_array
                0x08004e7c       0x48 C:/ST/STM32CubeIDE_1.18.1/STM32CubeIDE/plugins/com.st.stm32cube.ide.mcu.externaltools.gnu-tools-for-stm32.13.3.rel1.win32_1.0.0.202411081344/tools/bin/../lib/gcc/arm-none-eabi/13.3.1/../../../../arm-none-eabi/lib/thumb/v7e-m+fp/hard\libc_nano.a(libc_a-init.o)
                0x08004e7c                __libc_init_array
 .text.__retarget_lock_init_recursive
                0x08004ec4        0x2 C:/ST/STM32CubeIDE_1.18.1/STM32CubeIDE/plugins/com.st.stm32cube.ide.mcu.externaltools.gnu-tools-for-stm32.13.3.rel1.win32_1.0.0.202411081344/tools/bin/../lib/gcc/arm-none-eabi/13.3.1/../../../../arm-none-eabi/lib/thumb/v7e-m+fp/hard\libc_nano.a(libc_a-lock.o)
                0x08004ec4                __retarget_lock_init_recursive
 .text.__retarget_lock_acquire_recursive
                0x08004ec6        0x2 C:/ST/STM32CubeIDE_1.18.1/STM32CubeIDE/plugins/com.st.stm32cube.ide.mcu.externaltools.gnu-tools-for-stm32.13.3.rel1.win32_1.0.0.202411081344/tools/bin/../lib/gcc/arm-none-eabi/13.3.1/../../../../arm-none-eabi/lib/thumb/v7e-m+fp/hard\libc_nano.a(libc_a-lock.o)
                0x08004ec6                __retarget_lock_acquire_recursive
 .text.__retarget_lock_release_recursive
                0x08004ec8        0x2 C:/ST/STM32CubeIDE_1.18.1/STM32CubeIDE/plugins/com.st.stm32cube.ide.mcu.externaltools.gnu-tools-for-stm32.13.3.rel1.win32_1.0.0.202411081344/tools/bin/../lib/gcc/arm-none-eabi/13.3.1/../../../../arm-none-eabi/lib/thumb/v7e-m+fp/hard\libc_nano.a(libc_a-lock.o)
                0x08004ec8                __retarget_lock_release_recursive
 .text.memcpy   0x08004eca       0x1c C:/ST/STM32CubeIDE_1.18.1/STM32CubeIDE/plugins/com.st.stm32cube.ide.mcu.externaltools.gnu-tools-for-stm32.13.3.rel1.win32_1.0.0.202411081344/tools/bin/../lib/gcc/arm-none-eabi/13.3.1/../../../../arm-none-eabi/lib/thumb/v7e-m+fp/hard\libc_nano.a(libc_a-memcpy-stub.o)
                0x08004eca                memcpy
 *fill*         0x08004ee6        0x2 
 .text._free_r  0x08004ee8       0x94 C:/ST/STM32CubeIDE_1.18.1/STM32CubeIDE/plugins/com.st.stm32cube.ide.mcu.externaltools.gnu-tools-for-stm32.13.3.rel1.win32_1.0.0.202411081344/tools/bin/../lib/gcc/arm-none-eabi/13.3.1/../../../../arm-none-eabi/lib/thumb/v7e-m+fp/hard\libc_nano.a(libc_a-freer.o)
                0x08004ee8                _free_r
 .text.sbrk_aligned
                0x08004f7c       0x44 C:/ST/STM32CubeIDE_1.18.1/STM32CubeIDE/plugins/com.st.stm32cube.ide.mcu.externaltools.gnu-tools-for-stm32.13.3.rel1.win32_1.0.0.202411081344/tools/bin/../lib/gcc/arm-none-eabi/13.3.1/../../../../arm-none-eabi/lib/thumb/v7e-m+fp/hard\libc_nano.a(libc_a-mallocr.o)
 .text._malloc_r
                0x08004fc0      0x100 C:/ST/STM32CubeIDE_1.18.1/STM32CubeIDE/plugins/com.st.stm32cube.ide.mcu.externaltools.gnu-tools-for-stm32.13.3.rel1.win32_1.0.0.202411081344/tools/bin/../lib/gcc/arm-none-eabi/13.3.1/../../../../arm-none-eabi/lib/thumb/v7e-m+fp/hard\libc_nano.a(libc_a-mallocr.o)
                0x08004fc0                _malloc_r
 .text.__malloc_lock
                0x080050c0        0xc C:/ST/STM32CubeIDE_1.18.1/STM32CubeIDE/plugins/com.st.stm32cube.ide.mcu.externaltools.gnu-tools-for-stm32.13.3.rel1.win32_1.0.0.202411081344/tools/bin/../lib/gcc/arm-none-eabi/13.3.1/../../../../arm-none-eabi/lib/thumb/v7e-m+fp/hard\libc_nano.a(libc_a-mlock.o)
                0x080050c0                __malloc_lock
 .text.__malloc_unlock
                0x080050cc        0xc C:/ST/STM32CubeIDE_1.18.1/STM32CubeIDE/plugins/com.st.stm32cube.ide.mcu.externaltools.gnu-tools-for-stm32.13.3.rel1.win32_1.0.0.202411081344/tools/bin/../lib/gcc/arm-none-eabi/13.3.1/../../../../arm-none-eabi/lib/thumb/v7e-m+fp/hard\libc_nano.a(libc_a-mlock.o)
                0x080050cc                __malloc_unlock
 .text.__sflush_r
                0x080050d8      0x108 C:/ST/STM32CubeIDE_1.18.1/STM32CubeIDE/plugins/com.st.stm32cube.ide.mcu.externaltools.gnu-tools-for-stm32.13.3.rel1.win32_1.0.0.202411081344/tools/bin/../lib/gcc/arm-none-eabi/13.3.1/../../../../arm-none-eabi/lib/thumb/v7e-m+fp/hard\libc_nano.a(libc_a-fflush.o)
                0x080050d8                __sflush_r
 .text._fflush_r
                0x080051e0       0x50 C:/ST/STM32CubeIDE_1.18.1/STM32CubeIDE/plugins/com.st.stm32cube.ide.mcu.externaltools.gnu-tools-for-stm32.13.3.rel1.win32_1.0.0.202411081344/tools/bin/../lib/gcc/arm-none-eabi/13.3.1/../../../../arm-none-eabi/lib/thumb/v7e-m+fp/hard\libc_nano.a(libc_a-fflush.o)
                0x080051e0                _fflush_r
 .text.__swhatbuf_r
                0x08005230       0x4c C:/ST/STM32CubeIDE_1.18.1/STM32CubeIDE/plugins/com.st.stm32cube.ide.mcu.externaltools.gnu-tools-for-stm32.13.3.rel1.win32_1.0.0.202411081344/tools/bin/../lib/gcc/arm-none-eabi/13.3.1/../../../../arm-none-eabi/lib/thumb/v7e-m+fp/hard\libc_nano.a(libc_a-makebuf.o)
                0x08005230                __swhatbuf_r
 .text.__smakebuf_r
                0x0800527c       0x78 C:/ST/STM32CubeIDE_1.18.1/STM32CubeIDE/plugins/com.st.stm32cube.ide.mcu.externaltools.gnu-tools-for-stm32.13.3.rel1.win32_1.0.0.202411081344/tools/bin/../lib/gcc/arm-none-eabi/13.3.1/../../../../arm-none-eabi/lib/thumb/v7e-m+fp/hard\libc_nano.a(libc_a-makebuf.o)
                0x0800527c                __smakebuf_r
 .text._fstat_r
                0x080052f4       0x24 C:/ST/STM32CubeIDE_1.18.1/STM32CubeIDE/plugins/com.st.stm32cube.ide.mcu.externaltools.gnu-tools-for-stm32.13.3.rel1.win32_1.0.0.202411081344/tools/bin/../lib/gcc/arm-none-eabi/13.3.1/../../../../arm-none-eabi/lib/thumb/v7e-m+fp/hard\libc_nano.a(libc_a-fstatr.o)
                0x080052f4                _fstat_r
 .text._isatty_r
                0x08005318       0x20 C:/ST/STM32CubeIDE_1.18.1/STM32CubeIDE/plugins/com.st.stm32cube.ide.mcu.externaltools.gnu-tools-for-stm32.13.3.rel1.win32_1.0.0.202411081344/tools/bin/../lib/gcc/arm-none-eabi/13.3.1/../../../../arm-none-eabi/lib/thumb/v7e-m+fp/hard\libc_nano.a(libc_a-isattyr.o)
                0x08005318                _isatty_r
 .text._sbrk_r  0x08005338       0x20 C:/ST/STM32CubeIDE_1.18.1/STM32CubeIDE/plugins/com.st.stm32cube.ide.mcu.externaltools.gnu-tools-for-stm32.13.3.rel1.win32_1.0.0.202411081344/tools/bin/../lib/gcc/arm-none-eabi/13.3.1/../../../../arm-none-eabi/lib/thumb/v7e-m+fp/hard\libc_nano.a(libc_a-sbrkr.o)
                0x08005338                _sbrk_r
 *(.glue_7)
 .glue_7        0x08005358        0x0 linker stubs
 *(.glue_7t)
 .glue_7t       0x08005358        0x0 linker stubs
 *(.eh_frame)
 .eh_frame      0x08005358        0x0 C:/ST/STM32CubeIDE_1.18.1/STM32CubeIDE/plugins/com.st.stm32cube.ide.mcu.externaltools.gnu-tools-for-stm32.13.3.rel1.win32_1.0.0.202411081344/tools/bin/../lib/gcc/arm-none-eabi/13.3.1/thumb/v7e-m+fp/hard/crtbegin.o
 *(.init)
 .init          0x08005358        0x4 C:/ST/STM32CubeIDE_1.18.1/STM32CubeIDE/plugins/com.st.stm32cube.ide.mcu.externaltools.gnu-tools-for-stm32.13.3.rel1.win32_1.0.0.202411081344/tools/bin/../lib/gcc/arm-none-eabi/13.3.1/thumb/v7e-m+fp/hard/crti.o
                0x08005358                _init
 .init          0x0800535c        0x8 C:/ST/STM32CubeIDE_1.18.1/STM32CubeIDE/plugins/com.st.stm32cube.ide.mcu.externaltools.gnu-tools-for-stm32.13.3.rel1.win32_1.0.0.202411081344/tools/bin/../lib/gcc/arm-none-eabi/13.3.1/thumb/v7e-m+fp/hard/crtn.o
 *(.fini)
 .fini          0x08005364        0x4 C:/ST/STM32CubeIDE_1.18.1/STM32CubeIDE/plugins/com.st.stm32cube.ide.mcu.externaltools.gnu-tools-for-stm32.13.3.rel1.win32_1.0.0.202411081344/tools/bin/../lib/gcc/arm-none-eabi/13.3.1/thumb/v7e-m+fp/hard/crti.o
                0x08005364                _fini
 .fini          0x08005368        0x8 C:/ST/STM32CubeIDE_1.18.1/STM32CubeIDE/plugins/com.st.stm32cube.ide.mcu.externaltools.gnu-tools-for-stm32.13.3.rel1.win32_1.0.0.202411081344/tools/bin/../lib/gcc/arm-none-eabi/13.3.1/thumb/v7e-m+fp/hard/crtn.o
                0x08005370                        . = ALIGN (0x4)
                0x08005370                        _etext = .

.vfp11_veneer   0x08005370        0x0
 .vfp11_veneer  0x08005370        0x0 linker stubs

.v4_bx          0x08005370        0x0
 .v4_bx         0x08005370        0x0 linker stubs

.iplt           0x08005370        0x0
 .iplt          0x08005370        0x0 C:/ST/STM32CubeIDE_1.18.1/STM32CubeIDE/plugins/com.st.stm32cube.ide.mcu.externaltools.gnu-tools-for-stm32.13.3.rel1.win32_1.0.0.202411081344/tools/bin/../lib/gcc/arm-none-eabi/13.3.1/thumb/v7e-m+fp/hard/crtbegin.o

.rodata         0x08005370       0x7c
                0x08005370                        . = ALIGN (0x4)
 *(.rodata)
 .rodata        0x08005370       0x46 ./Core/Src/main.o
 *fill*         0x080053b6        0x2 
 .rodata        0x080053b8        0x5 ./ThirdParty/FreeRtos/tasks.o
 *fill*         0x080053bd        0x3 
 .rodata        0x080053c0        0xd ./ThirdParty/FreeRtos/timers.o
 *(.rodata*)
 *fill*         0x080053cd        0x3 
 .rodata.AHBPrescTable
                0x080053d0       0x10 ./Core/Src/system_stm32f4xx.o
                0x080053d0                AHBPrescTable
 .rodata.APBPrescTable
                0x080053e0        0x8 ./Core/Src/system_stm32f4xx.o
                0x080053e0                APBPrescTable
 .rodata.uxTopUsedPriority
                0x080053e8        0x4 ./ThirdParty/FreeRtos/tasks.o
                0x080053e8                uxTopUsedPriority
                0x080053ec                        . = ALIGN (0x4)

.ARM.extab      0x080053ec        0x0
                0x080053ec                        . = ALIGN (0x4)
 *(.ARM.extab* .gnu.linkonce.armextab.*)
                0x080053ec                        . = ALIGN (0x4)

.ARM            0x080053ec        0x8
                0x080053ec                        . = ALIGN (0x4)
                0x080053ec                        __exidx_start = .
 *(.ARM.exidx*)
 .ARM.exidx     0x080053ec        0x8 C:/ST/STM32CubeIDE_1.18.1/STM32CubeIDE/plugins/com.st.stm32cube.ide.mcu.externaltools.gnu-tools-for-stm32.13.3.rel1.win32_1.0.0.202411081344/tools/bin/../lib/gcc/arm-none-eabi/13.3.1/thumb/v7e-m+fp/hard\libgcc.a(_udivmoddi4.o)
                0x080053f4                        __exidx_end = .
                0x080053f4                        . = ALIGN (0x4)

.preinit_array  0x080053f4        0x0
                0x080053f4                        . = ALIGN (0x4)
                0x080053f4                        PROVIDE (__preinit_array_start = .)
 *(.preinit_array*)
                0x080053f4                        PROVIDE (__preinit_array_end = .)
                0x080053f4                        . = ALIGN (0x4)

.init_array     0x080053f4        0x4
                0x080053f4                        . = ALIGN (0x4)
                0x080053f4                        PROVIDE (__init_array_start = .)
 *(SORT_BY_NAME(.init_array.*))
 *(.init_array*)
 .init_array    0x080053f4        0x4 C:/ST/STM32CubeIDE_1.18.1/STM32CubeIDE/plugins/com.st.stm32cube.ide.mcu.externaltools.gnu-tools-for-stm32.13.3.rel1.win32_1.0.0.202411081344/tools/bin/../lib/gcc/arm-none-eabi/13.3.1/thumb/v7e-m+fp/hard/crtbegin.o
                0x080053f8                        PROVIDE (__init_array_end = .)
                0x080053f8                        . = ALIGN (0x4)

.fini_array     0x080053f8        0x4
                0x080053f8                        . = ALIGN (0x4)
                [!provide]                        PROVIDE (__fini_array_start = .)
 *(SORT_BY_NAME(.fini_array.*))
 *(.fini_array*)
 .fini_array    0x080053f8        0x4 C:/ST/STM32CubeIDE_1.18.1/STM32CubeIDE/plugins/com.st.stm32cube.ide.mcu.externaltools.gnu-tools-for-stm32.13.3.rel1.win32_1.0.0.202411081344/tools/bin/../lib/gcc/arm-none-eabi/13.3.1/thumb/v7e-m+fp/hard/crtbegin.o
                [!provide]                        PROVIDE (__fini_array_end = .)
                0x080053fc                        . = ALIGN (0x4)
                0x080053fc                        _sidata = LOADADDR (.data)

.rel.dyn        0x080053fc        0x0
 .rel.iplt      0x080053fc        0x0 C:/ST/STM32CubeIDE_1.18.1/STM32CubeIDE/plugins/com.st.stm32cube.ide.mcu.externaltools.gnu-tools-for-stm32.13.3.rel1.win32_1.0.0.202411081344/tools/bin/../lib/gcc/arm-none-eabi/13.3.1/thumb/v7e-m+fp/hard/crtbegin.o

.data           0x20000000       0x6c load address 0x080053fc
                0x20000000                        . = ALIGN (0x4)
                0x20000000                        _sdata = .
 *(.data)
 *(.data*)
 .data.SystemCoreClock
                0x20000000        0x4 ./Core/Src/system_stm32f4xx.o
                0x20000000                SystemCoreClock
 .data.uwTickPrio
                0x20000004        0x4 ./Drivers/STM32F4xx_HAL_Driver/Src/stm32f4xx_hal.o
                0x20000004                uwTickPrio
 .data.uwTickFreq
                0x20000008        0x1 ./Drivers/STM32F4xx_HAL_Driver/Src/stm32f4xx_hal.o
                0x20000008                uwTickFreq
 *fill*         0x20000009        0x3 
 .data.uxCriticalNesting
                0x2000000c        0x4 ./ThirdParty/FreeRtos/portable/GCC/ARM_CM4F/port.o
 .data.__sglue  0x20000010        0xc C:/ST/STM32CubeIDE_1.18.1/STM32CubeIDE/plugins/com.st.stm32cube.ide.mcu.externaltools.gnu-tools-for-stm32.13.3.rel1.win32_1.0.0.202411081344/tools/bin/../lib/gcc/arm-none-eabi/13.3.1/../../../../arm-none-eabi/lib/thumb/v7e-m+fp/hard\libc_nano.a(libc_a-findfp.o)
                0x20000010                __sglue
 .data._impure_ptr
                0x2000001c        0x4 C:/ST/STM32CubeIDE_1.18.1/STM32CubeIDE/plugins/com.st.stm32cube.ide.mcu.externaltools.gnu-tools-for-stm32.13.3.rel1.win32_1.0.0.202411081344/tools/bin/../lib/gcc/arm-none-eabi/13.3.1/../../../../arm-none-eabi/lib/thumb/v7e-m+fp/hard\libc_nano.a(libc_a-impure.o)
                0x2000001c                _impure_ptr
 .data._impure_data
                0x20000020       0x4c C:/ST/STM32CubeIDE_1.18.1/STM32CubeIDE/plugins/com.st.stm32cube.ide.mcu.externaltools.gnu-tools-for-stm32.13.3.rel1.win32_1.0.0.202411081344/tools/bin/../lib/gcc/arm-none-eabi/13.3.1/../../../../arm-none-eabi/lib/thumb/v7e-m+fp/hard\libc_nano.a(libc_a-impure.o)
                0x20000020                _impure_data
 *(.RamFunc)
 *(.RamFunc*)
                0x2000006c                        . = ALIGN (0x4)
                0x2000006c                        _edata = .

.igot.plt       0x2000006c        0x0 load address 0x08005468
 .igot.plt      0x2000006c        0x0 C:/ST/STM32CubeIDE_1.18.1/STM32CubeIDE/plugins/com.st.stm32cube.ide.mcu.externaltools.gnu-tools-for-stm32.13.3.rel1.win32_1.0.0.202411081344/tools/bin/../lib/gcc/arm-none-eabi/13.3.1/thumb/v7e-m+fp/hard/crtbegin.o
                0x2000006c                        . = ALIGN (0x4)

.bss            0x2000006c    0x12fa4 load address 0x08005468
                0x2000006c                        _sbss = .
                0x2000006c                        __bss_start__ = _sbss
 *(.bss)
 .bss           0x2000006c       0x1c C:/ST/STM32CubeIDE_1.18.1/STM32CubeIDE/plugins/com.st.stm32cube.ide.mcu.externaltools.gnu-tools-for-stm32.13.3.rel1.win32_1.0.0.202411081344/tools/bin/../lib/gcc/arm-none-eabi/13.3.1/thumb/v7e-m+fp/hard/crtbegin.o
 *(.bss*)
 .bss.huart2    0x20000088       0x48 ./Core/Src/main.o
                0x20000088                huart2
 .bss.htim6     0x200000d0       0x48 ./Core/Src/stm32f4xx_hal_timebase_tim.o
                0x200000d0                htim6
 .bss.__sbrk_heap_end
                0x20000118        0x4 ./Core/Src/sysmem.o
 .bss.uwTick    0x2000011c        0x4 ./Drivers/STM32F4xx_HAL_Driver/Src/stm32f4xx_hal.o
                0x2000011c                uwTick
 .bss.xQueueRegistry
                0x20000120       0x40 ./ThirdParty/FreeRtos/queue.o
                0x20000120                xQueueRegistry
 .bss.pxCurrentTCB
                0x20000160        0x4 ./ThirdParty/FreeRtos/tasks.o
                0x20000160                pxCurrentTCB
 .bss.pxReadyTasksLists
                0x20000164       0x64 ./ThirdParty/FreeRtos/tasks.o
 .bss.xDelayedTaskList1
                0x200001c8       0x14 ./ThirdParty/FreeRtos/tasks.o
 .bss.xDelayedTaskList2
                0x200001dc       0x14 ./ThirdParty/FreeRtos/tasks.o
 .bss.pxDelayedTaskList
                0x200001f0        0x4 ./ThirdParty/FreeRtos/tasks.o
 .bss.pxOverflowDelayedTaskList
                0x200001f4        0x4 ./ThirdParty/FreeRtos/tasks.o
 .bss.xPendingReadyList
                0x200001f8       0x14 ./ThirdParty/FreeRtos/tasks.o
 .bss.xTasksWaitingTermination
                0x2000020c       0x14 ./ThirdParty/FreeRtos/tasks.o
 .bss.uxDeletedTasksWaitingCleanUp
                0x20000220        0x4 ./ThirdParty/FreeRtos/tasks.o
 .bss.xSuspendedTaskList
                0x20000224       0x14 ./ThirdParty/FreeRtos/tasks.o
 .bss.uxCurrentNumberOfTasks
                0x20000238        0x4 ./ThirdParty/FreeRtos/tasks.o
 .bss.xTickCount
                0x2000023c        0x4 ./ThirdParty/FreeRtos/tasks.o
 .bss.uxTopReadyPriority
                0x20000240        0x4 ./ThirdParty/FreeRtos/tasks.o
 .bss.xSchedulerRunning
                0x20000244        0x4 ./ThirdParty/FreeRtos/tasks.o
 .bss.xPendedTicks
                0x20000248        0x4 ./ThirdParty/FreeRtos/tasks.o
 .bss.xYieldPending
                0x2000024c        0x4 ./ThirdParty/FreeRtos/tasks.o
 .bss.xNumOfOverflows
                0x20000250        0x4 ./ThirdParty/FreeRtos/tasks.o
 .bss.uxTaskNumber
                0x20000254        0x4 ./ThirdParty/FreeRtos/tasks.o
 .bss.xNextTaskUnblockTime
                0x20000258        0x4 ./ThirdParty/FreeRtos/tasks.o
 .bss.xIdleTaskHandle
                0x2000025c        0x4 ./ThirdParty/FreeRtos/tasks.o
 .bss.uxSchedulerSuspended
                0x20000260        0x4 ./ThirdParty/FreeRtos/tasks.o
 .bss.xActiveTimerList1
                0x20000264       0x14 ./ThirdParty/FreeRtos/timers.o
 .bss.xActiveTimerList2
                0x20000278       0x14 ./ThirdParty/FreeRtos/timers.o
 .bss.pxCurrentTimerList
                0x2000028c        0x4 ./ThirdParty/FreeRtos/timers.o
 .bss.pxOverflowTimerList
                0x20000290        0x4 ./ThirdParty/FreeRtos/timers.o
 .bss.xTimerQueue
                0x20000294        0x4 ./ThirdParty/FreeRtos/timers.o
 .bss.xTimerTaskHandle
                0x20000298        0x4 ./ThirdParty/FreeRtos/timers.o
 .bss.xLastTime.0
                0x2000029c        0x4 ./ThirdParty/FreeRtos/timers.o
 .bss.ucMaxSysCallPriority
                0x200002a0        0x1 ./ThirdParty/FreeRtos/portable/GCC/ARM_CM4F/port.o
 *fill*         0x200002a1        0x3 
 .bss.ulMaxPRIGROUPValue
                0x200002a4        0x4 ./ThirdParty/FreeRtos/portable/GCC/ARM_CM4F/port.o
 .bss.ucHeap    0x200002a8    0x12c00 ./ThirdParty/FreeRtos/portable/MemMang/heap_4.o
 .bss.xStart    0x20012ea8        0x8 ./ThirdParty/FreeRtos/portable/MemMang/heap_4.o
 .bss.pxEnd     0x20012eb0        0x4 ./ThirdParty/FreeRtos/portable/MemMang/heap_4.o
 .bss.xFreeBytesRemaining
                0x20012eb4        0x4 ./ThirdParty/FreeRtos/portable/MemMang/heap_4.o
 .bss.xMinimumEverFreeBytesRemaining
                0x20012eb8        0x4 ./ThirdParty/FreeRtos/portable/MemMang/heap_4.o
 .bss.xNumberOfSuccessfulAllocations
                0x20012ebc        0x4 ./ThirdParty/FreeRtos/portable/MemMang/heap_4.o
 .bss.xNumberOfSuccessfulFrees
                0x20012ec0        0x4 ./ThirdParty/FreeRtos/portable/MemMang/heap_4.o
 .bss.__sf      0x20012ec4      0x138 C:/ST/STM32CubeIDE_1.18.1/STM32CubeIDE/plugins/com.st.stm32cube.ide.mcu.externaltools.gnu-tools-for-stm32.13.3.rel1.win32_1.0.0.202411081344/tools/bin/../lib/gcc/arm-none-eabi/13.3.1/../../../../arm-none-eabi/lib/thumb/v7e-m+fp/hard\libc_nano.a(libc_a-findfp.o)
                0x20012ec4                __sf
 .bss.__stdio_exit_handler
                0x20012ffc        0x4 C:/ST/STM32CubeIDE_1.18.1/STM32CubeIDE/plugins/com.st.stm32cube.ide.mcu.externaltools.gnu-tools-for-stm32.13.3.rel1.win32_1.0.0.202411081344/tools/bin/../lib/gcc/arm-none-eabi/13.3.1/../../../../arm-none-eabi/lib/thumb/v7e-m+fp/hard\libc_nano.a(libc_a-findfp.o)
                0x20012ffc                __stdio_exit_handler
 .bss.errno     0x20013000        0x4 C:/ST/STM32CubeIDE_1.18.1/STM32CubeIDE/plugins/com.st.stm32cube.ide.mcu.externaltools.gnu-tools-for-stm32.13.3.rel1.win32_1.0.0.202411081344/tools/bin/../lib/gcc/arm-none-eabi/13.3.1/../../../../arm-none-eabi/lib/thumb/v7e-m+fp/hard\libc_nano.a(libc_a-reent.o)
                0x20013000                errno
 .bss.__lock___malloc_recursive_mutex
                0x20013004        0x1 C:/ST/STM32CubeIDE_1.18.1/STM32CubeIDE/plugins/com.st.stm32cube.ide.mcu.externaltools.gnu-tools-for-stm32.13.3.rel1.win32_1.0.0.202411081344/tools/bin/../lib/gcc/arm-none-eabi/13.3.1/../../../../arm-none-eabi/lib/thumb/v7e-m+fp/hard\libc_nano.a(libc_a-lock.o)
                0x20013004                __lock___malloc_recursive_mutex
 .bss.__lock___sfp_recursive_mutex
                0x20013005        0x1 C:/ST/STM32CubeIDE_1.18.1/STM32CubeIDE/plugins/com.st.stm32cube.ide.mcu.externaltools.gnu-tools-for-stm32.13.3.rel1.win32_1.0.0.202411081344/tools/bin/../lib/gcc/arm-none-eabi/13.3.1/../../../../arm-none-eabi/lib/thumb/v7e-m+fp/hard\libc_nano.a(libc_a-lock.o)
                0x20013005                __lock___sfp_recursive_mutex
 *fill*         0x20013006        0x2 
 .bss.__malloc_sbrk_start
                0x20013008        0x4 C:/ST/STM32CubeIDE_1.18.1/STM32CubeIDE/plugins/com.st.stm32cube.ide.mcu.externaltools.gnu-tools-for-stm32.13.3.rel1.win32_1.0.0.202411081344/tools/bin/../lib/gcc/arm-none-eabi/13.3.1/../../../../arm-none-eabi/lib/thumb/v7e-m+fp/hard\libc_nano.a(libc_a-mallocr.o)
                0x20013008                __malloc_sbrk_start
 .bss.__malloc_free_list
                0x2001300c        0x4 C:/ST/STM32CubeIDE_1.18.1/STM32CubeIDE/plugins/com.st.stm32cube.ide.mcu.externaltools.gnu-tools-for-stm32.13.3.rel1.win32_1.0.0.202411081344/tools/bin/../lib/gcc/arm-none-eabi/13.3.1/../../../../arm-none-eabi/lib/thumb/v7e-m+fp/hard\libc_nano.a(libc_a-mallocr.o)
                0x2001300c                __malloc_free_list
 *(COMMON)
                0x20013010                        . = ALIGN (0x4)
                0x20013010                        _ebss = .
                0x20013010                        __bss_end__ = _ebss

._user_heap_stack
                0x20013010      0x600 load address 0x08005468
                0x20013010                        . = ALIGN (0x8)
                [!provide]                        PROVIDE (end = .)
                0x20013010                        PROVIDE (_end = .)
                0x20013210                        . = (. + _Min_Heap_Size)
 *fill*         0x20013010      0x200 
                0x20013610                        . = (. + _Min_Stack_Size)
 *fill*         0x20013210      0x400 
                0x20013610                        . = ALIGN (0x8)

/DISCARD/
 libc.a(*)
 libm.a(*)
 libgcc.a(*)

.ARM.attributes
                0x00000000       0x30
 *(.ARM.attributes)
 .ARM.attributes
                0x00000000       0x22 C:/ST/STM32CubeIDE_1.18.1/STM32CubeIDE/plugins/com.st.stm32cube.ide.mcu.externaltools.gnu-tools-for-stm32.13.3.rel1.win32_1.0.0.202411081344/tools/bin/../lib/gcc/arm-none-eabi/13.3.1/thumb/v7e-m+fp/hard/crti.o
 .ARM.attributes
                0x00000022       0x34 C:/ST/STM32CubeIDE_1.18.1/STM32CubeIDE/plugins/com.st.stm32cube.ide.mcu.externaltools.gnu-tools-for-stm32.13.3.rel1.win32_1.0.0.202411081344/tools/bin/../lib/gcc/arm-none-eabi/13.3.1/thumb/v7e-m+fp/hard/crtbegin.o
 .ARM.attributes
                0x00000056       0x34 ./Core/Src/main.o
 .ARM.attributes
                0x0000008a       0x34 ./Core/Src/stm32f4xx_hal_msp.o
 .ARM.attributes
                0x000000be       0x34 ./Core/Src/stm32f4xx_hal_timebase_tim.o
 .ARM.attributes
                0x000000f2       0x34 ./Core/Src/syscalls.o
 .ARM.attributes
                0x00000126       0x34 ./Core/Src/sysmem.o
 .ARM.attributes
                0x0000015a       0x34 ./Core/Src/system_stm32f4xx.o
 .ARM.attributes
                0x0000018e       0x21 ./Core/Startup/startup_stm32f446retx.o
 .ARM.attributes
                0x000001af       0x34 ./Drivers/STM32F4xx_HAL_Driver/Src/stm32f4xx_hal.o
 .ARM.attributes
                0x000001e3       0x34 ./Drivers/STM32F4xx_HAL_Driver/Src/stm32f4xx_hal_cortex.o
 .ARM.attributes
                0x00000217       0x34 ./Drivers/STM32F4xx_HAL_Driver/Src/stm32f4xx_hal_gpio.o
 .ARM.attributes
                0x0000024b       0x34 ./Drivers/STM32F4xx_HAL_Driver/Src/stm32f4xx_hal_rcc.o
 .ARM.attributes
                0x0000027f       0x34 ./Drivers/STM32F4xx_HAL_Driver/Src/stm32f4xx_hal_rcc_ex.o
 .ARM.attributes
                0x000002b3       0x34 ./Drivers/STM32F4xx_HAL_Driver/Src/stm32f4xx_hal_tim.o
 .ARM.attributes
                0x000002e7       0x34 ./Drivers/STM32F4xx_HAL_Driver/Src/stm32f4xx_hal_uart.o
 .ARM.attributes
                0x0000031b       0x34 ./ThirdParty/FreeRtos/list.o
 .ARM.attributes
                0x0000034f       0x34 ./ThirdParty/FreeRtos/queue.o
 .ARM.attributes
                0x00000383       0x34 ./ThirdParty/FreeRtos/tasks.o
 .ARM.attributes
                0x000003b7       0x34 ./ThirdParty/FreeRtos/timers.o
 .ARM.attributes
                0x000003eb       0x34 ./ThirdParty/FreeRtos/portable/GCC/ARM_CM4F/port.o
 .ARM.attributes
                0x0000041f       0x34 ./ThirdParty/FreeRtos/portable/MemMang/heap_4.o
 .ARM.attributes
                0x00000453       0x34 C:/ST/STM32CubeIDE_1.18.1/STM32CubeIDE/plugins/com.st.stm32cube.ide.mcu.externaltools.gnu-tools-for-stm32.13.3.rel1.win32_1.0.0.202411081344/tools/bin/../lib/gcc/arm-none-eabi/13.3.1/../../../../arm-none-eabi/lib/thumb/v7e-m+fp/hard\libc_nano.a(libc_a-findfp.o)
 .ARM.attributes
                0x00000487       0x34 C:/ST/STM32CubeIDE_1.18.1/STM32CubeIDE/plugins/com.st.stm32cube.ide.mcu.externaltools.gnu-tools-for-stm32.13.3.rel1.win32_1.0.0.202411081344/tools/bin/../lib/gcc/arm-none-eabi/13.3.1/../../../../arm-none-eabi/lib/thumb/v7e-m+fp/hard\libc_nano.a(libc_a-fwalk.o)
 .ARM.attributes
                0x000004bb       0x34 C:/ST/STM32CubeIDE_1.18.1/STM32CubeIDE/plugins/com.st.stm32cube.ide.mcu.externaltools.gnu-tools-for-stm32.13.3.rel1.win32_1.0.0.202411081344/tools/bin/../lib/gcc/arm-none-eabi/13.3.1/../../../../arm-none-eabi/lib/thumb/v7e-m+fp/hard\libc_nano.a(libc_a-puts.o)
 .ARM.attributes
                0x000004ef       0x34 C:/ST/STM32CubeIDE_1.18.1/STM32CubeIDE/plugins/com.st.stm32cube.ide.mcu.externaltools.gnu-tools-for-stm32.13.3.rel1.win32_1.0.0.202411081344/tools/bin/../lib/gcc/arm-none-eabi/13.3.1/../../../../arm-none-eabi/lib/thumb/v7e-m+fp/hard\libc_nano.a(libc_a-stdio.o)
 .ARM.attributes
                0x00000523       0x34 C:/ST/STM32CubeIDE_1.18.1/STM32CubeIDE/plugins/com.st.stm32cube.ide.mcu.externaltools.gnu-tools-for-stm32.13.3.rel1.win32_1.0.0.202411081344/tools/bin/../lib/gcc/arm-none-eabi/13.3.1/../../../../arm-none-eabi/lib/thumb/v7e-m+fp/hard\libc_nano.a(libc_a-wbuf.o)
 .ARM.attributes
                0x00000557       0x34 C:/ST/STM32CubeIDE_1.18.1/STM32CubeIDE/plugins/com.st.stm32cube.ide.mcu.externaltools.gnu-tools-for-stm32.13.3.rel1.win32_1.0.0.202411081344/tools/bin/../lib/gcc/arm-none-eabi/13.3.1/../../../../arm-none-eabi/lib/thumb/v7e-m+fp/hard\libc_nano.a(libc_a-wsetup.o)
 .ARM.attributes
                0x0000058b       0x34 C:/ST/STM32CubeIDE_1.18.1/STM32CubeIDE/plugins/com.st.stm32cube.ide.mcu.externaltools.gnu-tools-for-stm32.13.3.rel1.win32_1.0.0.202411081344/tools/bin/../lib/gcc/arm-none-eabi/13.3.1/../../../../arm-none-eabi/lib/thumb/v7e-m+fp/hard\libc_nano.a(libc_a-memset.o)
 .ARM.attributes
                0x000005bf       0x34 C:/ST/STM32CubeIDE_1.18.1/STM32CubeIDE/plugins/com.st.stm32cube.ide.mcu.externaltools.gnu-tools-for-stm32.13.3.rel1.win32_1.0.0.202411081344/tools/bin/../lib/gcc/arm-none-eabi/13.3.1/../../../../arm-none-eabi/lib/thumb/v7e-m+fp/hard\libc_nano.a(libc_a-closer.o)
 .ARM.attributes
                0x000005f3       0x34 C:/ST/STM32CubeIDE_1.18.1/STM32CubeIDE/plugins/com.st.stm32cube.ide.mcu.externaltools.gnu-tools-for-stm32.13.3.rel1.win32_1.0.0.202411081344/tools/bin/../lib/gcc/arm-none-eabi/13.3.1/../../../../arm-none-eabi/lib/thumb/v7e-m+fp/hard\libc_nano.a(libc_a-reent.o)
 .ARM.attributes
                0x00000627       0x34 C:/ST/STM32CubeIDE_1.18.1/STM32CubeIDE/plugins/com.st.stm32cube.ide.mcu.externaltools.gnu-tools-for-stm32.13.3.rel1.win32_1.0.0.202411081344/tools/bin/../lib/gcc/arm-none-eabi/13.3.1/../../../../arm-none-eabi/lib/thumb/v7e-m+fp/hard\libc_nano.a(libc_a-impure.o)
 .ARM.attributes
                0x0000065b       0x34 C:/ST/STM32CubeIDE_1.18.1/STM32CubeIDE/plugins/com.st.stm32cube.ide.mcu.externaltools.gnu-tools-for-stm32.13.3.rel1.win32_1.0.0.202411081344/tools/bin/../lib/gcc/arm-none-eabi/13.3.1/../../../../arm-none-eabi/lib/thumb/v7e-m+fp/hard\libc_nano.a(libc_a-lseekr.o)
 .ARM.attributes
                0x0000068f       0x34 C:/ST/STM32CubeIDE_1.18.1/STM32CubeIDE/plugins/com.st.stm32cube.ide.mcu.externaltools.gnu-tools-for-stm32.13.3.rel1.win32_1.0.0.202411081344/tools/bin/../lib/gcc/arm-none-eabi/13.3.1/../../../../arm-none-eabi/lib/thumb/v7e-m+fp/hard\libc_nano.a(libc_a-readr.o)
 .ARM.attributes
                0x000006c3       0x34 C:/ST/STM32CubeIDE_1.18.1/STM32CubeIDE/plugins/com.st.stm32cube.ide.mcu.externaltools.gnu-tools-for-stm32.13.3.rel1.win32_1.0.0.202411081344/tools/bin/../lib/gcc/arm-none-eabi/13.3.1/../../../../arm-none-eabi/lib/thumb/v7e-m+fp/hard\libc_nano.a(libc_a-writer.o)
 .ARM.attributes
                0x000006f7       0x34 C:/ST/STM32CubeIDE_1.18.1/STM32CubeIDE/plugins/com.st.stm32cube.ide.mcu.externaltools.gnu-tools-for-stm32.13.3.rel1.win32_1.0.0.202411081344/tools/bin/../lib/gcc/arm-none-eabi/13.3.1/../../../../arm-none-eabi/lib/thumb/v7e-m+fp/hard\libc_nano.a(libc_a-errno.o)
 .ARM.attributes
                0x0000072b       0x34 C:/ST/STM32CubeIDE_1.18.1/STM32CubeIDE/plugins/com.st.stm32cube.ide.mcu.externaltools.gnu-tools-for-stm32.13.3.rel1.win32_1.0.0.202411081344/tools/bin/../lib/gcc/arm-none-eabi/13.3.1/../../../../arm-none-eabi/lib/thumb/v7e-m+fp/hard\libc_nano.a(libc_a-init.o)
 .ARM.attributes
                0x0000075f       0x34 C:/ST/STM32CubeIDE_1.18.1/STM32CubeIDE/plugins/com.st.stm32cube.ide.mcu.externaltools.gnu-tools-for-stm32.13.3.rel1.win32_1.0.0.202411081344/tools/bin/../lib/gcc/arm-none-eabi/13.3.1/../../../../arm-none-eabi/lib/thumb/v7e-m+fp/hard\libc_nano.a(libc_a-lock.o)
 .ARM.attributes
                0x00000793       0x34 C:/ST/STM32CubeIDE_1.18.1/STM32CubeIDE/plugins/com.st.stm32cube.ide.mcu.externaltools.gnu-tools-for-stm32.13.3.rel1.win32_1.0.0.202411081344/tools/bin/../lib/gcc/arm-none-eabi/13.3.1/../../../../arm-none-eabi/lib/thumb/v7e-m+fp/hard\libc_nano.a(libc_a-memcpy-stub.o)
 .ARM.attributes
                0x000007c7       0x34 C:/ST/STM32CubeIDE_1.18.1/STM32CubeIDE/plugins/com.st.stm32cube.ide.mcu.externaltools.gnu-tools-for-stm32.13.3.rel1.win32_1.0.0.202411081344/tools/bin/../lib/gcc/arm-none-eabi/13.3.1/../../../../arm-none-eabi/lib/thumb/v7e-m+fp/hard\libc_nano.a(libc_a-freer.o)
 .ARM.attributes
                0x000007fb       0x34 C:/ST/STM32CubeIDE_1.18.1/STM32CubeIDE/plugins/com.st.stm32cube.ide.mcu.externaltools.gnu-tools-for-stm32.13.3.rel1.win32_1.0.0.202411081344/tools/bin/../lib/gcc/arm-none-eabi/13.3.1/../../../../arm-none-eabi/lib/thumb/v7e-m+fp/hard\libc_nano.a(libc_a-mallocr.o)
 .ARM.attributes
                0x0000082f       0x34 C:/ST/STM32CubeIDE_1.18.1/STM32CubeIDE/plugins/com.st.stm32cube.ide.mcu.externaltools.gnu-tools-for-stm32.13.3.rel1.win32_1.0.0.202411081344/tools/bin/../lib/gcc/arm-none-eabi/13.3.1/../../../../arm-none-eabi/lib/thumb/v7e-m+fp/hard\libc_nano.a(libc_a-mlock.o)
 .ARM.attributes
                0x00000863       0x34 C:/ST/STM32CubeIDE_1.18.1/STM32CubeIDE/plugins/com.st.stm32cube.ide.mcu.externaltools.gnu-tools-for-stm32.13.3.rel1.win32_1.0.0.202411081344/tools/bin/../lib/gcc/arm-none-eabi/13.3.1/../../../../arm-none-eabi/lib/thumb/v7e-m+fp/hard\libc_nano.a(libc_a-fflush.o)
 .ARM.attributes
                0x00000897       0x34 C:/ST/STM32CubeIDE_1.18.1/STM32CubeIDE/plugins/com.st.stm32cube.ide.mcu.externaltools.gnu-tools-for-stm32.13.3.rel1.win32_1.0.0.202411081344/tools/bin/../lib/gcc/arm-none-eabi/13.3.1/../../../../arm-none-eabi/lib/thumb/v7e-m+fp/hard\libc_nano.a(libc_a-makebuf.o)
 .ARM.attributes
                0x000008cb       0x34 C:/ST/STM32CubeIDE_1.18.1/STM32CubeIDE/plugins/com.st.stm32cube.ide.mcu.externaltools.gnu-tools-for-stm32.13.3.rel1.win32_1.0.0.202411081344/tools/bin/../lib/gcc/arm-none-eabi/13.3.1/../../../../arm-none-eabi/lib/thumb/v7e-m+fp/hard\libc_nano.a(libc_a-fstatr.o)
 .ARM.attributes
                0x000008ff       0x34 C:/ST/STM32CubeIDE_1.18.1/STM32CubeIDE/plugins/com.st.stm32cube.ide.mcu.externaltools.gnu-tools-for-stm32.13.3.rel1.win32_1.0.0.202411081344/tools/bin/../lib/gcc/arm-none-eabi/13.3.1/../../../../arm-none-eabi/lib/thumb/v7e-m+fp/hard\libc_nano.a(libc_a-isattyr.o)
 .ARM.attributes
                0x00000933       0x34 C:/ST/STM32CubeIDE_1.18.1/STM32CubeIDE/plugins/com.st.stm32cube.ide.mcu.externaltools.gnu-tools-for-stm32.13.3.rel1.win32_1.0.0.202411081344/tools/bin/../lib/gcc/arm-none-eabi/13.3.1/../../../../arm-none-eabi/lib/thumb/v7e-m+fp/hard\libc_nano.a(libc_a-sbrkr.o)
 .ARM.attributes
                0x00000967       0x22 C:/ST/STM32CubeIDE_1.18.1/STM32CubeIDE/plugins/com.st.stm32cube.ide.mcu.externaltools.gnu-tools-for-stm32.13.3.rel1.win32_1.0.0.202411081344/tools/bin/../lib/gcc/arm-none-eabi/13.3.1/thumb/v7e-m+fp/hard\libgcc.a(_aeabi_uldivmod.o)
 .ARM.attributes
                0x00000989       0x34 C:/ST/STM32CubeIDE_1.18.1/STM32CubeIDE/plugins/com.st.stm32cube.ide.mcu.externaltools.gnu-tools-for-stm32.13.3.rel1.win32_1.0.0.202411081344/tools/bin/../lib/gcc/arm-none-eabi/13.3.1/thumb/v7e-m+fp/hard\libgcc.a(_udivmoddi4.o)
 .ARM.attributes
                0x000009bd       0x22 C:/ST/STM32CubeIDE_1.18.1/STM32CubeIDE/plugins/com.st.stm32cube.ide.mcu.externaltools.gnu-tools-for-stm32.13.3.rel1.win32_1.0.0.202411081344/tools/bin/../lib/gcc/arm-none-eabi/13.3.1/thumb/v7e-m+fp/hard\libgcc.a(_dvmd_tls.o)
 .ARM.attributes
                0x000009df       0x22 C:/ST/STM32CubeIDE_1.18.1/STM32CubeIDE/plugins/com.st.stm32cube.ide.mcu.externaltools.gnu-tools-for-stm32.13.3.rel1.win32_1.0.0.202411081344/tools/bin/../lib/gcc/arm-none-eabi/13.3.1/thumb/v7e-m+fp/hard/crtn.o
OUTPUT(three_led.elf elf32-littlearm)
LOAD linker stubs
LOAD C:/ST/STM32CubeIDE_1.18.1/STM32CubeIDE/plugins/com.st.stm32cube.ide.mcu.externaltools.gnu-tools-for-stm32.13.3.rel1.win32_1.0.0.202411081344/tools/bin/../lib/gcc/arm-none-eabi/13.3.1/../../../../arm-none-eabi/lib/thumb/v7e-m+fp/hard\libc.a
LOAD C:/ST/STM32CubeIDE_1.18.1/STM32CubeIDE/plugins/com.st.stm32cube.ide.mcu.externaltools.gnu-tools-for-stm32.13.3.rel1.win32_1.0.0.202411081344/tools/bin/../lib/gcc/arm-none-eabi/13.3.1/../../../../arm-none-eabi/lib/thumb/v7e-m+fp/hard\libm.a
LOAD C:/ST/STM32CubeIDE_1.18.1/STM32CubeIDE/plugins/com.st.stm32cube.ide.mcu.externaltools.gnu-tools-for-stm32.13.3.rel1.win32_1.0.0.202411081344/tools/bin/../lib/gcc/arm-none-eabi/13.3.1/thumb/v7e-m+fp/hard\libgcc.a

.debug_info     0x00000000    0x1151f
 .debug_info    0x00000000     0x116d ./Core/Src/main.o
 .debug_info    0x0000116d      0x92c ./Core/Src/stm32f4xx_hal_msp.o
 .debug_info    0x00001a99      0xc44 ./Core/Src/stm32f4xx_hal_timebase_tim.o
 .debug_info    0x000026dd      0x6a3 ./Core/Src/syscalls.o
 .debug_info    0x00002d80      0x168 ./Core/Src/sysmem.o
 .debug_info    0x00002ee8      0x54a ./Core/Src/system_stm32f4xx.o
 .debug_info    0x00003432       0x30 ./Core/Startup/startup_stm32f446retx.o
 .debug_info    0x00003462      0x99a ./Drivers/STM32F4xx_HAL_Driver/Src/stm32f4xx_hal.o
 .debug_info    0x00003dfc      0xdaa ./Drivers/STM32F4xx_HAL_Driver/Src/stm32f4xx_hal_cortex.o
 .debug_info    0x00004ba6      0x70b ./Drivers/STM32F4xx_HAL_Driver/Src/stm32f4xx_hal_gpio.o
 .debug_info    0x000052b1      0x8ff ./Drivers/STM32F4xx_HAL_Driver/Src/stm32f4xx_hal_rcc.o
 .debug_info    0x00005bb0      0x960 ./Drivers/STM32F4xx_HAL_Driver/Src/stm32f4xx_hal_rcc_ex.o
 .debug_info    0x00006510     0x299d ./Drivers/STM32F4xx_HAL_Driver/Src/stm32f4xx_hal_tim.o
 .debug_info    0x00008ead     0x2f4f ./Drivers/STM32F4xx_HAL_Driver/Src/stm32f4xx_hal_uart.o
 .debug_info    0x0000bdfc      0x2af ./ThirdParty/FreeRtos/list.o
 .debug_info    0x0000c0ab     0x184f ./ThirdParty/FreeRtos/queue.o
 .debug_info    0x0000d8fa     0x2401 ./ThirdParty/FreeRtos/tasks.o
 .debug_info    0x0000fcfb      0xe20 ./ThirdParty/FreeRtos/timers.o
 .debug_info    0x00010b1b      0x4e1 ./ThirdParty/FreeRtos/portable/GCC/ARM_CM4F/port.o
 .debug_info    0x00010ffc      0x523 ./ThirdParty/FreeRtos/portable/MemMang/heap_4.o

.debug_abbrev   0x00000000     0x2aeb
 .debug_abbrev  0x00000000      0x321 ./Core/Src/main.o
 .debug_abbrev  0x00000321      0x1c2 ./Core/Src/stm32f4xx_hal_msp.o
 .debug_abbrev  0x000004e3      0x1f4 ./Core/Src/stm32f4xx_hal_timebase_tim.o
 .debug_abbrev  0x000006d7      0x1b6 ./Core/Src/syscalls.o
 .debug_abbrev  0x0000088d       0xbc ./Core/Src/sysmem.o
 .debug_abbrev  0x00000949      0x11a ./Core/Src/system_stm32f4xx.o
 .debug_abbrev  0x00000a63       0x24 ./Core/Startup/startup_stm32f446retx.o
 .debug_abbrev  0x00000a87      0x214 ./Drivers/STM32F4xx_HAL_Driver/Src/stm32f4xx_hal.o
 .debug_abbrev  0x00000c9b      0x31d ./Drivers/STM32F4xx_HAL_Driver/Src/stm32f4xx_hal_cortex.o
 .debug_abbrev  0x00000fb8      0x1d4 ./Drivers/STM32F4xx_HAL_Driver/Src/stm32f4xx_hal_gpio.o
 .debug_abbrev  0x0000118c      0x2b7 ./Drivers/STM32F4xx_HAL_Driver/Src/stm32f4xx_hal_rcc.o
 .debug_abbrev  0x00001443      0x211 ./Drivers/STM32F4xx_HAL_Driver/Src/stm32f4xx_hal_rcc_ex.o
 .debug_abbrev  0x00001654      0x278 ./Drivers/STM32F4xx_HAL_Driver/Src/stm32f4xx_hal_tim.o
 .debug_abbrev  0x000018cc      0x30e ./Drivers/STM32F4xx_HAL_Driver/Src/stm32f4xx_hal_uart.o
 .debug_abbrev  0x00001bda       0xf5 ./ThirdParty/FreeRtos/list.o
 .debug_abbrev  0x00001ccf      0x323 ./ThirdParty/FreeRtos/queue.o
 .debug_abbrev  0x00001ff2      0x37e ./ThirdParty/FreeRtos/tasks.o
 .debug_abbrev  0x00002370      0x2cb ./ThirdParty/FreeRtos/timers.o
 .debug_abbrev  0x0000263b      0x25a ./ThirdParty/FreeRtos/portable/GCC/ARM_CM4F/port.o
 .debug_abbrev  0x00002895      0x256 ./ThirdParty/FreeRtos/portable/MemMang/heap_4.o

.debug_aranges  0x00000000     0x1058
 .debug_aranges
                0x00000000       0x60 ./Core/Src/main.o
 .debug_aranges
                0x00000060       0x30 ./Core/Src/stm32f4xx_hal_msp.o
 .debug_aranges
                0x00000090       0x30 ./Core/Src/stm32f4xx_hal_timebase_tim.o
 .debug_aranges
                0x000000c0       0xa8 ./Core/Src/syscalls.o
 .debug_aranges
                0x00000168       0x20 ./Core/Src/sysmem.o
 .debug_aranges
                0x00000188       0x28 ./Core/Src/system_stm32f4xx.o
 .debug_aranges
                0x000001b0       0x28 ./Core/Startup/startup_stm32f446retx.o
 .debug_aranges
                0x000001d8       0xf0 ./Drivers/STM32F4xx_HAL_Driver/Src/stm32f4xx_hal.o
 .debug_aranges
                0x000002c8      0x130 ./Drivers/STM32F4xx_HAL_Driver/Src/stm32f4xx_hal_cortex.o
 .debug_aranges
                0x000003f8       0x58 ./Drivers/STM32F4xx_HAL_Driver/Src/stm32f4xx_hal_gpio.o
 .debug_aranges
                0x00000450       0x88 ./Drivers/STM32F4xx_HAL_Driver/Src/stm32f4xx_hal_rcc.o
 .debug_aranges
                0x000004d8       0x78 ./Drivers/STM32F4xx_HAL_Driver/Src/stm32f4xx_hal_rcc_ex.o
 .debug_aranges
                0x00000550      0x3d0 ./Drivers/STM32F4xx_HAL_Driver/Src/stm32f4xx_hal_tim.o
 .debug_aranges
                0x00000920      0x208 ./Drivers/STM32F4xx_HAL_Driver/Src/stm32f4xx_hal_uart.o
 .debug_aranges
                0x00000b28       0x40 ./ThirdParty/FreeRtos/list.o
 .debug_aranges
                0x00000b68      0x130 ./ThirdParty/FreeRtos/queue.o
 .debug_aranges
                0x00000c98      0x1f8 ./ThirdParty/FreeRtos/tasks.o
 .debug_aranges
                0x00000e90       0xe8 ./ThirdParty/FreeRtos/timers.o
 .debug_aranges
                0x00000f78       0x80 ./ThirdParty/FreeRtos/portable/GCC/ARM_CM4F/port.o
 .debug_aranges
                0x00000ff8       0x60 ./ThirdParty/FreeRtos/portable/MemMang/heap_4.o

.debug_rnglists
                0x00000000      0xcab
 .debug_rnglists
                0x00000000       0x46 ./Core/Src/main.o
 .debug_rnglists
                0x00000046       0x20 ./Core/Src/stm32f4xx_hal_msp.o
 .debug_rnglists
                0x00000066       0x20 ./Core/Src/stm32f4xx_hal_timebase_tim.o
 .debug_rnglists
                0x00000086       0x79 ./Core/Src/syscalls.o
 .debug_rnglists
                0x000000ff       0x13 ./Core/Src/sysmem.o
 .debug_rnglists
                0x00000112       0x1a ./Core/Src/system_stm32f4xx.o
 .debug_rnglists
                0x0000012c       0x19 ./Core/Startup/startup_stm32f446retx.o
 .debug_rnglists
                0x00000145       0xaf ./Drivers/STM32F4xx_HAL_Driver/Src/stm32f4xx_hal.o
 .debug_rnglists
                0x000001f4       0xe0 ./Drivers/STM32F4xx_HAL_Driver/Src/stm32f4xx_hal_cortex.o
 .debug_rnglists
                0x000002d4       0x3f ./Drivers/STM32F4xx_HAL_Driver/Src/stm32f4xx_hal_gpio.o
 .debug_rnglists
                0x00000313       0x66 ./Drivers/STM32F4xx_HAL_Driver/Src/stm32f4xx_hal_rcc.o
 .debug_rnglists
                0x00000379       0x5e ./Drivers/STM32F4xx_HAL_Driver/Src/stm32f4xx_hal_rcc_ex.o
 .debug_rnglists
                0x000003d7      0x31a ./Drivers/STM32F4xx_HAL_Driver/Src/stm32f4xx_hal_tim.o
 .debug_rnglists
                0x000006f1      0x1bc ./Drivers/STM32F4xx_HAL_Driver/Src/stm32f4xx_hal_uart.o
 .debug_rnglists
                0x000008ad       0x2b ./ThirdParty/FreeRtos/list.o
 .debug_rnglists
                0x000008d8       0xec ./ThirdParty/FreeRtos/queue.o
 .debug_rnglists
                0x000009c4      0x195 ./ThirdParty/FreeRtos/tasks.o
 .debug_rnglists
                0x00000b59       0xad ./ThirdParty/FreeRtos/timers.o
 .debug_rnglists
                0x00000c06       0x5d ./ThirdParty/FreeRtos/portable/GCC/ARM_CM4F/port.o
 .debug_rnglists
                0x00000c63       0x48 ./ThirdParty/FreeRtos/portable/MemMang/heap_4.o

.debug_macro    0x00000000    0x24083
 .debug_macro   0x00000000      0x322 ./Core/Src/main.o
 .debug_macro   0x00000322      0xad8 ./Core/Src/main.o
 .debug_macro   0x00000dfa      0x29b ./Core/Src/main.o
 .debug_macro   0x00001095       0x2e ./Core/Src/main.o
 .debug_macro   0x000010c3       0x28 ./Core/Src/main.o
 .debug_macro   0x000010eb       0x22 ./Core/Src/main.o
 .debug_macro   0x0000110d       0x8e ./Core/Src/main.o
 .debug_macro   0x0000119b       0x51 ./Core/Src/main.o
 .debug_macro   0x000011ec      0x103 ./Core/Src/main.o
 .debug_macro   0x000012ef       0x6a ./Core/Src/main.o
 .debug_macro   0x00001359      0x1df ./Core/Src/main.o
 .debug_macro   0x00001538       0x1c ./Core/Src/main.o
 .debug_macro   0x00001554       0x22 ./Core/Src/main.o
 .debug_macro   0x00001576       0xfb ./Core/Src/main.o
 .debug_macro   0x00001671     0x1011 ./Core/Src/main.o
 .debug_macro   0x00002682      0x11f ./Core/Src/main.o
 .debug_macro   0x000027a1    0x1675e ./Core/Src/main.o
 .debug_macro   0x00018eff       0x6d ./Core/Src/main.o
 .debug_macro   0x00018f6c     0x3693 ./Core/Src/main.o
 .debug_macro   0x0001c5ff      0x190 ./Core/Src/main.o
 .debug_macro   0x0001c78f       0x5c ./Core/Src/main.o
 .debug_macro   0x0001c7eb      0xca5 ./Core/Src/main.o
 .debug_macro   0x0001d490      0x9e9 ./Core/Src/main.o
 .debug_macro   0x0001de79      0x115 ./Core/Src/main.o
 .debug_macro   0x0001df8e      0x1a0 ./Core/Src/main.o
 .debug_macro   0x0001e12e       0xa5 ./Core/Src/main.o
 .debug_macro   0x0001e1d3      0x16d ./Core/Src/main.o
 .debug_macro   0x0001e340      0x287 ./Core/Src/main.o
 .debug_macro   0x0001e5c7       0x5f ./Core/Src/main.o
 .debug_macro   0x0001e626      0x236 ./Core/Src/main.o
 .debug_macro   0x0001e85c      0x132 ./Core/Src/main.o
 .debug_macro   0x0001e98e      0x29c ./Core/Src/main.o
 .debug_macro   0x0001ec2a       0x2e ./Core/Src/main.o
 .debug_macro   0x0001ec58      0x127 ./Core/Src/main.o
 .debug_macro   0x0001ed7f       0xe8 ./Core/Src/main.o
 .debug_macro   0x0001ee67       0x89 ./Core/Src/main.o
 .debug_macro   0x0001eef0      0x8ed ./Core/Src/main.o
 .debug_macro   0x0001f7dd       0x53 ./Core/Src/main.o
 .debug_macro   0x0001f830      0x2aa ./Core/Src/main.o
 .debug_macro   0x0001fada      0x126 ./Core/Src/main.o
 .debug_macro   0x0001fc00       0x70 ./Core/Src/main.o
 .debug_macro   0x0001fc70       0x61 ./Core/Src/main.o
 .debug_macro   0x0001fcd1       0x2a ./Core/Src/main.o
 .debug_macro   0x0001fcfb       0x43 ./Core/Src/main.o
 .debug_macro   0x0001fd3e       0x34 ./Core/Src/main.o
 .debug_macro   0x0001fd72       0x16 ./Core/Src/main.o
 .debug_macro   0x0001fd88       0x3c ./Core/Src/main.o
 .debug_macro   0x0001fdc4      0x370 ./Core/Src/main.o
 .debug_macro   0x00020134       0x10 ./Core/Src/main.o
 .debug_macro   0x00020144       0x16 ./Core/Src/main.o
 .debug_macro   0x0002015a       0x4a ./Core/Src/main.o
 .debug_macro   0x000201a4       0x34 ./Core/Src/main.o
 .debug_macro   0x000201d8       0x10 ./Core/Src/main.o
 .debug_macro   0x000201e8       0x58 ./Core/Src/main.o
 .debug_macro   0x00020240       0x8e ./Core/Src/main.o
 .debug_macro   0x000202ce       0x1c ./Core/Src/main.o
 .debug_macro   0x000202ea      0x185 ./Core/Src/main.o
 .debug_macro   0x0002046f       0x16 ./Core/Src/main.o
 .debug_macro   0x00020485       0x16 ./Core/Src/main.o
 .debug_macro   0x0002049b      0x146 ./Core/Src/main.o
 .debug_macro   0x000205e1       0xfa ./Core/Src/main.o
 .debug_macro   0x000206db      0x15a ./Core/Src/main.o
 .debug_macro   0x00020835       0xea ./Core/Src/main.o
 .debug_macro   0x0002091f       0x28 ./Core/Src/main.o
 .debug_macro   0x00020947       0x1f ./Core/Src/main.o
 .debug_macro   0x00020966       0x12 ./Core/Src/main.o
 .debug_macro   0x00020978      0x52d ./Core/Src/main.o
 .debug_macro   0x00020ea5       0xc3 ./Core/Src/main.o
 .debug_macro   0x00020f68      0x120 ./Core/Src/main.o
 .debug_macro   0x00021088      0x1dd ./Core/Src/stm32f4xx_hal_msp.o
 .debug_macro   0x00021265      0x1ce ./Core/Src/stm32f4xx_hal_timebase_tim.o
 .debug_macro   0x00021433      0x274 ./Core/Src/syscalls.o
 .debug_macro   0x000216a7       0x5b ./Core/Src/syscalls.o
 .debug_macro   0x00021702       0x94 ./Core/Src/syscalls.o
 .debug_macro   0x00021796       0x57 ./Core/Src/syscalls.o
 .debug_macro   0x000217ed       0x10 ./Core/Src/syscalls.o
 .debug_macro   0x000217fd       0x10 ./Core/Src/syscalls.o
 .debug_macro   0x0002180d       0x10 ./Core/Src/syscalls.o
 .debug_macro   0x0002181d       0x10 ./Core/Src/syscalls.o
 .debug_macro   0x0002182d       0x1c ./Core/Src/syscalls.o
 .debug_macro   0x00021849       0x52 ./Core/Src/syscalls.o
 .debug_macro   0x0002189b       0x22 ./Core/Src/syscalls.o
 .debug_macro   0x000218bd       0x10 ./Core/Src/syscalls.o
 .debug_macro   0x000218cd       0x52 ./Core/Src/syscalls.o
 .debug_macro   0x0002191f       0xcf ./Core/Src/syscalls.o
 .debug_macro   0x000219ee       0x1c ./Core/Src/syscalls.o
 .debug_macro   0x00021a0a       0x3d ./Core/Src/syscalls.o
 .debug_macro   0x00021a47       0x35 ./Core/Src/syscalls.o
 .debug_macro   0x00021a7c      0x12c ./Core/Src/syscalls.o
 .debug_macro   0x00021ba8       0x16 ./Core/Src/syscalls.o
 .debug_macro   0x00021bbe       0x16 ./Core/Src/syscalls.o
 .debug_macro   0x00021bd4       0x29 ./Core/Src/syscalls.o
 .debug_macro   0x00021bfd       0x10 ./Core/Src/syscalls.o
 .debug_macro   0x00021c0d      0x242 ./Core/Src/syscalls.o
 .debug_macro   0x00021e4f       0x1c ./Core/Src/syscalls.o
 .debug_macro   0x00021e6b       0x10 ./Core/Src/syscalls.o
 .debug_macro   0x00021e7b      0x18a ./Core/Src/syscalls.o
 .debug_macro   0x00022005       0x16 ./Core/Src/syscalls.o
 .debug_macro   0x0002201b       0xce ./Core/Src/syscalls.o
 .debug_macro   0x000220e9      0x112 ./Core/Src/sysmem.o
 .debug_macro   0x000221fb      0x23c ./Core/Src/sysmem.o
 .debug_macro   0x00022437      0x1ce ./Core/Src/system_stm32f4xx.o
 .debug_macro   0x00022605      0x22e ./Drivers/STM32F4xx_HAL_Driver/Src/stm32f4xx_hal.o
 .debug_macro   0x00022833      0x1ce ./Drivers/STM32F4xx_HAL_Driver/Src/stm32f4xx_hal_cortex.o
 .debug_macro   0x00022a01      0x1d4 ./Drivers/STM32F4xx_HAL_Driver/Src/stm32f4xx_hal_gpio.o
 .debug_macro   0x00022bd5      0x1f2 ./Drivers/STM32F4xx_HAL_Driver/Src/stm32f4xx_hal_rcc.o
 .debug_macro   0x00022dc7      0x1ce ./Drivers/STM32F4xx_HAL_Driver/Src/stm32f4xx_hal_rcc_ex.o
 .debug_macro   0x00022f95      0x1cf ./Drivers/STM32F4xx_HAL_Driver/Src/stm32f4xx_hal_tim.o
 .debug_macro   0x00023164      0x1cf ./Drivers/STM32F4xx_HAL_Driver/Src/stm32f4xx_hal_uart.o
 .debug_macro   0x00023333      0x198 ./ThirdParty/FreeRtos/list.o
 .debug_macro   0x000234cb      0x22f ./ThirdParty/FreeRtos/queue.o
 .debug_macro   0x000236fa       0x16 ./ThirdParty/FreeRtos/queue.o
 .debug_macro   0x00023710       0x20 ./ThirdParty/FreeRtos/queue.o
 .debug_macro   0x00023730       0x80 ./ThirdParty/FreeRtos/queue.o
 .debug_macro   0x000237b0      0x27e ./ThirdParty/FreeRtos/tasks.o
 .debug_macro   0x00023a2e       0x17 ./ThirdParty/FreeRtos/tasks.o
 .debug_macro   0x00023a45      0x1e7 ./ThirdParty/FreeRtos/timers.o
 .debug_macro   0x00023c2c       0x97 ./ThirdParty/FreeRtos/timers.o
 .debug_macro   0x00023cc3      0x1a7 ./ThirdParty/FreeRtos/portable/GCC/ARM_CM4F/port.o
 .debug_macro   0x00023e6a      0x219 ./ThirdParty/FreeRtos/portable/MemMang/heap_4.o

.debug_line     0x00000000    0x12f1e
 .debug_line    0x00000000      0xb99 ./Core/Src/main.o
 .debug_line    0x00000b99      0x794 ./Core/Src/stm32f4xx_hal_msp.o
 .debug_line    0x0000132d      0x7c4 ./Core/Src/stm32f4xx_hal_timebase_tim.o
 .debug_line    0x00001af1      0x8ac ./Core/Src/syscalls.o
 .debug_line    0x0000239d      0x588 ./Core/Src/sysmem.o
 .debug_line    0x00002925      0x7bc ./Core/Src/system_stm32f4xx.o
 .debug_line    0x000030e1       0x7a ./Core/Startup/startup_stm32f446retx.o
 .debug_line    0x0000315b      0xa38 ./Drivers/STM32F4xx_HAL_Driver/Src/stm32f4xx_hal.o
 .debug_line    0x00003b93      0xd08 ./Drivers/STM32F4xx_HAL_Driver/Src/stm32f4xx_hal_cortex.o
 .debug_line    0x0000489b      0xb7c ./Drivers/STM32F4xx_HAL_Driver/Src/stm32f4xx_hal_gpio.o
 .debug_line    0x00005417      0xe53 ./Drivers/STM32F4xx_HAL_Driver/Src/stm32f4xx_hal_rcc.o
 .debug_line    0x0000626a     0x1504 ./Drivers/STM32F4xx_HAL_Driver/Src/stm32f4xx_hal_rcc_ex.o
 .debug_line    0x0000776e     0x37ad ./Drivers/STM32F4xx_HAL_Driver/Src/stm32f4xx_hal_tim.o
 .debug_line    0x0000af1b     0x2580 ./Drivers/STM32F4xx_HAL_Driver/Src/stm32f4xx_hal_uart.o
 .debug_line    0x0000d49b      0x7c7 ./ThirdParty/FreeRtos/list.o
 .debug_line    0x0000dc62     0x168a ./ThirdParty/FreeRtos/queue.o
 .debug_line    0x0000f2ec     0x1c95 ./ThirdParty/FreeRtos/tasks.o
 .debug_line    0x00010f81      0xcde ./ThirdParty/FreeRtos/timers.o
 .debug_line    0x00011c5f      0x889 ./ThirdParty/FreeRtos/portable/GCC/ARM_CM4F/port.o
 .debug_line    0x000124e8      0xa36 ./ThirdParty/FreeRtos/portable/MemMang/heap_4.o

.debug_str      0x00000000    0xdb751
 .debug_str     0x00000000    0xdb751 ./Core/Src/main.o
                              0xd2bda (size before relaxing)
 .debug_str     0x000db751    0xc9ea6 ./Core/Src/stm32f4xx_hal_msp.o
 .debug_str     0x000db751    0xca3c6 ./Core/Src/stm32f4xx_hal_timebase_tim.o
 .debug_str     0x000db751     0x99cf ./Core/Src/syscalls.o
 .debug_str     0x000db751     0x776d ./Core/Src/sysmem.o
 .debug_str     0x000db751    0xc988e ./Core/Src/system_stm32f4xx.o
 .debug_str     0x000db751       0x6f ./Core/Startup/startup_stm32f446retx.o
 .debug_str     0x000db751    0xca453 ./Drivers/STM32F4xx_HAL_Driver/Src/stm32f4xx_hal.o
 .debug_str     0x000db751    0xca1aa ./Drivers/STM32F4xx_HAL_Driver/Src/stm32f4xx_hal_cortex.o
 .debug_str     0x000db751    0xc9a09 ./Drivers/STM32F4xx_HAL_Driver/Src/stm32f4xx_hal_gpio.o
 .debug_str     0x000db751    0xc9cc7 ./Drivers/STM32F4xx_HAL_Driver/Src/stm32f4xx_hal_rcc.o
 .debug_str     0x000db751    0xc9cfa ./Drivers/STM32F4xx_HAL_Driver/Src/stm32f4xx_hal_rcc_ex.o
 .debug_str     0x000db751    0xcabf3 ./Drivers/STM32F4xx_HAL_Driver/Src/stm32f4xx_hal_tim.o
 .debug_str     0x000db751    0xca27e ./Drivers/STM32F4xx_HAL_Driver/Src/stm32f4xx_hal_uart.o
 .debug_str     0x000db751     0xb257 ./ThirdParty/FreeRtos/list.o
 .debug_str     0x000db751     0xd956 ./ThirdParty/FreeRtos/queue.o
 .debug_str     0x000db751     0xe368 ./ThirdParty/FreeRtos/tasks.o
 .debug_str     0x000db751     0xdad6 ./ThirdParty/FreeRtos/timers.o
 .debug_str     0x000db751     0x99fb ./ThirdParty/FreeRtos/portable/GCC/ARM_CM4F/port.o
 .debug_str     0x000db751     0xca81 ./ThirdParty/FreeRtos/portable/MemMang/heap_4.o

.comment        0x00000000       0x43
 .comment       0x00000000       0x43 ./Core/Src/main.o
                                 0x44 (size before relaxing)
 .comment       0x00000043       0x44 ./Core/Src/stm32f4xx_hal_msp.o
 .comment       0x00000043       0x44 ./Core/Src/stm32f4xx_hal_timebase_tim.o
 .comment       0x00000043       0x44 ./Core/Src/syscalls.o
 .comment       0x00000043       0x44 ./Core/Src/sysmem.o
 .comment       0x00000043       0x44 ./Core/Src/system_stm32f4xx.o
 .comment       0x00000043       0x44 ./Drivers/STM32F4xx_HAL_Driver/Src/stm32f4xx_hal.o
 .comment       0x00000043       0x44 ./Drivers/STM32F4xx_HAL_Driver/Src/stm32f4xx_hal_cortex.o
 .comment       0x00000043       0x44 ./Drivers/STM32F4xx_HAL_Driver/Src/stm32f4xx_hal_gpio.o
 .comment       0x00000043       0x44 ./Drivers/STM32F4xx_HAL_Driver/Src/stm32f4xx_hal_rcc.o
 .comment       0x00000043       0x44 ./Drivers/STM32F4xx_HAL_Driver/Src/stm32f4xx_hal_rcc_ex.o
 .comment       0x00000043       0x44 ./Drivers/STM32F4xx_HAL_Driver/Src/stm32f4xx_hal_tim.o
 .comment       0x00000043       0x44 ./Drivers/STM32F4xx_HAL_Driver/Src/stm32f4xx_hal_uart.o
 .comment       0x00000043       0x44 ./ThirdParty/FreeRtos/list.o
 .comment       0x00000043       0x44 ./ThirdParty/FreeRtos/queue.o
 .comment       0x00000043       0x44 ./ThirdParty/FreeRtos/tasks.o
 .comment       0x00000043       0x44 ./ThirdParty/FreeRtos/timers.o
 .comment       0x00000043       0x44 ./ThirdParty/FreeRtos/portable/GCC/ARM_CM4F/port.o
 .comment       0x00000043       0x44 ./ThirdParty/FreeRtos/portable/MemMang/heap_4.o

.debug_frame    0x00000000     0x4aa4
 .debug_frame   0x00000000      0x130 ./Core/Src/main.o
 .debug_frame   0x00000130       0x7c ./Core/Src/stm32f4xx_hal_msp.o
 .debug_frame   0x000001ac       0x74 ./Core/Src/stm32f4xx_hal_timebase_tim.o
 .debug_frame   0x00000220      0x2ac ./Core/Src/syscalls.o
 .debug_frame   0x000004cc       0x34 ./Core/Src/sysmem.o
 .debug_frame   0x00000500       0x58 ./Core/Src/system_stm32f4xx.o
 .debug_frame   0x00000558      0x374 ./Drivers/STM32F4xx_HAL_Driver/Src/stm32f4xx_hal.o
 .debug_frame   0x000008cc      0x508 ./Drivers/STM32F4xx_HAL_Driver/Src/stm32f4xx_hal_cortex.o
 .debug_frame   0x00000dd4      0x14c ./Drivers/STM32F4xx_HAL_Driver/Src/stm32f4xx_hal_gpio.o
 .debug_frame   0x00000f20      0x1f4 ./Drivers/STM32F4xx_HAL_Driver/Src/stm32f4xx_hal_rcc.o
 .debug_frame   0x00001114      0x1e8 ./Drivers/STM32F4xx_HAL_Driver/Src/stm32f4xx_hal_rcc_ex.o
 .debug_frame   0x000012fc     0x11c0 ./Drivers/STM32F4xx_HAL_Driver/Src/stm32f4xx_hal_tim.o
 .debug_frame   0x000024bc      0x954 ./Drivers/STM32F4xx_HAL_Driver/Src/stm32f4xx_hal_uart.o
 .debug_frame   0x00002e10       0xd8 ./ThirdParty/FreeRtos/list.o
 .debug_frame   0x00002ee8      0x530 ./ThirdParty/FreeRtos/queue.o
 .debug_frame   0x00003418      0x8a8 ./ThirdParty/FreeRtos/tasks.o
 .debug_frame   0x00003cc0      0x3c8 ./ThirdParty/FreeRtos/timers.o
 .debug_frame   0x00004088      0x1a8 ./ThirdParty/FreeRtos/portable/GCC/ARM_CM4F/port.o
 .debug_frame   0x00004230      0x150 ./ThirdParty/FreeRtos/portable/MemMang/heap_4.o
 .debug_frame   0x00004380      0x144 C:/ST/STM32CubeIDE_1.18.1/STM32CubeIDE/plugins/com.st.stm32cube.ide.mcu.externaltools.gnu-tools-for-stm32.13.3.rel1.win32_1.0.0.202411081344/tools/bin/../lib/gcc/arm-none-eabi/13.3.1/../../../../arm-none-eabi/lib/thumb/v7e-m+fp/hard\libc_nano.a(libc_a-findfp.o)
 .debug_frame   0x000044c4       0x34 C:/ST/STM32CubeIDE_1.18.1/STM32CubeIDE/plugins/com.st.stm32cube.ide.mcu.externaltools.gnu-tools-for-stm32.13.3.rel1.win32_1.0.0.202411081344/tools/bin/../lib/gcc/arm-none-eabi/13.3.1/../../../../arm-none-eabi/lib/thumb/v7e-m+fp/hard\libc_nano.a(libc_a-fwalk.o)
 .debug_frame   0x000044f8       0x3c C:/ST/STM32CubeIDE_1.18.1/STM32CubeIDE/plugins/com.st.stm32cube.ide.mcu.externaltools.gnu-tools-for-stm32.13.3.rel1.win32_1.0.0.202411081344/tools/bin/../lib/gcc/arm-none-eabi/13.3.1/../../../../arm-none-eabi/lib/thumb/v7e-m+fp/hard\libc_nano.a(libc_a-puts.o)
 .debug_frame   0x00004534       0x88 C:/ST/STM32CubeIDE_1.18.1/STM32CubeIDE/plugins/com.st.stm32cube.ide.mcu.externaltools.gnu-tools-for-stm32.13.3.rel1.win32_1.0.0.202411081344/tools/bin/../lib/gcc/arm-none-eabi/13.3.1/../../../../arm-none-eabi/lib/thumb/v7e-m+fp/hard\libc_nano.a(libc_a-stdio.o)
 .debug_frame   0x000045bc       0x40 C:/ST/STM32CubeIDE_1.18.1/STM32CubeIDE/plugins/com.st.stm32cube.ide.mcu.externaltools.gnu-tools-for-stm32.13.3.rel1.win32_1.0.0.202411081344/tools/bin/../lib/gcc/arm-none-eabi/13.3.1/../../../../arm-none-eabi/lib/thumb/v7e-m+fp/hard\libc_nano.a(libc_a-wbuf.o)
 .debug_frame   0x000045fc       0x2c C:/ST/STM32CubeIDE_1.18.1/STM32CubeIDE/plugins/com.st.stm32cube.ide.mcu.externaltools.gnu-tools-for-stm32.13.3.rel1.win32_1.0.0.202411081344/tools/bin/../lib/gcc/arm-none-eabi/13.3.1/../../../../arm-none-eabi/lib/thumb/v7e-m+fp/hard\libc_nano.a(libc_a-wsetup.o)
 .debug_frame   0x00004628       0x20 C:/ST/STM32CubeIDE_1.18.1/STM32CubeIDE/plugins/com.st.stm32cube.ide.mcu.externaltools.gnu-tools-for-stm32.13.3.rel1.win32_1.0.0.202411081344/tools/bin/../lib/gcc/arm-none-eabi/13.3.1/../../../../arm-none-eabi/lib/thumb/v7e-m+fp/hard\libc_nano.a(libc_a-memset.o)
 .debug_frame   0x00004648       0x2c C:/ST/STM32CubeIDE_1.18.1/STM32CubeIDE/plugins/com.st.stm32cube.ide.mcu.externaltools.gnu-tools-for-stm32.13.3.rel1.win32_1.0.0.202411081344/tools/bin/../lib/gcc/arm-none-eabi/13.3.1/../../../../arm-none-eabi/lib/thumb/v7e-m+fp/hard\libc_nano.a(libc_a-closer.o)