2026-05-26 14:57:09,756 [INFO] Activator:176 - 


2026-05-26 14:57:09,762 [INFO] Activator:177 - !SESSION log4j initialized
2026-05-26 14:57:16,607 [INFO] LogOutputStream:77 - [STDOUT_REDIRECT] 
2026-05-26 14:57:22,940 [INFO] ApplicationProperties:184 - Using Application install path: C:\ST\STM32CubeIDE_1.18.1\STM32CubeIDE\plugins\com.st.stm32cube.common.mx_6.14.1.202504091515
2026-05-26 14:57:22,961 [INFO] DbMcusXml:78 - Set database path to: C:\ST\STM32CubeIDE_1.18.1\STM32CubeIDE\plugins\com.st.stm32cube.common.mx_6.14.1.202504091515\\db\/mcu/
2026-05-26 14:57:22,961 [INFO] ApiDb:274 - Set plugin database path to: C:\ST\STM32CubeIDE_1.18.1\STM32CubeIDE\plugins\com.st.stm32cube.common.mx_6.14.1.202504091515\\db\/plugins/boardmanager/
2026-05-26 14:57:22,968 [WARN] ApiDb:259 - Overriding images path with different value:  => C:\ST\STM32CubeIDE_1.18.1\STM32CubeIDE\plugins\com.st.stm32cube.common.mx_6.14.1.202504091515\\db\/plugins/mcufinder/images/
2026-05-26 14:57:22,976 [INFO] ApiDb:250 - Set database path to: C:\Users\NIVYA\.stmcufinder\plugins\mcufinder//mcu/
2026-05-26 14:57:22,978 [INFO] DbMcusAds:125 - Set database path to: C:\Users\NIVYA\.stmcufinder\plugins\mcufinder//mcu/
2026-05-26 14:57:22,982 [INFO] CrossReferenceDbSqlite:203 - Set database path to: C:\Users\NIVYA\.stmcufinder\plugins\mcufinder//mcu/cs/
2026-05-26 14:57:23,133 [INFO] RulesReader:64 - Compatibility file has been processed (302 Rules)
2026-05-26 14:57:23,242 [INFO] DbMcusXml:78 - Set database path to: C:\ST\STM32CubeIDE_1.18.1\STM32CubeIDE\plugins\com.st.stm32cube.common.mx_6.14.1.202504091515\\db\/mcu/
2026-05-26 14:57:23,242 [INFO] ApiDb:274 - Set plugin database path to: C:\ST\STM32CubeIDE_1.18.1\STM32CubeIDE\plugins\com.st.stm32cube.common.mx_6.14.1.202504091515\\db\/plugins/boardmanager/
2026-05-26 14:57:23,242 [INFO] ApiDb:261 - Set plugin images path to: C:\ST\STM32CubeIDE_1.18.1\STM32CubeIDE\plugins\com.st.stm32cube.common.mx_6.14.1.202504091515\\db\/plugins/mcufinder/images/
2026-05-26 14:57:23,242 [WARN] DbFile:41 - Overriding database path with different value: C:\Users\NIVYA\.stmcufinder\plugins\mcufinder/ => C:\Users\NIVYA\.stmcufinder\plugins\mcufinder
2026-05-26 14:57:23,243 [INFO] ApiDb:250 - Set database path to: C:\Users\NIVYA\.stmcufinder\plugins\mcufinder//mcu/
2026-05-26 14:57:23,243 [WARN] DbFile:41 - Overriding database path with different value: C:\Users\NIVYA\.stmcufinder\plugins\mcufinder/ => C:\Users\NIVYA\.stmcufinder\plugins\mcufinder
2026-05-26 14:57:23,243 [INFO] DbMcusAds:125 - Set database path to: C:\Users\NIVYA\.stmcufinder\plugins\mcufinder//mcu/
2026-05-26 14:57:23,243 [WARN] DbFile:41 - Overriding database path with different value: C:\Users\NIVYA\.stmcufinder\plugins\mcufinder/ => C:\Users\NIVYA\.stmcufinder\plugins\mcufinder
2026-05-26 14:57:23,243 [WARN] DbFile:41 - Overriding database path with different value: C:\Users\NIVYA\.stmcufinder\plugins\mcufinder/ => C:\Users\NIVYA\.stmcufinder\plugins\mcufinder
2026-05-26 14:57:23,243 [INFO] CrossReferenceDbSqlite:203 - Set database path to: C:\Users\NIVYA\.stmcufinder\plugins\mcufinder//mcu/cs/
2026-05-26 14:57:23,403 [INFO] MainPanel:272 - HeapMemory: 268435456
2026-05-26 14:57:23,521 [INFO] DbMcusXml:78 - Set database path to: C:\ST\STM32CubeIDE_1.18.1\STM32CubeIDE\plugins\com.st.stm32cube.common.mx_6.14.1.202504091515\\db\/mcu/
2026-05-26 14:57:23,521 [INFO] ApiDb:274 - Set plugin database path to: C:\ST\STM32CubeIDE_1.18.1\STM32CubeIDE\plugins\com.st.stm32cube.common.mx_6.14.1.202504091515\\db\/plugins/boardmanager/
2026-05-26 14:57:23,521 [INFO] ApiDb:261 - Set plugin images path to: C:\ST\STM32CubeIDE_1.18.1\STM32CubeIDE\plugins\com.st.stm32cube.common.mx_6.14.1.202504091515\\db\/plugins/mcufinder/images/
2026-05-26 14:57:23,522 [WARN] DbFile:41 - Overriding database path with different value: C:\Users\NIVYA\.stmcufinder\plugins\mcufinder/ => C:\Users\NIVYA\.stmcufinder\plugins\mcufinder
2026-05-26 14:57:23,522 [INFO] ApiDb:250 - Set database path to: C:\Users\NIVYA\.stmcufinder\plugins\mcufinder//mcu/
2026-05-26 14:57:23,522 [WARN] DbFile:41 - Overriding database path with different value: C:\Users\NIVYA\.stmcufinder\plugins\mcufinder/ => C:\Users\NIVYA\.stmcufinder\plugins\mcufinder
2026-05-26 14:57:23,523 [INFO] DbMcusAds:125 - Set database path to: C:\Users\NIVYA\.stmcufinder\plugins\mcufinder//mcu/
2026-05-26 14:57:23,523 [WARN] DbFile:41 - Overriding database path with different value: C:\Users\NIVYA\.stmcufinder\plugins\mcufinder/ => C:\Users\NIVYA\.stmcufinder\plugins\mcufinder
2026-05-26 14:57:23,523 [WARN] DbFile:41 - Overriding database path with different value: C:\Users\NIVYA\.stmcufinder\plugins\mcufinder/ => C:\Users\NIVYA\.stmcufinder\plugins\mcufinder
2026-05-26 14:57:23,523 [INFO] CrossReferenceDbSqlite:203 - Set database path to: C:\Users\NIVYA\.stmcufinder\plugins\mcufinder//mcu/cs/
2026-05-26 14:57:23,548 [INFO] ApplicationProperties:184 - Using Application install path: C:\ST\STM32CubeIDE_1.18.1\STM32CubeIDE\plugins\com.st.stm32cube.common.mx_6.14.1.202504091515
2026-05-26 14:57:23,550 [INFO] PluginManage:196 - Search for loadable plugins [exclusion list=, ]
2026-05-26 14:57:23,552 [INFO] PluginManage:310 - Check plugin analytics
2026-05-26 14:57:23,835 [INFO] AnalyticsPlugin:253 - Accepted Software Licenses: STM32CubeMX.6.16.0,STM32CubeMX.6.14.1
2026-05-26 14:57:23,835 [INFO] AnalyticsPlugin:255 - Accepted CMSIS Pack Licenses: 
2026-05-26 14:57:23,835 [INFO] AnalyticsPlugin:257 - Accepted Firmware Licenses: FW.F4.1.28.0
2026-05-26 14:57:23,842 [INFO] PluginManage:359 - Loaded plugin analytics (category:tool,tabindex:-1)
2026-05-26 14:57:23,842 [INFO] PluginManage:310 - Check plugin cadmodel
2026-05-26 14:57:23,848 [INFO] CADModel:105 - Init CAD model plugin
2026-05-26 14:57:23,848 [INFO] PluginManage:359 - Loaded plugin cadmodel (category:power,tabindex:5)
2026-05-26 14:57:23,849 [INFO] PluginManage:310 - Check plugin clock
2026-05-26 14:57:23,865 [INFO] PluginManage:359 - Loaded plugin clock (category:base,tabindex:2)
2026-05-26 14:57:23,865 [INFO] PluginManage:310 - Check plugin ddr
2026-05-26 14:57:23,868 [INFO] PluginManage:359 - Loaded plugin ddr (category:tool,tabindex:6)
2026-05-26 14:57:23,868 [INFO] PluginManage:310 - Check plugin filemanager
2026-05-26 14:57:24,087 [INFO] PluginManage:359 - Loaded plugin filemanager (category:base,tabindex:10)
2026-05-26 14:57:24,088 [INFO] PluginManage:310 - Check plugin ipmanager
2026-05-26 14:57:24,097 [INFO] PluginManage:359 - Loaded plugin ipmanager (category:base,tabindex:5)
2026-05-26 14:57:24,097 [INFO] PluginManage:310 - Check plugin lpbam
2026-05-26 14:57:24,109 [INFO] PluginManage:359 - Loaded plugin lpbam (category:base,tabindex:0)
2026-05-26 14:57:24,110 [INFO] PluginManage:310 - Check plugin memorymap
2026-05-26 14:57:24,122 [INFO] PluginManage:359 - Loaded plugin memorymap (category:base,tabindex:4)
2026-05-26 14:57:24,122 [INFO] PluginManage:310 - Check plugin pinoutandconfiguration
2026-05-26 14:57:24,132 [INFO] PluginManage:359 - Loaded plugin pinoutandconfiguration (category:base,tabindex:1)
2026-05-26 14:57:24,134 [INFO] PluginManage:310 - Check plugin pinoutconfig
2026-05-26 14:57:24,264 [WARN] SupportedApi:132 - Cannot load RTOS API schema: s4s-elt-must-match.1: The content of 'definitions' must match (annotation?, (simpleType | complexType)?, (unique | key | keyref)*)). A problem was found starting at: attribute.
2026-05-26 14:57:24,457 [INFO] PluginManage:359 - Loaded plugin pinoutconfig (category:base,tabindex:0)
2026-05-26 14:57:24,458 [INFO] PluginManage:310 - Check plugin power
2026-05-26 14:57:24,469 [INFO] PluginManage:359 - Loaded plugin power (category:power,tabindex:4)
2026-05-26 14:57:24,469 [INFO] PluginManage:310 - Check plugin projectmanager
2026-05-26 14:57:24,493 [INFO] PluginManage:359 - Loaded plugin projectmanager (category:projectmanager,tabindex:4)
2026-05-26 14:57:24,493 [INFO] PluginManage:310 - Check plugin rif
2026-05-26 14:57:24,504 [INFO] PluginManage:359 - Loaded plugin rif (category:base,tabindex:3)
2026-05-26 14:57:24,505 [INFO] PluginManage:310 - Check plugin thirdparty
2026-05-26 14:57:24,652 [INFO] PluginManage:359 - Loaded plugin thirdparty (category:base,tabindex:-1)
2026-05-26 14:57:24,652 [WARN] IntegrityCheckThread:84 - waiting for thirdparty lock release [integrity check]
2026-05-26 14:57:24,652 [INFO] PluginManage:310 - Check plugin tools
2026-05-26 14:57:24,652 [INFO] IntegrityCheckThread:86 - entering critical section [integrity check]
2026-05-26 14:57:24,652 [INFO] ThirdPartyUpdaterWithRetryManager:70 - Updater plugin not ready yet. [1/15]
2026-05-26 14:57:24,655 [INFO] PluginManage:359 - Loaded plugin tools (category:base,tabindex:7)
2026-05-26 14:57:24,655 [INFO] PluginManage:310 - Check plugin tutovideos
2026-05-26 14:57:24,830 [INFO] PluginManage:359 - Loaded plugin tutovideos (category:base,tabindex:-1)
2026-05-26 14:57:24,830 [INFO] PluginManage:310 - Check plugin updater
2026-05-26 14:57:24,851 [INFO] PluginManage:359 - Loaded plugin updater (category:base,tabindex:12)
2026-05-26 14:57:24,852 [INFO] PluginManage:310 - Check plugin userauth
2026-05-26 14:57:24,855 [INFO] UserAuth:118 - Init User Auth plugin
2026-05-26 14:57:24,856 [INFO] PluginManage:359 - Loaded plugin userauth (category:base,tabindex:14)
2026-05-26 14:57:24,856 [INFO] PluginManage:283 - PluginManage : Loaded plugins [18]
2026-05-26 14:57:25,090 [INFO] PinOutPanel:1589 - setPackage(No Configuration,No Configuration)
2026-05-26 14:57:25,188 [INFO] CADModel:165 - CPN selected for project level
2026-05-26 14:57:25,188 [INFO] CADModel:114 - Register for checkConnection events
2026-05-26 14:57:25,207 [INFO] IPUIPlugin:80 - create IPUIPlugin
2026-05-26 14:57:25,207 [INFO] PluginManager:220 - loadIPPluginJar : add adc
2026-05-26 14:57:25,210 [INFO] IPUIPlugin:80 - create IPUIPlugin
2026-05-26 14:57:25,211 [INFO] PluginManager:220 - loadIPPluginJar : add aes
2026-05-26 14:57:25,214 [INFO] IPUIPlugin:80 - create IPUIPlugin
2026-05-26 14:57:25,214 [INFO] PluginManager:220 - loadIPPluginJar : add can
2026-05-26 14:57:25,216 [INFO] IPUIPlugin:80 - create IPUIPlugin
2026-05-26 14:57:25,216 [INFO] PluginManager:220 - loadIPPluginJar : add comp
2026-05-26 14:57:25,218 [INFO] IPUIPlugin:80 - create IPUIPlugin
2026-05-26 14:57:25,218 [INFO] PluginManager:220 - loadIPPluginJar : add cryp
2026-05-26 14:57:25,222 [INFO] IPUIPlugin:80 - create IPUIPlugin
2026-05-26 14:57:25,222 [INFO] PluginManager:220 - loadIPPluginJar : add ddr_ctrl_phy
2026-05-26 14:57:25,226 [INFO] IPUIPlugin:80 - create IPUIPlugin
2026-05-26 14:57:25,226 [INFO] PluginManager:220 - loadIPPluginJar : add dfsdm
2026-05-26 14:57:25,233 [INFO] IPUIPlugin:80 - create IPUIPlugin
2026-05-26 14:57:25,234 [INFO] PluginManager:220 - loadIPPluginJar : add dma
2026-05-26 14:57:25,237 [INFO] IPUIPlugin:80 - create IPUIPlugin
2026-05-26 14:57:25,237 [INFO] PluginManager:220 - loadIPPluginJar : add dma3
2026-05-26 14:57:25,239 [INFO] IPUIPlugin:80 - create IPUIPlugin
2026-05-26 14:57:25,240 [INFO] PluginManager:220 - loadIPPluginJar : add extmemmanager
2026-05-26 14:57:25,241 [INFO] IPUIPlugin:80 - create IPUIPlugin
2026-05-26 14:57:25,241 [INFO] PluginManager:220 - loadIPPluginJar : add fatfs
2026-05-26 14:57:25,246 [INFO] IPUIPlugin:80 - create IPUIPlugin
2026-05-26 14:57:25,246 [INFO] PluginManager:220 - loadIPPluginJar : add fmc
2026-05-26 14:57:25,251 [INFO] IPUIPlugin:80 - create IPUIPlugin
2026-05-26 14:57:25,251 [INFO] PluginManager:220 - loadIPPluginJar : add freertos
2026-05-26 14:57:25,253 [INFO] IPUIPlugin:80 - create IPUIPlugin
2026-05-26 14:57:25,253 [INFO] PluginManager:220 - loadIPPluginJar : add genericplugin
2026-05-26 14:57:25,255 [INFO] IPUIPlugin:80 - create IPUIPlugin
2026-05-26 14:57:25,255 [INFO] PluginManager:220 - loadIPPluginJar : add gfxmmu
2026-05-26 14:57:25,259 [INFO] IPUIPlugin:80 - create IPUIPlugin
2026-05-26 14:57:25,259 [INFO] PluginManager:220 - loadIPPluginJar : add gic
2026-05-26 14:57:25,262 [INFO] IPUIPlugin:80 - create IPUIPlugin
2026-05-26 14:57:25,263 [INFO] PluginManager:220 - loadIPPluginJar : add gpio
2026-05-26 14:57:25,264 [INFO] IPUIPlugin:80 - create IPUIPlugin
2026-05-26 14:57:25,265 [INFO] PluginManager:220 - loadIPPluginJar : add gtzc
2026-05-26 14:57:25,266 [INFO] IPUIPlugin:80 - create IPUIPlugin
2026-05-26 14:57:25,266 [INFO] PluginManager:220 - loadIPPluginJar : add hash
2026-05-26 14:57:25,268 [INFO] IPUIPlugin:80 - create IPUIPlugin
2026-05-26 14:57:25,268 [INFO] PluginManager:220 - loadIPPluginJar : add i2c
2026-05-26 14:57:25,270 [INFO] IPUIPlugin:80 - create IPUIPlugin
2026-05-26 14:57:25,270 [INFO] PluginManager:220 - loadIPPluginJar : add i2s
2026-05-26 14:57:25,272 [INFO] IPUIPlugin:80 - create IPUIPlugin
2026-05-26 14:57:25,272 [INFO] PluginManager:220 - loadIPPluginJar : add i3c
2026-05-26 14:57:25,275 [INFO] IPUIPlugin:80 - create IPUIPlugin
2026-05-26 14:57:25,276 [INFO] PluginManager:220 - loadIPPluginJar : add ipddr
2026-05-26 14:57:25,283 [INFO] IPUIPlugin:80 - create IPUIPlugin
2026-05-26 14:57:25,284 [INFO] PluginManager:220 - loadIPPluginJar : add linkedlist
2026-05-26 14:57:25,286 [INFO] IPUIPlugin:80 - create IPUIPlugin
2026-05-26 14:57:25,286 [INFO] PluginManager:220 - loadIPPluginJar : add lorawan
2026-05-26 14:57:25,288 [INFO] IPUIPlugin:80 - create IPUIPlugin
2026-05-26 14:57:25,288 [INFO] PluginManager:220 - loadIPPluginJar : add ltdc
2026-05-26 14:57:25,292 [INFO] IPUIPlugin:80 - create IPUIPlugin
2026-05-26 14:57:25,292 [INFO] PluginManager:220 - loadIPPluginJar : add mdma
2026-05-26 14:57:25,295 [INFO] IPUIPlugin:80 - create IPUIPlugin
2026-05-26 14:57:25,296 [INFO] PluginManager:220 - loadIPPluginJar : add nvic
2026-05-26 14:57:25,298 [INFO] IPUIPlugin:80 - create IPUIPlugin
2026-05-26 14:57:25,298 [INFO] PluginManager:220 - loadIPPluginJar : add opamp
2026-05-26 14:57:25,300 [INFO] IPUIPlugin:80 - create IPUIPlugin
2026-05-26 14:57:25,301 [INFO] PluginManager:220 - loadIPPluginJar : add openamp
2026-05-26 14:57:25,303 [INFO] IPUIPlugin:80 - create IPUIPlugin
2026-05-26 14:57:25,303 [INFO] PluginManager:220 - loadIPPluginJar : add pdm2pcm
2026-05-26 14:57:25,308 [INFO] IPUIPlugin:80 - create IPUIPlugin
2026-05-26 14:57:25,310 [INFO] PluginManager:220 - loadIPPluginJar : add plateformsettings
2026-05-26 14:57:25,312 [INFO] IPUIPlugin:80 - create IPUIPlugin
2026-05-26 14:57:25,312 [INFO] PluginManager:220 - loadIPPluginJar : add quadspi
2026-05-26 14:57:25,313 [INFO] IPUIPlugin:80 - create IPUIPlugin
2026-05-26 14:57:25,314 [INFO] PluginManager:220 - loadIPPluginJar : add radio
2026-05-26 14:57:25,317 [INFO] IPUIPlugin:80 - create IPUIPlugin
2026-05-26 14:57:25,317 [INFO] PluginManager:220 - loadIPPluginJar : add resmgrutility
2026-05-26 14:57:25,320 [INFO] IPUIPlugin:80 - create IPUIPlugin
2026-05-26 14:57:25,320 [INFO] PluginManager:220 - loadIPPluginJar : add sai
2026-05-26 14:57:25,322 [INFO] IPUIPlugin:80 - create IPUIPlugin
2026-05-26 14:57:25,322 [INFO] PluginManager:220 - loadIPPluginJar : add spi
2026-05-26 14:57:25,327 [INFO] IPUIPlugin:80 - create IPUIPlugin
2026-05-26 14:57:25,328 [INFO] PluginManager:220 - loadIPPluginJar : add stm32_wpan
2026-05-26 14:57:25,330 [INFO] IPUIPlugin:80 - create IPUIPlugin
2026-05-26 14:57:25,330 [INFO] PluginManager:220 - loadIPPluginJar : add tim
2026-05-26 14:57:25,333 [INFO] IPUIPlugin:80 - create IPUIPlugin
2026-05-26 14:57:25,333 [INFO] PluginManager:220 - loadIPPluginJar : add touchsensing
2026-05-26 14:57:25,335 [INFO] IPUIPlugin:80 - create IPUIPlugin
2026-05-26 14:57:25,335 [INFO] PluginManager:220 - loadIPPluginJar : add tracer_emb
2026-05-26 14:57:25,337 [INFO] IPUIPlugin:80 - create IPUIPlugin
2026-05-26 14:57:25,337 [INFO] PluginManager:220 - loadIPPluginJar : add ts
2026-05-26 14:57:25,338 [INFO] IPUIPlugin:80 - create IPUIPlugin
2026-05-26 14:57:25,338 [INFO] PluginManager:220 - loadIPPluginJar : add tsc
2026-05-26 14:57:25,339 [INFO] IPUIPlugin:80 - create IPUIPlugin
2026-05-26 14:57:25,339 [INFO] PluginManager:220 - loadIPPluginJar : add ucpd
2026-05-26 14:57:25,342 [INFO] IPUIPlugin:80 - create IPUIPlugin
2026-05-26 14:57:25,342 [INFO] PluginManager:220 - loadIPPluginJar : add usart
2026-05-26 14:57:25,344 [INFO] IPUIPlugin:80 - create IPUIPlugin
2026-05-26 14:57:25,345 [INFO] PluginManager:220 - loadIPPluginJar : add usbx
2026-05-26 14:57:25,498 [FATAL] Updater:351 - Updater called before beeing initialized
2026-05-26 14:57:25,552 [INFO] RulesReader:64 - Compatibility file has been processed (302 Rules)
2026-05-26 14:57:25,587 [INFO] RulesReader:64 - Compatibility file has been processed (302 Rules)
2026-05-26 14:57:25,606 [INFO] CADModel:165 - CPN selected for project level
2026-05-26 14:57:25,606 [INFO] CADModel:114 - Register for checkConnection events
2026-05-26 14:57:25,607 [FATAL] Updater:351 - Updater called before beeing initialized
2026-05-26 14:57:25,607 [ERROR] CADModel:125 - Updater not yet initialized, retry later 
2026-05-26 14:57:25,885 [FATAL] Updater:351 - Updater called before beeing initialized
2026-05-26 14:57:25,887 [INFO] CADModel:165 - CPN selected for project level
2026-05-26 14:57:25,887 [INFO] CADModel:114 - Register for checkConnection events
2026-05-26 14:57:25,887 [FATAL] Updater:351 - Updater called before beeing initialized
2026-05-26 14:57:25,887 [ERROR] CADModel:125 - Updater not yet initialized, retry later 
2026-05-26 14:57:25,891 [FATAL] Updater:351 - Updater called before beeing initialized
2026-05-26 14:57:26,064 [FATAL] Updater:351 - Updater called before beeing initialized
2026-05-26 14:57:26,069 [INFO] DbMcusAds:53 - JSON generation date=Mon Apr 27 13:44:29 IST 2026 (1777277669924)
2026-05-26 14:57:26,069 [FATAL] Updater:351 - Updater called before beeing initialized
2026-05-26 14:57:26,106 [WARN] DetailPanel:346 - Failed to get advertising image, set to default
2026-05-26 14:57:26,454 [FATAL] Updater:351 - Updater called before beeing initialized
2026-05-26 14:57:26,457 [FATAL] Updater:351 - Updater called before beeing initialized
2026-05-26 14:57:26,457 [FATAL] Updater:351 - Updater called before beeing initialized
2026-05-26 14:57:26,457 [WARN] DetailPanel:346 - Failed to get advertising image, set to default
2026-05-26 14:57:26,458 [FATAL] Updater:351 - Updater called before beeing initialized
2026-05-26 14:57:26,543 [ERROR] Updater:1198 - MainUpdater not yet initialized. External WinMGr cannot be set.
2026-05-26 14:57:26,545 [INFO] Updater:1134 - Updater Version found : 6.14.1
2026-05-26 14:57:26,561 [INFO] ApplicationProperties:184 - Using Application install path: C:\ST\STM32CubeIDE_1.18.1\STM32CubeIDE\plugins\com.st.stm32cube.common.mx_6.14.1.202504091515
2026-05-26 14:57:27,654 [INFO] ThirdPartyUpdaterWithRetryManager:70 - Updater plugin not ready yet. [2/15]
2026-05-26 14:57:28,138 [ERROR] LogOutputStream:75 - [STDERR_REDIRECT] May 26, 2026 2:57:28 PM java.util.prefs.WindowsPreferences <init>
2026-05-26 14:57:28,141 [ERROR] LogOutputStream:75 - [STDERR_REDIRECT] WARNING: Could not open/create prefs root node Software\JavaSoft\Prefs at root 0xffffffff80000002. Windows RegCreateKeyEx(...) returned error code 5.
2026-05-26 14:57:28,142 [ERROR] LogOutputStream:75 - [STDERR_REDIRECT] 
2026-05-26 14:57:28,628 [INFO] MainUpdater:2872 - connection check result : 10
2026-05-26 14:57:28,629 [INFO] MainUpdater:289 - Updater Check For Update Now.
2026-05-26 14:57:28,629 [INFO] MicroXplorer:498 - Change Database Version : DB.6.0.141
2026-05-26 14:57:28,649 [INFO] McuFinderGlobals:63 - Set McuFinder mode to 2 (CubeIDE integrated)
2026-05-26 14:57:28,650 [INFO] UserAuth:171 - activating auth plugin
2026-05-26 14:57:28,655 [INFO] UserAuth:484 - Internet connection configuration mode: 1
2026-05-26 14:57:28,697 [INFO] JxBrowserEngine:152 - Initiate JxBrowser Engine with user profile folder
2026-05-26 14:57:28,882 [INFO] CheckServerUpdateThread:120 - End of CheckServer Thread
2026-05-26 14:57:29,691 [INFO] WebApp:169 - Instantiating new browser for Auth
2026-05-26 14:57:30,521 [INFO] WebApp:463 - Apply proxy settings
2026-05-26 14:57:30,522 [INFO] WebApp:548 - Chromium requires no authentication
2026-05-26 14:57:30,531 [INFO] WebApp:491 - Direct internet connection detected
2026-05-26 14:57:30,554 [INFO] WebApp:894 - Register for checkConnection events
2026-05-26 14:57:30,555 [INFO] WebApp:463 - Apply proxy settings
2026-05-26 14:57:30,555 [INFO] WebApp:548 - Chromium requires no authentication
2026-05-26 14:57:30,555 [INFO] WebApp:491 - Direct internet connection detected
2026-05-26 14:57:30,777 [INFO] WebApp:225 - Starting web application
2026-05-26 14:57:30,779 [INFO] WebApp:593 - Web application path used C:\ST\STM32CubeIDE_1.18.1\STM32CubeIDE\plugins\com.st.stm32cube.common.mx_6.14.1.202504091515\db\plugins\mcufinder\reactClient1\index.html
2026-05-26 14:57:31,250 [INFO] WebApp:191 - Connection restablished
2026-05-26 14:57:31,285 [ERROR] LogOutputStream:75 - [STDERR_REDIRECT] [Fatal Error] :1:1: Premature end of file.
2026-05-26 14:57:31,287 [ERROR] LogOutputStream:75 - [STDERR_REDIRECT] 
2026-05-26 14:57:31,458 [WARN] PackLoader:240 - Cannot read IP mode file for STMicroelectronics.X-CUBE-AZRTOS-H7.3.5.0
2026-05-26 14:57:31,514 [WARN] PackLoader:240 - Cannot read IP mode file for STMicroelectronics.FP-SNS-MOTENVWB1.1.4.0
2026-05-26 14:57:31,529 [WARN] PackLoader:240 - Cannot read IP mode file for STMicroelectronics.FP-ATR-ASTRA1.2.0.2
2026-05-26 14:57:31,544 [WARN] PackLoader:240 - Cannot read IP mode file for STMicroelectronics.X-CUBE-SMBUS.2.1.0
2026-05-26 14:57:31,600 [WARN] PackLoader:240 - Cannot read IP mode file for STMicroelectronics.X-CUBE-AZRTOS-F7.1.1.0
2026-05-26 14:57:31,618 [ERROR] Engine:466 - C:\Users\NIVYA\.stm32cubemx\thirdparties\pdsc\STMicroelectronics.FP-SNS-MOTENV1.5.1.0.pdsc: PDSC version is not supported
2026-05-26 14:57:31,626 [ERROR] Engine:466 - C:\Users\NIVYA\.stm32cubemx\thirdparties\pdsc\WES.I-CUBE-Cesium.1.4.0.pdsc: PDSC version is not supported
2026-05-26 14:57:31,676 [WARN] PackLoader:240 - Cannot read IP mode file for STMicroelectronics.X-CUBE-AZRTOS-H7.3.4.0
2026-05-26 14:57:31,701 [WARN] PackLoader:240 - Cannot read IP mode file for STMicroelectronics.X-CUBE-DISPLAY.3.0.0
2026-05-26 14:57:31,725 [WARN] PackLoader:240 - Cannot read IP mode file for STMicroelectronics.X-CUBE-GNSS1.7.1.1
2026-05-26 14:57:31,732 [ERROR] Engine:466 - C:\Users\NIVYA\.stm32cubemx\thirdparties\pdsc\STMicroelectronics.FP-SNS-MOTENVWB1.1.5.0.pdsc: PDSC version is not supported
2026-05-26 14:57:31,741 [WARN] PackLoader:240 - Cannot read IP mode file for STMicroelectronics.X-CUBE-NFC10.1.0.0
2026-05-26 14:57:31,751 [WARN] PackLoader:240 - Cannot read IP mode file for STMicroelectronics.X-CUBE-ST60.1.1.0
2026-05-26 14:57:31,762 [WARN] PackLoader:240 - Cannot read IP mode file for emotas.I-CUBE-CANOPEN.1.3.0
2026-05-26 14:57:31,771 [WARN] PackLoader:240 - Cannot read IP mode file for STMicroelectronics.X-CUBE-GNSS1.7.1.0
2026-05-26 14:57:31,780 [ERROR] Engine:466 - C:\Users\NIVYA\.stm32cubemx\thirdparties\pdsc\STMicroelectronics.FP-SNS-STBOX1.2.1.0.pdsc: PDSC version is not supported
2026-05-26 14:57:31,787 [WARN] PackLoader:240 - Cannot read IP mode file for STMicroelectronics.FP-SNS-SMARTAG2.1.2.0
2026-05-26 14:57:31,797 [WARN] PackLoader:240 - Cannot read IP mode file for STMicroelectronics.FP-SNS-FLIGHT1.5.1.0
2026-05-26 14:57:31,815 [INFO] LogOutputStream:77 - [STDOUT_REDIRECT] 1 : Invalid condition id : UX_CORESTACK_Condition cause : null
2026-05-26 14:57:31,817 [INFO] LogOutputStream:77 - [STDOUT_REDIRECT] 1 : Invalid condition id : UX_CORESTACK_Condition cause : null
2026-05-26 14:57:31,819 [INFO] LogOutputStream:77 - [STDOUT_REDIRECT] 1 : Invalid condition id : UX_CORESTACK_Condition cause : null
2026-05-26 14:57:31,822 [INFO] LogOutputStream:77 - [STDOUT_REDIRECT] 1 : Invalid condition id : UX_CORESTACK_Condition cause : null
2026-05-26 14:57:31,824 [INFO] LogOutputStream:77 - [STDOUT_REDIRECT] 1 : Invalid condition id : UX_CORESTACK_Condition cause : null
2026-05-26 14:57:31,828 [WARN] PackLoader:240 - Cannot read IP mode file for STMicroelectronics.X-CUBE-AZRTOS-WL.2.0.0
2026-05-26 14:57:31,871 [WARN] PackLoader:240 - Cannot read IP mode file for STMicroelectronics.X-CUBE-AZRTOS-H7RS.1.2.0
2026-05-26 14:57:31,883 [WARN] PackLoader:240 - Cannot read IP mode file for STMicroelectronics.X-CUBE-BLE2.3.3.0
2026-05-26 14:57:31,940 [WARN] PackLoader:240 - Cannot read IP mode file for Infineon.AIROC-Wi-Fi-Bluetooth-STM32.1.8.0
2026-05-26 14:57:31,959 [WARN] PackLoader:240 - Cannot read IP mode file for STMicroelectronics.X-CUBE-NFC9.1.0.0
2026-05-26 14:57:31,973 [WARN] PackLoader:240 - Cannot read IP mode file for wolfSSL.I-CUBE-wolfSSL.5.8.2
2026-05-26 14:57:31,983 [WARN] PackLoader:240 - Cannot read IP mode file for STMicroelectronics.X-CUBE-BLE1.7.1.0
2026-05-26 14:57:31,992 [WARN] PackLoader:240 - Cannot read IP mode file for wolfSSL.I-CUBE-wolfMQTT.1.19.2
2026-05-26 14:57:31,998 [ERROR] Engine:466 - C:\Users\NIVYA\.stm32cubemx\thirdparties\pdsc\STMicroelectronics.X-CUBE-FREERTOS.1.4.0.pdsc: PDSC version is not supported
2026-05-26 14:57:32,010 [WARN] PackLoader:240 - Cannot read IP mode file for STMicroelectronics.X-CUBE-EEPRMA1.5.2.0
2026-05-26 14:57:32,023 [WARN] PackLoader:240 - Cannot read IP mode file for Cesanta.I-CUBE-Mongoose.7.20.0
2026-05-26 14:57:32,028 [ERROR] Engine:466 - C:\Users\NIVYA\.stm32cubemx\thirdparties\pdsc\STMicroelectronics.X-CUBE-ST67W61.1.1.0.pdsc: PDSC version is not supported
2026-05-26 14:57:32,033 [ERROR] Engine:466 - C:\Users\NIVYA\.stm32cubemx\thirdparties\pdsc\STMicroelectronics.FP-SNS-STAIOTCFT.1.1.0.pdsc: PDSC version is not supported
2026-05-26 14:57:32,118 [WARN] PackLoader:240 - Cannot read IP mode file for STMicroelectronics.X-CUBE-MEMS1.12.0.0
2026-05-26 14:57:32,222 [ERROR] LogOutputStream:75 - [STDERR_REDIRECT] [Fatal Error] :1:1: Premature end of file.
2026-05-26 14:57:32,223 [ERROR] LogOutputStream:75 - [STDERR_REDIRECT] 
2026-05-26 14:57:32,305 [WARN] PackLoader:240 - Cannot read IP mode file for STMicroelectronics.X-CUBE-AZRTOS-G0.1.1.0
2026-05-26 14:57:32,382 [WARN] PackLoader:240 - Cannot read IP mode file for STMicroelectronics.X-CUBE-NFC4.3.0.0
2026-05-26 14:57:32,452 [WARN] PackLoader:240 - Cannot read IP mode file for EmbeddedOffice.I-CUBE-FS-RTOS.1.0.1
2026-05-26 14:57:32,501 [WARN] PackLoader:240 - Cannot read IP mode file for STMicroelectronics.X-CUBE-WB05N.2.0.0
2026-05-26 14:57:32,509 [WARN] PackLoader:240 - Cannot read IP mode file for wolfSSL.I-CUBE-wolfTPM.3.8.0
2026-05-26 14:57:32,517 [WARN] PackLoader:240 - Cannot read IP mode file for STMicroelectronics.X-CUBE-TCPP.4.2.0
2026-05-26 14:57:32,529 [WARN] PackLoader:240 - Cannot read IP mode file for RealThread.X-CUBE-RT-Thread_Nano.4.1.1
2026-05-26 14:57:32,536 [WARN] PackLoader:240 - Cannot read IP mode file for STMicroelectronics.FP-ATR-SIGFOX1.3.2.0
2026-05-26 14:57:32,541 [ERROR] Engine:466 - C:\Users\NIVYA\.stm32cubemx\thirdparties\pdsc\STMicroelectronics.X-CUBE-FREERTOS.1.5.0.pdsc: PDSC version is not supported
2026-05-26 14:57:32,549 [WARN] PackLoader:240 - Cannot read IP mode file for ITTIA_DB.I-CUBE-ITTIADB.8.9.0
2026-05-26 14:57:32,560 [WARN] PackLoader:240 - Cannot read IP mode file for STMicroelectronics.X-CUBE-NFC6.3.2.0
2026-05-26 14:57:32,570 [WARN] PackLoader:240 - Cannot read IP mode file for STMicroelectronics.X-CUBE-AI.10.2.0
2026-05-26 14:57:32,631 [WARN] PackLoader:240 - Cannot read IP mode file for STMicroelectronics.X-CUBE-MEMS1.12.1.0
2026-05-26 14:57:32,805 [WARN] PackLoader:240 - Cannot read IP mode file for SEGGER.I-CUBE-embOS.1.3.1
2026-05-26 14:57:32,879 [WARN] PackLoader:240 - Cannot read IP mode file for STMicroelectronics.X-CUBE-ALGOBUILD.1.4.0
2026-05-26 14:57:32,885 [WARN] PackLoader:240 - Cannot read IP mode file for STMicroelectronics.X-CUBE-PM33A1.1.0.0
2026-05-26 14:57:32,904 [WARN] PackLoader:240 - Cannot read IP mode file for STMicroelectronics.X-CUBE-AZRTOS-F4.1.1.0
2026-05-26 14:57:32,914 [WARN] PackLoader:240 - Cannot read IP mode file for STMicroelectronics.X-CUBE-ISPU.2.1.0
2026-05-26 14:57:32,920 [ERROR] Engine:466 - C:\Users\NIVYA\.stm32cubemx\thirdparties\pdsc\STMicroelectronics.X-CUBE-IPS.3.2.0.pdsc: PDSC version is not supported
2026-05-26 14:57:32,927 [WARN] PackLoader:240 - Cannot read IP mode file for STMicroelectronics.eDS-WB_DPC_TT-BIDIR.2.1.1
2026-05-26 14:57:32,934 [WARN] PackLoader:240 - Cannot read IP mode file for STMicroelectronics.X-CUBE-NFC12.1.0.0
2026-05-26 14:57:32,954 [WARN] PackLoader:240 - Cannot read IP mode file for STMicroelectronics.X-CUBE-AZRTOS-L5.2.0.0
2026-05-26 14:57:32,966 [WARN] PackLoader:240 - Cannot read IP mode file for STMicroelectronics.X-CUBE-NFC6.3.1.0
2026-05-26 14:57:32,975 [WARN] PackLoader:240 - Cannot read IP mode file for STMicroelectronics.X-CUBE-ALGOBUILD.1.5.0
2026-05-26 14:57:32,980 [WARN] PackLoader:240 - Cannot read IP mode file for STMicroelectronics.eDS-WB_DPC_VIENNA.1.2.0
2026-05-26 14:57:32,986 [WARN] PackLoader:240 - Cannot read IP mode file for STMicroelectronics.eDS-WB_DPC_3PH2L-BIDIR.1.1.1
2026-05-26 14:57:32,991 [ERROR] Engine:466 - C:\Users\NIVYA\.stm32cubemx\thirdparties\pdsc\STMicroelectronics.X-CUBE-ST67W61.1.3.0.pdsc: PDSC version is not supported
2026-05-26 14:57:32,999 [WARN] PackLoader:240 - Cannot read IP mode file for STMicroelectronics.X-CUBE-TOUCHGFX.4.26.0
2026-05-26 14:57:33,003 [WARN] PackLoader:240 - Cannot read IP mode file for STMicroelectronics.X-CUBE-TOUCHGFX.4.26.1
2026-05-26 14:57:33,011 [WARN] PackLoader:240 - Cannot read IP mode file for STMicroelectronics.FP-SNS-STAIOTCFT.1.0.0
2026-05-26 14:57:33,022 [WARN] PackLoader:240 - Cannot read IP mode file for STMicroelectronics.X-CUBE-DPower.1.3.0
2026-05-26 14:57:33,042 [WARN] ConditionMgr:438 - getConditionDescription Invalid condition id : LAN8742 Phy interface Condition cause : null
2026-05-26 14:57:33,043 [WARN] PackLoader:240 - Cannot read IP mode file for STMicroelectronics.X-CUBE-AZRTOS-L4.2.0.0
2026-05-26 14:57:33,044 [WARN] ConditionMgr:1044 - genDependencies : Invalid condition id : LAN8742 Phy interface Condition cause : null
2026-05-26 14:57:33,045 [WARN] ConditionMgr:1044 - genDependencies : Invalid condition id : LAN8742 Phy interface Condition cause : null
2026-05-26 14:57:33,045 [WARN] ConditionMgr:1044 - genDependencies : Invalid condition id : LAN8742 Phy interface Condition cause : null
2026-05-26 14:57:33,067 [WARN] PackLoader:240 - Cannot read IP mode file for STMicroelectronics.X-CUBE-SFXS2LP1.4.0.0
2026-05-26 14:57:33,074 [WARN] PackLoader:240 - Cannot read IP mode file for STMicroelectronics.X-CUBE-WB05N.2.1.0
2026-05-26 14:57:33,079 [ERROR] Engine:466 - C:\Users\NIVYA\.stm32cubemx\thirdparties\pdsc\STMicroelectronics.X-CUBE-ST67W61.1.2.0.pdsc: PDSC version is not supported
2026-05-26 14:57:33,091 [WARN] PackLoader:240 - Cannot read IP mode file for STMicroelectronics.X-CUBE-BLEMGR.4.1.0
2026-05-26 14:57:33,108 [WARN] ConditionMgr:438 - getConditionDescription Invalid condition id : UX DEVICE CLASS RTOS Condition cause : null
2026-05-26 14:57:33,108 [WARN] ConditionMgr:438 - getConditionDescription Invalid condition id : UX DEVICE CLASS RTOS Condition cause : null
2026-05-26 14:57:33,110 [WARN] PackLoader:240 - Cannot read IP mode file for STMicroelectronics.X-CUBE-AZRTOS-WB.2.0.0
2026-05-26 14:57:33,110 [WARN] ConditionMgr:1044 - genDependencies : Invalid condition id : UX DEVICE CLASS RTOS Condition cause : null
2026-05-26 14:57:33,110 [WARN] ConditionMgr:1044 - genDependencies : Invalid condition id : UX DEVICE CLASS RTOS Condition cause : null
2026-05-26 14:57:33,112 [WARN] ConditionMgr:1044 - genDependencies : Invalid condition id : UX DEVICE CLASS RTOS Condition cause : null
2026-05-26 14:57:33,112 [WARN] ConditionMgr:1044 - genDependencies : Invalid condition id : UX DEVICE CLASS RTOS Condition cause : null
2026-05-26 14:57:33,112 [WARN] ConditionMgr:1044 - genDependencies : Invalid condition id : UX DEVICE CLASS RTOS Condition cause : null
2026-05-26 14:57:33,119 [WARN] ConditionMgr:438 - getConditionDescription Invalid condition id : Cortex-A Device cause : null
2026-05-26 14:57:33,133 [WARN] ConditionMgr:1044 - genDependencies : Invalid condition id : Cortex-A Device cause : null
2026-05-26 14:57:33,133 [WARN] ConditionMgr:1044 - genDependencies : Invalid condition id : Cortex-A Device cause : null
2026-05-26 14:57:33,133 [WARN] ConditionMgr:1044 - genDependencies : Invalid condition id : Cortex-A Device cause : null
2026-05-26 14:57:33,143 [WARN] PackLoader:240 - Cannot read IP mode file for STMicroelectronics.X-CUBE-STSE01.2.0.0
2026-05-26 14:57:33,162 [WARN] PackLoader:240 - Cannot read IP mode file for STMicroelectronics.X-CUBE-SUBG2.5.0.0
2026-05-26 14:57:33,196 [WARN] PackLoader:240 - Cannot read IP mode file for STMicroelectronics.X-CUBE-AZRTOS-G4.2.0.0
2026-05-26 14:57:33,208 [WARN] PackLoader:240 - Cannot read IP mode file for wolfSSL.I-CUBE-wolfSSH.1.4.20
2026-05-26 14:57:33,216 [WARN] PackLoader:240 - Cannot read IP mode file for STMicroelectronics.X-CUBE-NFC7.2.0.0
2026-05-26 14:57:33,218 [ERROR] LogOutputStream:75 - [STDERR_REDIRECT] [Fatal Error] :1:1: Premature end of file.
2026-05-26 14:57:33,219 [ERROR] LogOutputStream:75 - [STDERR_REDIRECT] 
2026-05-26 14:57:33,223 [WARN] PackLoader:240 - Cannot read IP mode file for STMicroelectronics.X-CUBE-ALS.1.0.2
2026-05-26 14:57:33,232 [WARN] PackLoader:240 - Cannot read IP mode file for STMicroelectronics.X-CUBE-STSE01.1.0.0
2026-05-26 14:57:33,247 [WARN] PackLoader:240 - Cannot read IP mode file for STMicroelectronics.X-CUBE-TOF1.3.4.3
2026-05-26 14:57:33,258 [INFO] ThirdParty:978 - Integrity check success = true
2026-05-26 14:57:33,259 [INFO] IntegrityCheckThread:100 - exiting critical section [integrity check]
2026-05-26 14:57:33,259 [INFO] IntegrityCheckThread:103 - End integrity checks thread
2026-05-26 14:57:34,181 [ERROR] LogOutputStream:75 - [STDERR_REDIRECT] [Fatal Error] :1:1: Premature end of file.
2026-05-26 14:57:34,183 [ERROR] LogOutputStream:75 - [STDERR_REDIRECT] 
2026-05-26 14:57:35,197 [ERROR] LogOutputStream:75 - [STDERR_REDIRECT] [Fatal Error] :1:1: Premature end of file.
2026-05-26 14:57:35,197 [ERROR] LogOutputStream:75 - [STDERR_REDIRECT] 
2026-05-26 14:57:36,229 [ERROR] LogOutputStream:75 - [STDERR_REDIRECT] [Fatal Error] :1:1: Premature end of file.
2026-05-26 14:57:36,229 [ERROR] LogOutputStream:75 - [STDERR_REDIRECT] 
2026-05-26 14:57:37,213 [ERROR] LogOutputStream:75 - [STDERR_REDIRECT] [Fatal Error] :1:1: Premature end of file.
2026-05-26 14:57:37,213 [ERROR] LogOutputStream:75 - [STDERR_REDIRECT] 
2026-05-26 14:57:38,191 [ERROR] LogOutputStream:75 - [STDERR_REDIRECT] [Fatal Error] :1:1: Premature end of file.
2026-05-26 14:57:38,191 [ERROR] LogOutputStream:75 - [STDERR_REDIRECT] 
2026-05-26 14:57:39,197 [ERROR] LogOutputStream:75 - [STDERR_REDIRECT] [Fatal Error] :1:1: Premature end of file.
2026-05-26 14:57:39,198 [ERROR] LogOutputStream:75 - [STDERR_REDIRECT] 
2026-05-26 14:57:40,200 [ERROR] LogOutputStream:75 - [STDERR_REDIRECT] [Fatal Error] :1:1: Premature end of file.
2026-05-26 14:57:40,200 [ERROR] LogOutputStream:75 - [STDERR_REDIRECT] 
2026-05-26 14:57:41,199 [ERROR] LogOutputStream:75 - [STDERR_REDIRECT] [Fatal Error] :1:1: Premature end of file.
2026-05-26 14:57:41,200 [ERROR] LogOutputStream:75 - [STDERR_REDIRECT] 
2026-05-26 14:57:42,192 [ERROR] LogOutputStream:75 - [STDERR_REDIRECT] [Fatal Error] :1:1: Premature end of file.
2026-05-26 14:57:42,192 [ERROR] LogOutputStream:75 - [STDERR_REDIRECT] 
2026-05-26 14:57:43,198 [ERROR] LogOutputStream:75 - [STDERR_REDIRECT] [Fatal Error] :1:1: Premature end of file.
2026-05-26 14:57:43,199 [ERROR] LogOutputStream:75 - [STDERR_REDIRECT] 
2026-05-26 14:57:44,194 [ERROR] LogOutputStream:75 - [STDERR_REDIRECT] [Fatal Error] :1:1: Premature end of file.
2026-05-26 14:57:44,195 [ERROR] LogOutputStream:75 - [STDERR_REDIRECT] 
2026-05-26 14:57:45,199 [ERROR] LogOutputStream:75 - [STDERR_REDIRECT] [Fatal Error] :1:1: Premature end of file.
2026-05-26 14:57:45,200 [ERROR] LogOutputStream:75 - [STDERR_REDIRECT] 
2026-05-26 14:57:46,194 [ERROR] LogOutputStream:75 - [STDERR_REDIRECT] [Fatal Error] :1:1: Premature end of file.
2026-05-26 14:57:46,194 [ERROR] LogOutputStream:75 - [STDERR_REDIRECT] 
2026-05-26 14:57:47,193 [ERROR] LogOutputStream:75 - [STDERR_REDIRECT] [Fatal Error] :1:1: Premature end of file.
2026-05-26 14:57:47,193 [ERROR] LogOutputStream:75 - [STDERR_REDIRECT] 
2026-05-26 14:57:48,194 [ERROR] LogOutputStream:75 - [STDERR_REDIRECT] [Fatal Error] :1:1: Premature end of file.
2026-05-26 14:57:48,195 [ERROR] LogOutputStream:75 - [STDERR_REDIRECT] 
2026-05-26 14:57:49,193 [ERROR] LogOutputStream:75 - [STDERR_REDIRECT] [Fatal Error] :1:1: Premature end of file.
2026-05-26 14:57:49,195 [ERROR] LogOutputStream:75 - [STDERR_REDIRECT] 
2026-05-26 14:57:50,194 [ERROR] LogOutputStream:75 - [STDERR_REDIRECT] [Fatal Error] :1:1: Premature end of file.
2026-05-26 14:57:50,194 [ERROR] LogOutputStream:75 - [STDERR_REDIRECT] 
2026-05-26 14:57:51,211 [ERROR] LogOutputStream:75 - [STDERR_REDIRECT] [Fatal Error] :1:1: Premature end of file.
2026-05-26 14:57:51,211 [ERROR] LogOutputStream:75 - [STDERR_REDIRECT] 
2026-05-26 14:57:52,186 [ERROR] LogOutputStream:75 - [STDERR_REDIRECT] [Fatal Error] :1:1: Premature end of file.
2026-05-26 14:57:52,187 [ERROR] LogOutputStream:75 - [STDERR_REDIRECT] 
2026-05-26 14:57:53,200 [ERROR] LogOutputStream:75 - [STDERR_REDIRECT] [Fatal Error] :1:1: Premature end of file.
2026-05-26 14:57:53,201 [ERROR] LogOutputStream:75 - [STDERR_REDIRECT] 
2026-05-26 14:57:54,189 [ERROR] LogOutputStream:75 - [STDERR_REDIRECT] [Fatal Error] :1:1: Premature end of file.
2026-05-26 14:57:54,190 [ERROR] LogOutputStream:75 - [STDERR_REDIRECT] 
2026-05-26 14:57:55,176 [ERROR] LogOutputStream:75 - [STDERR_REDIRECT] [Fatal Error] :1:1: Premature end of file.
2026-05-26 14:57:55,177 [ERROR] LogOutputStream:75 - [STDERR_REDIRECT] 
2026-05-26 14:57:56,187 [ERROR] LogOutputStream:75 - [STDERR_REDIRECT] [Fatal Error] :1:1: Premature end of file.
2026-05-26 14:57:56,188 [ERROR] LogOutputStream:75 - [STDERR_REDIRECT] 
2026-05-26 14:57:57,186 [ERROR] LogOutputStream:75 - [STDERR_REDIRECT] [Fatal Error] :1:1: Premature end of file.
2026-05-26 14:57:57,187 [ERROR] LogOutputStream:75 - [STDERR_REDIRECT] 
2026-05-26 14:57:58,189 [ERROR] LogOutputStream:75 - [STDERR_REDIRECT] [Fatal Error] :1:1: Premature end of file.
2026-05-26 14:57:58,189 [ERROR] LogOutputStream:75 - [STDERR_REDIRECT] 
2026-05-26 14:57:59,188 [ERROR] LogOutputStream:75 - [STDERR_REDIRECT] [Fatal Error] :1:1: Premature end of file.
2026-05-26 14:57:59,188 [ERROR] LogOutputStream:75 - [STDERR_REDIRECT] 
2026-05-26 14:58:00,204 [ERROR] LogOutputStream:75 - [STDERR_REDIRECT] [Fatal Error] :1:1: Premature end of file.
2026-05-26 14:58:00,205 [ERROR] LogOutputStream:75 - [STDERR_REDIRECT] 
2026-05-26 14:58:01,188 [ERROR] LogOutputStream:75 - [STDERR_REDIRECT] [Fatal Error] :1:1: Premature end of file.
2026-05-26 14:58:01,188 [ERROR] LogOutputStream:75 - [STDERR_REDIRECT] 
2026-05-26 14:58:02,186 [ERROR] LogOutputStream:75 - [STDERR_REDIRECT] [Fatal Error] :1:1: Premature end of file.
2026-05-26 14:58:02,186 [ERROR] LogOutputStream:75 - [STDERR_REDIRECT] 
2026-05-26 14:58:03,200 [ERROR] LogOutputStream:75 - [STDERR_REDIRECT] [Fatal Error] :1:1: Premature end of file.
2026-05-26 14:58:03,200 [ERROR] LogOutputStream:75 - [STDERR_REDIRECT] 
2026-05-26 14:58:04,188 [ERROR] LogOutputStream:75 - [STDERR_REDIRECT] [Fatal Error] :1:1: Premature end of file.
2026-05-26 14:58:04,188 [ERROR] LogOutputStream:75 - [STDERR_REDIRECT] 
2026-05-26 14:58:05,197 [ERROR] LogOutputStream:75 - [STDERR_REDIRECT] [Fatal Error] :1:1: Premature end of file.
2026-05-26 14:58:05,198 [ERROR] LogOutputStream:75 - [STDERR_REDIRECT] 
2026-05-26 14:58:06,201 [ERROR] LogOutputStream:75 - [STDERR_REDIRECT] [Fatal Error] :1:1: Premature end of file.
2026-05-26 14:58:06,202 [ERROR] LogOutputStream:75 - [STDERR_REDIRECT] 
2026-05-26 14:58:07,185 [ERROR] LogOutputStream:75 - [STDERR_REDIRECT] [Fatal Error] :1:1: Premature end of file.
2026-05-26 14:58:07,185 [ERROR] LogOutputStream:75 - [STDERR_REDIRECT] 
2026-05-26 14:58:08,192 [ERROR] LogOutputStream:75 - [STDERR_REDIRECT] [Fatal Error] :1:1: Premature end of file.
2026-05-26 14:58:08,194 [ERROR] LogOutputStream:75 - [STDERR_REDIRECT] 
2026-05-26 14:58:09,214 [ERROR] LogOutputStream:75 - [STDERR_REDIRECT] [Fatal Error] :1:1: Premature end of file.
2026-05-26 14:58:09,215 [ERROR] LogOutputStream:75 - [STDERR_REDIRECT] 
2026-05-26 14:58:10,193 [ERROR] LogOutputStream:75 - [STDERR_REDIRECT] [Fatal Error] :1:1: Premature end of file.
2026-05-26 14:58:10,193 [ERROR] LogOutputStream:75 - [STDERR_REDIRECT] 
2026-05-26 14:58:11,192 [ERROR] LogOutputStream:75 - [STDERR_REDIRECT] [Fatal Error] :1:1: Premature end of file.
2026-05-26 14:58:11,193 [ERROR] LogOutputStream:75 - [STDERR_REDIRECT] 
2026-05-26 14:58:12,190 [ERROR] LogOutputStream:75 - [STDERR_REDIRECT] [Fatal Error] :1:1: Premature end of file.
2026-05-26 14:58:12,190 [ERROR] LogOutputStream:75 - [STDERR_REDIRECT] 
2026-05-26 14:58:13,191 [ERROR] LogOutputStream:75 - [STDERR_REDIRECT] [Fatal Error] :1:1: Premature end of file.
2026-05-26 14:58:13,191 [ERROR] LogOutputStream:75 - [STDERR_REDIRECT] 
2026-05-26 14:58:14,196 [ERROR] LogOutputStream:75 - [STDERR_REDIRECT] [Fatal Error] :1:1: Premature end of file.
2026-05-26 14:58:14,197 [ERROR] LogOutputStream:75 - [STDERR_REDIRECT] 
2026-05-26 14:58:15,185 [ERROR] LogOutputStream:75 - [STDERR_REDIRECT] [Fatal Error] :1:1: Premature end of file.
2026-05-26 14:58:15,185 [ERROR] LogOutputStream:75 - [STDERR_REDIRECT] 
2026-05-26 14:58:16,184 [ERROR] LogOutputStream:75 - [STDERR_REDIRECT] [Fatal Error] :1:1: Premature end of file.
2026-05-26 14:58:16,184 [ERROR] LogOutputStream:75 - [STDERR_REDIRECT] 
2026-05-26 14:58:17,184 [ERROR] LogOutputStream:75 - [STDERR_REDIRECT] [Fatal Error] :1:1: Premature end of file.
2026-05-26 14:58:17,184 [ERROR] LogOutputStream:75 - [STDERR_REDIRECT] 
2026-05-26 14:58:18,185 [ERROR] LogOutputStream:75 - [STDERR_REDIRECT] [Fatal Error] :1:1: Premature end of file.
2026-05-26 14:58:18,185 [ERROR] LogOutputStream:75 - [STDERR_REDIRECT] 
2026-05-26 14:58:19,197 [ERROR] LogOutputStream:75 - [STDERR_REDIRECT] [Fatal Error] :1:1: Premature end of file.
2026-05-26 14:58:19,197 [ERROR] LogOutputStream:75 - [STDERR_REDIRECT] 
2026-05-26 14:58:20,187 [ERROR] LogOutputStream:75 - [STDERR_REDIRECT] [Fatal Error] :1:1: Premature end of file.
2026-05-26 14:58:20,187 [ERROR] LogOutputStream:75 - [STDERR_REDIRECT] 
2026-05-26 14:58:21,193 [ERROR] LogOutputStream:75 - [STDERR_REDIRECT] [Fatal Error] :1:1: Premature end of file.
2026-05-26 14:58:21,193 [ERROR] LogOutputStream:75 - [STDERR_REDIRECT] 
2026-05-26 14:58:22,195 [ERROR] LogOutputStream:75 - [STDERR_REDIRECT] [Fatal Error] :1:1: Premature end of file.
2026-05-26 14:58:22,195 [ERROR] LogOutputStream:75 - [STDERR_REDIRECT] 
2026-05-26 14:58:23,209 [ERROR] LogOutputStream:75 - [STDERR_REDIRECT] [Fatal Error] :1:1: Premature end of file.
2026-05-26 14:58:23,209 [ERROR] LogOutputStream:75 - [STDERR_REDIRECT] 
2026-05-26 14:58:24,200 [ERROR] LogOutputStream:75 - [STDERR_REDIRECT] [Fatal Error] :1:1: Premature end of file.
2026-05-26 14:58:24,201 [ERROR] LogOutputStream:75 - [STDERR_REDIRECT] 
2026-05-26 14:58:25,193 [ERROR] LogOutputStream:75 - [STDERR_REDIRECT] [Fatal Error] :1:1: Premature end of file.
2026-05-26 14:58:25,194 [ERROR] LogOutputStream:75 - [STDERR_REDIRECT] 
2026-05-26 14:58:26,187 [ERROR] LogOutputStream:75 - [STDERR_REDIRECT] [Fatal Error] :1:1: Premature end of file.
2026-05-26 14:58:26,187 [ERROR] LogOutputStream:75 - [STDERR_REDIRECT] 
2026-05-26 14:58:27,198 [ERROR] LogOutputStream:75 - [STDERR_REDIRECT] [Fatal Error] :1:1: Premature end of file.
2026-05-26 14:58:27,198 [ERROR] LogOutputStream:75 - [STDERR_REDIRECT] 
2026-05-26 14:58:28,199 [ERROR] LogOutputStream:75 - [STDERR_REDIRECT] [Fatal Error] :1:1: Premature end of file.
2026-05-26 14:58:28,200 [ERROR] LogOutputStream:75 - [STDERR_REDIRECT] 
2026-05-26 14:58:29,199 [ERROR] LogOutputStream:75 - [STDERR_REDIRECT] [Fatal Error] :1:1: Premature end of file.
2026-05-26 14:58:29,199 [ERROR] LogOutputStream:75 - [STDERR_REDIRECT] 
2026-05-26 14:58:30,195 [ERROR] LogOutputStream:75 - [STDERR_REDIRECT] [Fatal Error] :1:1: Premature end of file.
2026-05-26 14:58:30,195 [ERROR] LogOutputStream:75 - [STDERR_REDIRECT] 
2026-05-26 14:58:31,200 [ERROR] LogOutputStream:75 - [STDERR_REDIRECT] [Fatal Error] :1:1: Premature end of file.
2026-05-26 14:58:31,200 [ERROR] LogOutputStream:75 - [STDERR_REDIRECT] 
2026-05-26 14:58:32,203 [ERROR] LogOutputStream:75 - [STDERR_REDIRECT] [Fatal Error] :1:1: Premature end of file.
2026-05-26 14:58:32,204 [ERROR] LogOutputStream:75 - [STDERR_REDIRECT] 
2026-05-26 14:58:33,193 [ERROR] LogOutputStream:75 - [STDERR_REDIRECT] [Fatal Error] :1:1: Premature end of file.
2026-05-26 14:58:33,193 [ERROR] LogOutputStream:75 - [STDERR_REDIRECT] 
2026-05-26 14:58:34,194 [ERROR] LogOutputStream:75 - [STDERR_REDIRECT] [Fatal Error] :1:1: Premature end of file.
2026-05-26 14:58:34,194 [ERROR] LogOutputStream:75 - [STDERR_REDIRECT] 
2026-05-26 14:58:35,195 [ERROR] LogOutputStream:75 - [STDERR_REDIRECT] [Fatal Error] :1:1: Premature end of file.
2026-05-26 14:58:35,195 [ERROR] LogOutputStream:75 - [STDERR_REDIRECT] 
2026-05-26 14:58:36,193 [ERROR] LogOutputStream:75 - [STDERR_REDIRECT] [Fatal Error] :1:1: Premature end of file.
2026-05-26 14:58:36,193 [ERROR] LogOutputStream:75 - [STDERR_REDIRECT] 
2026-05-26 14:58:37,195 [ERROR] LogOutputStream:75 - [STDERR_REDIRECT] [Fatal Error] :1:1: Premature end of file.
2026-05-26 14:58:37,195 [ERROR] LogOutputStream:75 - [STDERR_REDIRECT] 
2026-05-26 14:58:38,191 [ERROR] LogOutputStream:75 - [STDERR_REDIRECT] [Fatal Error] :1:1: Premature end of file.
2026-05-26 14:58:38,191 [ERROR] LogOutputStream:75 - [STDERR_REDIRECT] 
2026-05-26 14:58:39,196 [ERROR] LogOutputStream:75 - [STDERR_REDIRECT] [Fatal Error] :1:1: Premature end of file.
2026-05-26 14:58:39,196 [ERROR] LogOutputStream:75 - [STDERR_REDIRECT] 
2026-05-26 14:58:40,197 [ERROR] LogOutputStream:75 - [STDERR_REDIRECT] [Fatal Error] :1:1: Premature end of file.
2026-05-26 14:58:40,197 [ERROR] LogOutputStream:75 - [STDERR_REDIRECT] 
2026-05-26 14:58:41,198 [ERROR] LogOutputStream:75 - [STDERR_REDIRECT] [Fatal Error] :1:1: Premature end of file.
2026-05-26 14:58:41,199 [ERROR] LogOutputStream:75 - [STDERR_REDIRECT] 
2026-05-26 14:58:42,185 [ERROR] LogOutputStream:75 - [STDERR_REDIRECT] [Fatal Error] :1:1: Premature end of file.
2026-05-26 14:58:42,185 [ERROR] LogOutputStream:75 - [STDERR_REDIRECT] 
2026-05-26 14:58:43,175 [ERROR] LogOutputStream:75 - [STDERR_REDIRECT] [Fatal Error] :1:1: Premature end of file.
2026-05-26 14:58:43,176 [ERROR] LogOutputStream:75 - [STDERR_REDIRECT] 
2026-05-26 14:58:44,198 [ERROR] LogOutputStream:75 - [STDERR_REDIRECT] [Fatal Error] :1:1: Premature end of file.
2026-05-26 14:58:44,198 [ERROR] LogOutputStream:75 - [STDERR_REDIRECT] 
2026-05-26 14:58:45,189 [ERROR] LogOutputStream:75 - [STDERR_REDIRECT] [Fatal Error] :1:1: Premature end of file.
2026-05-26 14:58:45,189 [ERROR] LogOutputStream:75 - [STDERR_REDIRECT] 
2026-05-26 14:58:46,182 [ERROR] LogOutputStream:75 - [STDERR_REDIRECT] [Fatal Error] :1:1: Premature end of file.
2026-05-26 14:58:46,183 [ERROR] LogOutputStream:75 - [STDERR_REDIRECT] 
2026-05-26 14:58:47,176 [ERROR] LogOutputStream:75 - [STDERR_REDIRECT] [Fatal Error] :1:1: Premature end of file.
2026-05-26 14:58:47,177 [ERROR] LogOutputStream:75 - [STDERR_REDIRECT] 
2026-05-26 14:58:48,197 [ERROR] LogOutputStream:75 - [STDERR_REDIRECT] [Fatal Error] :1:1: Premature end of file.
2026-05-26 14:58:48,198 [ERROR] LogOutputStream:75 - [STDERR_REDIRECT] 
2026-05-26 14:58:49,184 [ERROR] LogOutputStream:75 - [STDERR_REDIRECT] [Fatal Error] :1:1: Premature end of file.
2026-05-26 14:58:49,184 [ERROR] LogOutputStream:75 - [STDERR_REDIRECT] 
2026-05-26 14:58:50,194 [ERROR] LogOutputStream:75 - [STDERR_REDIRECT] [Fatal Error] :1:1: Premature end of file.
2026-05-26 14:58:50,194 [ERROR] LogOutputStream:75 - [STDERR_REDIRECT] 
2026-05-26 14:58:51,192 [ERROR] LogOutputStream:75 - [STDERR_REDIRECT] [Fatal Error] :1:1: Premature end of file.
2026-05-26 14:58:51,193 [ERROR] LogOutputStream:75 - [STDERR_REDIRECT] 
2026-05-26 14:58:52,205 [ERROR] LogOutputStream:75 - [STDERR_REDIRECT] [Fatal Error] :1:1: Premature end of file.
2026-05-26 14:58:52,207 [ERROR] LogOutputStream:75 - [STDERR_REDIRECT] 
2026-05-26 14:58:53,205 [ERROR] LogOutputStream:75 - [STDERR_REDIRECT] [Fatal Error] :1:1: Premature end of file.
2026-05-26 14:58:53,205 [ERROR] LogOutputStream:75 - [STDERR_REDIRECT] 
2026-05-26 14:58:54,199 [ERROR] LogOutputStream:75 - [STDERR_REDIRECT] [Fatal Error] :1:1: Premature end of file.
2026-05-26 14:58:54,200 [ERROR] LogOutputStream:75 - [STDERR_REDIRECT] 
2026-05-26 14:58:55,212 [ERROR] LogOutputStream:75 - [STDERR_REDIRECT] [Fatal Error] :1:1: Premature end of file.
2026-05-26 14:58:55,212 [ERROR] LogOutputStream:75 - [STDERR_REDIRECT] 
2026-05-26 14:58:55,588 [ERROR] LogOutputStream:75 - [STDERR_REDIRECT] Exception in thread "SWV client thread" java.lang.NullPointerException: Cannot invoke "com.st.stm32cube.ide.mcu.debug.swv.core.SWVPlugin.isDebugging()" because "com.st.stm32cube.ide.mcu.debug.swv.core.SWVPlugin.plugin" is null
2026-05-26 14:58:55,590 [ERROR] LogOutputStream:75 - [STDERR_REDIRECT] 	at com.st.stm32cube.ide.mcu.debug.swv.core.SWVPlugin.debugTrace(SWVPlugin.java:85)
2026-05-26 14:58:55,592 [ERROR] LogOutputStream:75 - [STDERR_REDIRECT] 	at com.st.stm32cube.ide.mcu.debug.swv.core.SWVClient.TRACE(SWVClient.java:768)
2026-05-26 14:58:55,595 [ERROR] LogOutputStream:75 - [STDERR_REDIRECT] 	at com.st.stm32cube.ide.mcu.debug.swv.core.SWVClient.createProtocolPacket(SWVClient.java:472)
2026-05-26 14:58:55,596 [ERROR] LogOutputStream:75 - [STDERR_REDIRECT] 	at com.st.stm32cube.ide.mcu.debug.swv.core.SWVClient.run(SWVClient.java:370)
2026-05-26 14:58:56,267 [ERROR] LogOutputStream:75 - [STDERR_REDIRECT] 
2026-05-26 14:58:56,267 [ERROR] LogOutputStream:75 - [STDERR_REDIRECT] 
